Component: ARM Compiler 5.06 update 6 (build 750) Tool: armlink [4d35ed]

==============================================================================

Section Cross References

    startup_stm32f103xb.o(STACK) refers (Special) to heapauxi.o(.text) for __use_two_region_memory
    startup_stm32f103xb.o(HEAP) refers (Special) to heapauxi.o(.text) for __use_two_region_memory
    startup_stm32f103xb.o(RESET) refers (Special) to heapauxi.o(.text) for __use_two_region_memory
    startup_stm32f103xb.o(RESET) refers to startup_stm32f103xb.o(STACK) for __initial_sp
    startup_stm32f103xb.o(RESET) refers to startup_stm32f103xb.o(.text) for Reset_Handler
    startup_stm32f103xb.o(RESET) refers to stm32f1xx_it.o(i.NMI_Handler) for NMI_Handler
    startup_stm32f103xb.o(RESET) refers to stm32f1xx_it.o(i.HardFault_Handler) for HardFault_Handler
    startup_stm32f103xb.o(RESET) refers to stm32f1xx_it.o(i.MemManage_Handler) for MemManage_Handler
    startup_stm32f103xb.o(RESET) refers to stm32f1xx_it.o(i.BusFault_Handler) for BusFault_Handler
    startup_stm32f103xb.o(RESET) refers to stm32f1xx_it.o(i.UsageFault_Handler) for UsageFault_Handler
    startup_stm32f103xb.o(RESET) refers to stm32f1xx_it.o(i.SVC_Handler) for SVC_Handler
    startup_stm32f103xb.o(RESET) refers to stm32f1xx_it.o(i.DebugMon_Handler) for DebugMon_Handler
    startup_stm32f103xb.o(RESET) refers to stm32f1xx_it.o(i.PendSV_Handler) for PendSV_Handler
    startup_stm32f103xb.o(RESET) refers to stm32f1xx_it.o(i.SysTick_Handler) for SysTick_Handler
    startup_stm32f103xb.o(RESET) refers to stm32f1xx_it.o(i.USART1_IRQHandler) for USART1_IRQHandler
    startup_stm32f103xb.o(.text) refers (Special) to heapauxi.o(.text) for __use_two_region_memory
    startup_stm32f103xb.o(.text) refers to system_stm32f1xx.o(i.SystemInit) for SystemInit
    startup_stm32f103xb.o(.text) refers to __main.o(!!!main) for __main
    startup_stm32f103xb.o(.text) refers to startup_stm32f103xb.o(HEAP) for Heap_Mem
    startup_stm32f103xb.o(.text) refers to startup_stm32f103xb.o(STACK) for Stack_Mem
    ina219.o(i.INA219_GetAVGMiliWatt) refers to ina219.o(i.INA219_ReadPower) for INA219_ReadPower
    ina219.o(i.INA219_GetAVGMiliWatt) refers to faddsub_clz.o(x$fpl$fadd) for __aeabi_fadd
    ina219.o(i.INA219_GetAVGMiliWatt) refers to fflt_clz.o(x$fpl$ffltu) for __aeabi_ui2f
    ina219.o(i.INA219_GetAVGMiliWatt) refers to fdiv.o(x$fpl$fdiv) for __aeabi_fdiv
    ina219.o(i.INA219_GetBatteryLife) refers to ina219.o(i.INA219_ReadBusVoltage) for INA219_ReadBusVoltage
    ina219.o(i.INA219_GetBatteryLife) refers to faddsub_clz.o(x$fpl$fsub) for __aeabi_fsub
    ina219.o(i.INA219_GetBatteryLife) refers to fflt_clz.o(x$fpl$ffltu) for __aeabi_ui2f
    ina219.o(i.INA219_GetBatteryLife) refers to fdiv.o(x$fpl$fdiv) for __aeabi_fdiv
    ina219.o(i.INA219_GetBatteryLife) refers to fmul.o(x$fpl$fmul) for __aeabi_fmul
    ina219.o(i.INA219_GetDeltaTime_ms) refers to stm32f1xx_hal.o(i.HAL_GetTick) for HAL_GetTick
    ina219.o(i.INA219_GetMiliWattsDeltaTime) refers to ina219.o(i.INA219_ReadPower) for INA219_ReadPower
    ina219.o(i.INA219_GetMiliWattsDeltaTime) refers to ina219.o(i.INA219_GetDeltaTime_ms) for INA219_GetDeltaTime_ms
    ina219.o(i.INA219_GetMiliWattsDeltaTime) refers to fflt_clz.o(x$fpl$fflt) for __aeabi_i2f
    ina219.o(i.INA219_GetMiliWattsDeltaTime) refers to fmul.o(x$fpl$fmul) for __aeabi_fmul
    ina219.o(i.INA219_GetMiliWattsDeltaTime) refers to fdiv.o(x$fpl$fdiv) for __aeabi_fdiv
    ina219.o(i.INA219_GetTotalPowerUsed) refers to ina219.o(i.INA219_GetMiliWattsDeltaTime) for INA219_GetMiliWattsDeltaTime
    ina219.o(i.INA219_GetTotalPowerUsed) refers to faddsub_clz.o(x$fpl$fadd) for __aeabi_fadd
    ina219.o(i.INA219_HealthCheck) refers to frleqf.o(x$fpl$frleqf) for __aeabi_cfrcmple
    ina219.o(i.INA219_Init) refers to stm32f1xx_hal_i2c.o(i.HAL_I2C_IsDeviceReady) for HAL_I2C_IsDeviceReady
    ina219.o(i.INA219_Init) refers to ina219.o(i.INA219_HealthCheck) for INA219_HealthCheck
    ina219.o(i.INA219_Init) refers to ina219.o(i.INA219_Reset) for INA219_Reset
    ina219.o(i.INA219_Init) refers to ina219.o(i.INA219_setCalibration_32V_2A) for INA219_setCalibration_32V_2A
    ina219.o(i.INA219_ReadBusVoltage) refers to ina219.o(i.Read16) for Read16
    ina219.o(i.INA219_ReadCurrent) refers to ina219.o(i.INA219_ReadCurrent_raw) for INA219_ReadCurrent_raw
    ina219.o(i.INA219_ReadCurrent) refers to fdiv.o(x$fpl$fdiv) for __aeabi_fdiv
    ina219.o(i.INA219_ReadCurrent_raw) refers to ina219.o(i.Read16) for Read16
    ina219.o(i.INA219_ReadCurrent_raw) refers to fflt_clz.o(x$fpl$fflt) for __aeabi_i2f
    ina219.o(i.INA219_ReadPower) refers to ina219.o(i.Read16) for Read16
    ina219.o(i.INA219_ReadPower) refers to fflt_clz.o(x$fpl$ffltu) for __aeabi_ui2f
    ina219.o(i.INA219_ReadPower) refers to fmul.o(x$fpl$fmul) for __aeabi_fmul
    ina219.o(i.INA219_ReadShuntVoltage) refers to ina219.o(i.Read16) for Read16
[...]
    i.TIM_TI1_ConfigInputStage               0x080046f4   Section        0  stm32f1xx_hal_tim.o(i.TIM_TI1_ConfigInputStage)
    TIM_TI1_ConfigInputStage                 0x080046f5   Thumb Code    34  stm32f1xx_hal_tim.o(i.TIM_TI1_ConfigInputStage)
    i.TIM_TI2_ConfigInputStage               0x08004716   Section        0  stm32f1xx_hal_tim.o(i.TIM_TI2_ConfigInputStage)
    TIM_TI2_ConfigInputStage                 0x08004717   Thumb Code    36  stm32f1xx_hal_tim.o(i.TIM_TI2_ConfigInputStage)
    i.UART_DMAAbortOnError                   0x0800473a   Section        0  stm32f1xx_hal_uart.o(i.UART_DMAAbortOnError)
    UART_DMAAbortOnError                     0x0800473b   Thumb Code    16  stm32f1xx_hal_uart.o(i.UART_DMAAbortOnError)
    i.UART_EndRxTransfer                     0x0800474a   Section        0  stm32f1xx_hal_uart.o(i.UART_EndRxTransfer)
    UART_EndRxTransfer                       0x0800474b   Thumb Code    78  stm32f1xx_hal_uart.o(i.UART_EndRxTransfer)
    i.UART_Handler_GetLine                   0x08004798   Section        0  uart_dn.o(i.UART_Handler_GetLine)
    i.UART_Handler_Init                      0x08004804   Section        0  uart_dn.o(i.UART_Handler_Init)
    i.UART_Handler_TransmitString            0x08004830   Section        0  uart_dn.o(i.UART_Handler_TransmitString)
    i.UART_Receive_IT                        0x08004850   Section        0  stm32f1xx_hal_uart.o(i.UART_Receive_IT)
    UART_Receive_IT                          0x08004851   Thumb Code   194  stm32f1xx_hal_uart.o(i.UART_Receive_IT)
    i.UART_SetConfig                         0x08004914   Section        0  stm32f1xx_hal_uart.o(i.UART_SetConfig)
    UART_SetConfig                           0x08004915   Thumb Code   178  stm32f1xx_hal_uart.o(i.UART_SetConfig)
    i.UART_Start_Receive_IT                  0x080049cc   Section        0  stm32f1xx_hal_uart.o(i.UART_Start_Receive_IT)
    i.UART_WaitOnFlagUntilTimeout            0x08004a02   Section        0  stm32f1xx_hal_uart.o(i.UART_WaitOnFlagUntilTimeout)
    UART_WaitOnFlagUntilTimeout              0x08004a03   Thumb Code   114  stm32f1xx_hal_uart.o(i.UART_WaitOnFlagUntilTimeout)
    i.USART1_IRQHandler                      0x08004a74   Section        0  stm32f1xx_it.o(i.USART1_IRQHandler)
    i.UsageFault_Handler                     0x08004a80   Section        0  stm32f1xx_it.o(i.UsageFault_Handler)
    i.Write16                                0x08004a82   Section        0  ina219.o(i.Write16)
    i.__ARM_fpclassify                       0x08004aae   Section        0  fpclassify.o(i.__ARM_fpclassify)
    i.__NVIC_SetPriority                     0x08004ad6   Section        0  stm32f1xx_hal_cortex.o(i.__NVIC_SetPriority)
    __NVIC_SetPriority                       0x08004ad7   Thumb Code    32  stm32f1xx_hal_cortex.o(i.__NVIC_SetPriority)
    i.__mathlib_flt_divzero                  0x08004af6   Section        0  funder.o(i.__mathlib_flt_divzero)
    i.__mathlib_flt_infnan                   0x08004b00   Section        0  funder.o(i.__mathlib_flt_infnan)
    i.__mathlib_flt_invalid                  0x08004b06   Section        0  funder.o(i.__mathlib_flt_invalid)
    i._is_digit                              0x08004b0e   Section        0  __printf_wp.o(i._is_digit)
    i.get_channel_state_string               0x08004b1c   Section        0  main.o(i.get_channel_state_string)
    i.logf                                   0x08004b5c   Section        0  logf.o(i.logf)
    i.main                                   0x08004cec   Section        0  main.o(i.main)
    i.report_status_task                     0x08005088   Section        0  main.o(i.report_status_task)
    locale$$code                             0x0800517c   Section       44  lc_numeric_c.o(locale$$code)
    locale$$code                             0x080051a8   Section       44  lc_ctype_c.o(locale$$code)
    x$fpl$dretinf                            0x080051d4   Section       12  dretinf.o(x$fpl$dretinf)
    x$fpl$f2d                                0x080051e0   Section       86  f2d.o(x$fpl$f2d)
    x$fpl$fadd                               0x08005238   Section      196  faddsub_clz.o(x$fpl$fadd)
    _fadd1                                   0x08005247   Thumb Code     0  faddsub_clz.o(x$fpl$fadd)
    x$fpl$fcheck1                            0x080052fc   Section       12  fcheck1.o(x$fpl$fcheck1)
    x$fpl$fcmpinf                            0x08005308   Section       24  fcmpi.o(x$fpl$fcmpinf)
    x$fpl$fdiv                               0x08005320   Section      388  fdiv.o(x$fpl$fdiv)
    _fdiv1                                   0x08005321   Thumb Code     0  fdiv.o(x$fpl$fdiv)
    x$fpl$ffixu                              0x080054a4   Section       62  ffixu.o(x$fpl$ffixu)
    x$fpl$fflt                               0x080054e4   Section       48  fflt_clz.o(x$fpl$fflt)
    x$fpl$ffltu                              0x08005514   Section       38  fflt_clz.o(x$fpl$ffltu)
    x$fpl$fleqf                              0x0800553c   Section      104  fleqf.o(x$fpl$fleqf)
    x$fpl$fmul                               0x080055a4   Section      258  fmul.o(x$fpl$fmul)
    x$fpl$fnaninf                            0x080056a6   Section      140  fnaninf.o(x$fpl$fnaninf)
    x$fpl$fretinf                            0x08005732   Section       10  fretinf.o(x$fpl$fretinf)
    x$fpl$frleqf                             0x0800573c   Section       98  frleqf.o(x$fpl$frleqf)
    x$fpl$fsub                               0x080057a0   Section      234  faddsub_clz.o(x$fpl$fsub)
    _fsub1                                   0x080057af   Thumb Code     0  faddsub_clz.o(x$fpl$fsub)
    x$fpl$printf1                            0x0800588a   Section        4  printf1.o(x$fpl$printf1)
    x$fpl$retnan                             0x0800588e   Section      100  retnan.o(x$fpl$retnan)
    x$fpl$scalbnf                            0x080058f2   Section       76  scalbnf.o(x$fpl$scalbnf)
    x$fpl$trapveneer                         0x0800593e   Section       48  trapv.o(x$fpl$trapveneer)
    x$fpl$usenofp                            0x0800596e   Section        0  usenofp.o(x$fpl$usenofp)
    .constdata                               0x08005970   Section       16  servo_control.o(.constdata)
    servo_channels                           0x08005970   Data          16  servo_control.o(.constdata)
    .constdata                               0x08005980   Section        4  ina219_manager.o(.constdata)
    sensor_addresses                         0x08005980   Data           4  ina219_manager.o(.constdata)
    .constdata                               0x08005984   Section       16  main.o(.constdata)
    .constdata                               0x08005994   Section       18  stm32f1xx_hal_rcc.o(.constdata)
    aPredivFactorTable                       0x08005994   Data           2  stm32f1xx_hal_rcc.o(.constdata)
    aPLLMULFactorTable                       0x08005996   Data          16  stm32f1xx_hal_rcc.o(.constdata)
    .constdata                               0x080059a6   Section       18  stm32f1xx_hal_rcc_ex.o(.constdata)
    aPredivFactorTable                       0x080059a6   Data           2  stm32f1xx_hal_rcc_ex.o(.constdata)
    aPLLMULFactorTable                       0x080059a8   Data          16  stm32f1xx_hal_rcc_ex.o(.constdata)
    .constdata                               0x080059b8   Section       16  system_stm32f1xx.o(.constdata)
    .constdata                               0x080059c8   Section        8  system_stm32f1xx.o(.constdata)
    .constdata                               0x080059d0   Section       64  logf.o(.constdata)
    logahi                                   0x080059d0   Data          32  logf.o(.constdata)
    logalo                                   0x080059f0   Data          32  logf.o(.constdata)
    .constdata                               0x08005a10   Section      148  bigflt0.o(.constdata)
    tenpwrs_x                                0x08005a10   Data          60  bigflt0.o(.constdata)
    tenpwrs_i                                0x08005a4c   Data          64  bigflt0.o(.constdata)
    locale$$data                             0x08005ac4   Section       28  lc_numeric_c.o(locale$$data)
    __lcnum_c_name                           0x08005ac8   Data           2  lc_numeric_c.o(locale$$data)
    __lcnum_c_start                          0x08005ad0   Data           0  lc_numeric_c.o(locale$$data)
    __lcnum_c_point                          0x08005adc   Data           0  lc_numeric_c.o(locale$$data)
    __lcnum_c_thousands                      0x08005ade   Data           0  lc_numeric_c.o(locale$$data)
    __lcnum_c_grouping                       0x08005adf   Data           0  lc_numeric_c.o(locale$$data)
    locale$$data                             0x08005ae0   Section      272  lc_ctype_c.o(locale$$data)
    __lcnum_c_end                            0x08005ae0   Data           0  lc_numeric_c.o(locale$$data)
    __lcctype_c_name                         0x08005ae4   Data           2  lc_ctype_c.o(locale$$data)
    __lcctype_c_start                        0x08005aec   Data           0  lc_ctype_c.o(locale$$data)
    __lcctype_c_end                          0x08005bf0   Data           0  lc_ctype_c.o(locale$$data)
    .data                                    0x20000000   Section        4  servo_control.o(.data)
    servo_timer_handle                       0x20000000   Data           4  servo_control.o(.data)
    .data                                    0x20000004   Section        8  uart_dn.o(.data)
    uart_rx_byte                             0x20000004   Data           1  uart_dn.o(.data)
    uart_handle                              0x20000008   Data           4  uart_dn.o(.data)
    .data                                    0x2000000c   Section       24  main.o(.data)
    percent                                  0x20000018   Data           4  main.o(.data)
    .data                                    0x20000024   Section       12  stm32f1xx_hal.o(.data)
    .data                                    0x20000030   Section        4  system_stm32f1xx.o(.data)
    .data                                    0x20000034   Section        4  strtok.o(.data)
    _strtok_saves1                           0x20000034   Data           4  strtok.o(.data)
    .bss                                     0x20000038   Section      320  ina219_manager.o(.bss)
    ina_sensors                              0x20000038   Data         320  ina219_manager.o(.bss)
    .bss                                     0x20000178   Section      272  uart_dn.o(.bss)
    rx_ringbuf                               0x20000178   Data          16  uart_dn.o(.bss)
    rx_buffer                                0x20000188   Data         256  uart_dn.o(.bss)
    .bss                                     0x20000288   Section      404  main.o(.bss)
    .bss                                     0x2000041c   Section       96  libspace.o(.bss)
    HEAP                                     0x20000480   Section      512  startup_stm32f103xb.o(HEAP)
    Heap_Mem                                 0x20000480   Data         512  startup_stm32f103xb.o(HEAP)
    STACK                                    0x20000680   Section     1024  startup_stm32f103xb.o(STACK)
    Stack_Mem                                0x20000680   Data        1024  startup_stm32f103xb.o(STACK)
    __initial_sp                             0x20000a80   Data           0  startup_stm32f103xb.o(STACK)

    Global Symbols

    Symbol Name                              Value     Ov Type        Size  Object(Section)

    BuildAttributes$$THM_ISAv4$P$D$K$B$S$PE$A:L22UL41UL21$X:L11$S22US41US21$IEEE1$IW$USESV6$~STKCKD$USESV7$~SHL$OTIME$ROPI$IEEEX$EBA8$UX$STANDARDLIB$REQ8$PRES8$EABIv2 0x00000000   Number         0  anon$$obj.o ABSOLUTE
    __ARM_use_no_argv                        0x00000000   Number         0  main.o ABSOLUTE
    _printf_flags                            0x00000000   Number         0  printf_stubs.o ABSOLUTE
    _printf_return_value                     0x00000000   Number         0  printf_stubs.o ABSOLUTE
    _printf_sizespec                         0x00000000   Number         0  printf_stubs.o ABSOLUTE
    _printf_widthprec                        0x00000000   Number         0  printf_stubs.o ABSOLUTE
    __ARM_exceptions_init                     - Undefined Weak Reference
    __alloca_initialize                       - Undefined Weak Reference
    __arm_preinit_                            - Undefined Weak Reference
    __cpp_initialize__aeabi_                  - Undefined Weak Reference
    __cxa_finalize                            - Undefined Weak Reference
    __sigvec_lookup                           - Undefined Weak Reference
    _atexit_init                              - Undefined Weak Reference
    _call_atexit_fns                          - Undefined Weak Reference
    _clock_init                               - Undefined Weak Reference
    _fp_trap_init                             - Undefined Weak Reference
    _fp_trap_shutdown                         - Undefined Weak Reference
    _get_lc_collate                           - Undefined Weak Reference
    _get_lc_monetary                          - Undefined Weak Reference
    _get_lc_time                              - Undefined Weak Reference
    _getenv_init                              - Undefined Weak Reference
    _handle_redirection                       - Undefined Weak Reference
    _init_alloc                               - Undefined Weak Reference
    _init_user_alloc                          - Undefined Weak Reference
    _initio                                   - Undefined Weak Reference
    _printf_mbtowc                            - Undefined Weak Reference
    _printf_post_padding                      - Undefined Weak Reference
    _printf_pre_padding                       - Undefined Weak Reference
    _printf_truncate_signed                   - Undefined Weak Reference
    _printf_truncate_unsigned                 - Undefined Weak Reference
    _rand_init                                - Undefined Weak Reference
    _signal_finish                            - Undefined Weak Reference
    _signal_init                              - Undefined Weak Reference
    _terminate_alloc                          - Undefined Weak Reference
    _terminate_user_alloc                     - Undefined Weak Reference
    _terminateio                              - Undefined Weak Reference
    __Vectors_Size                           0x000000ec   Number         0  startup_stm32f103xb.o ABSOLUTE
    __Vectors                                0x08000000   Data           4  startup_stm32f103xb.o(RESET)
    __Vectors_End                            0x080000ec   Data           0  startup_stm32f103xb.o(RESET)
    __main                                   0x080000ed   Thumb Code     8  __main.o(!!!main)
    __scatterload                            0x080000f5   Thumb Code     0  __scatter.o(!!!scatter)
    __scatterload_rt2                        0x080000f5   Thumb Code    44  __scatter.o(!!!scatter)
    __scatterload_rt2_thumb_only             0x080000f5   Thumb Code     0  __scatter.o(!!!scatter)
    __scatterload_null                       0x08000103   Thumb Code     0  __scatter.o(!!!scatter)
    __scatterload_copy                       0x08000129   Thumb Code    26  __scatter_copy.o(!!handler_copy)
    __scatterload_zeroinit                   0x08000145   Thumb Code    28  __scatter_zi.o(!!handler_zi)
    _printf_f                                0x08000161   Thumb Code     0  _printf_f.o(.ARM.Collect$$_printf_percent$$00000003)
    _printf_percent                          0x08000161   Thumb Code     0  _printf_percent.o(.ARM.Collect$$_printf_percent$$00000000)
    _printf_d                                0x08000167   Thumb Code     0  _printf_d.o(.ARM.Collect$$_printf_percent$$00000009)
    _printf_s                                0x0800016d   Thumb Code     0  _printf_s.o(.ARM.Collect$$_printf_percent$$00000014)
    _printf_percent_end                      0x08000173   Thumb Code     0  _printf_percent_end.o(.ARM.Collect$$_printf_percent$$00000017)
    __rt_lib_init                            0x08000177   Thumb Code     0  libinit.o(.ARM.Collect$$libinit$$00000000)
    __rt_lib_init_fp_1                       0x08000179   Thumb Code     0  libinit2.o(.ARM.Collect$$libinit$$00000002)
    __rt_lib_init_heap_1                     0x08000179   Thumb Code     0  libinit2.o(.ARM.Collect$$libinit$$0000000A)
    __rt_lib_init_lc_common                  0x08000179   Thumb Code     0  libinit2.o(.ARM.Collect$$libinit$$0000000F)
    __rt_lib_init_preinit_1                  0x08000179   Thumb Code     0  libinit2.o(.ARM.Collect$$libinit$$00000004)
    __rt_lib_init_rand_1                     0x08000179   Thumb Code     0  libinit2.o(.ARM.Collect$$libinit$$0000000E)
    __rt_lib_init_user_alloc_1               0x08000179   Thumb Code     0  libinit2.o(.ARM.Collect$$libinit$$0000000C)
    __rt_lib_init_lc_collate_1               0x0800017f   Thumb Code     0  libinit2.o(.ARM.Collect$$libinit$$00000011)
    __rt_lib_init_lc_ctype_2                 0x0800017f   Thumb Code     0  libinit2.o(.ARM.Collect$$libinit$$00000012)
    __rt_lib_init_lc_ctype_1                 0x0800018b   Thumb Code     0  libinit2.o(.ARM.Collect$$libinit$$00000013)
    __rt_lib_init_lc_monetary_1              0x0800018b   Thumb Code     0  libinit2.o(.ARM.Collect$$libinit$$00000015)
    __rt_lib_init_lc_numeric_2               0x0800018b   Thumb Code     0  libinit2.o(.ARM.Collect$$libinit$$00000016)
    __rt_lib_init_alloca_1                   0x08000195   Thumb Code     0  libinit2.o(.ARM.Collect$$libinit$$0000002E)
    __rt_lib_init_argv_1                     0x08000195   Thumb Code     0  libinit2.o(.ARM.Collect$$libinit$$0000002C)
    __rt_lib_init_atexit_1                   0x08000195   Thumb Code     0  libinit2.o(.ARM.Collect$$libinit$$0000001B)
    __rt_lib_init_clock_1                    0x08000195   Thumb Code     0  libinit2.o(.ARM.Collect$$libinit$$00000021)
    __rt_lib_init_cpp_1                      0x08000195   Thumb Code     0  libinit2.o(.ARM.Collect$$libinit$$00000032)
    __rt_lib_init_exceptions_1               0x08000195   Thumb Code     0  libinit2.o(.ARM.Collect$$libinit$$00000030)
    __rt_lib_init_fp_trap_1                  0x08000195   Thumb Code     0  libinit2.o(.ARM.Collect$$libinit$$0000001F)
    __rt_lib_init_getenv_1                   0x08000195   Thumb Code     0  libinit2.o(.ARM.Collect$$libinit$$00000023)
    __rt_lib_init_lc_numeric_1               0x08000195   Thumb Code     0  libinit2.o(.ARM.Collect$$libinit$$00000017)
    __rt_lib_init_lc_time_1                  0x08000195   Thumb Code     0  libinit2.o(.ARM.Collect$$libinit$$00000019)
    __rt_lib_init_return                     0x08000195   Thumb Code     0  libinit2.o(.ARM.Collect$$libinit$$00000033)
    __rt_lib_init_signal_1                   0x08000195   Thumb Code     0  libinit2.o(.ARM.Collect$$libinit$$0000001D)
    __rt_lib_init_stdio_1                    0x08000195   Thumb Code     0  libinit2.o(.ARM.Collect$$libinit$$00000025)
    __rt_lib_shutdown                        0x08000197   Thumb Code     0  libshutdown.o(.ARM.Collect$$libshutdown$$00000000)
    __rt_lib_shutdown_cpp_1                  0x08000199   Thumb Code     0  libshutdown2.o(.ARM.Collect$$libshutdown$$00000002)
    __rt_lib_shutdown_fp_trap_1              0x08000199   Thumb Code     0  libshutdown2.o(.ARM.Collect$$libshutdown$$00000007)
    __rt_lib_shutdown_heap_1                 0x08000199   Thumb Code     0  libshutdown2.o(.ARM.Collect$$libshutdown$$0000000F)
    __rt_lib_shutdown_return                 0x08000199   Thumb Code     0  libshutdown2.o(.ARM.Collect$$libshutdown$$00000010)
    __rt_lib_shutdown_signal_1               0x08000199   Thumb Code     0  libshutdown2.o(.ARM.Collect$$libshutdown$$0000000A)
    __rt_lib_shutdown_stdio_1                0x08000199   Thumb Code     0  libshutdown2.o(.ARM.Collect$$libshutdown$$00000004)
    __rt_lib_shutdown_user_alloc_1           0x08000199   Thumb Code     0  libshutdown2.o(.ARM.Collect$$libshutdown$$0000000C)
    __rt_entry                               0x0800019b   Thumb Code     0  __rtentry.o(.ARM.Collect$$rtentry$$00000000)
    __rt_entry_presh_1                       0x0800019b   Thumb Code     0  __rtentry2.o(.ARM.Collect$$rtentry$$00000002)
    __rt_entry_sh                            0x0800019b   Thumb Code     0  __rtentry4.o(.ARM.Collect$$rtentry$$00000004)
    __rt_entry_li                            0x080001a1   Thumb Code     0  __rtentry2.o(.ARM.Collect$$rtentry$$0000000A)
    __rt_entry_postsh_1                      0x080001a1   Thumb Code     0  __rtentry2.o(.ARM.Collect$$rtentry$$00000009)
    __rt_entry_main                          0x080001a5   Thumb Code     0  __rtentry2.o(.ARM.Collect$$rtentry$$0000000D)
    __rt_entry_postli_1                      0x080001a5   Thumb Code     0  __rtentry2.o(.ARM.Collect$$rtentry$$0000000C)
    __rt_exit                                0x080001ad   Thumb Code     0  rtexit.o(.ARM.Collect$$rtexit$$00000000)
    __rt_exit_ls                             0x080001af   Thumb Code     0  rtexit2.o(.ARM.Collect$$rtexit$$00000003)
    __rt_exit_prels_1                        0x080001af   Thumb Code     0  rtexit2.o(.ARM.Collect$$rtexit$$00000002)
    __rt_exit_exit                           0x080001b3   Thumb Code     0  rtexit2.o(.ARM.Collect$$rtexit$$00000004)
    Reset_Handler                            0x080001b9   Thumb Code     8  startup_stm32f103xb.o(.text)
    ADC1_2_IRQHandler                        0x080001d3   Thumb Code     0  startup_stm32f103xb.o(.text)
    CAN1_RX1_IRQHandler                      0x080001d3   Thumb Code     0  startup_stm32f103xb.o(.text)
    CAN1_SCE_IRQHandler                      0x080001d3   Thumb Code     0  startup_stm32f103xb.o(.text)
    DMA1_Channel1_IRQHandler                 0x080001d3   Thumb Code     0  startup_stm32f103xb.o(.text)
    DMA1_Channel2_IRQHandler                 0x080001d3   Thumb Code     0  startup_stm32f103xb.o(.text)
    DMA1_Channel3_IRQHandler                 0x080001d3   Thumb Code     0  startup_stm32f103xb.o(.text)
    DMA1_Channel4_IRQHandler                 0x080001d3   Thumb Code     0  startup_stm32f103xb.o(.text)
    DMA1_Channel5_IRQHandler                 0x080001d3   Thumb Code     0  startup_stm32f103xb.o(.text)
    DMA1_Channel6_IRQHandler                 0x080001d3   Thumb Code     0  startup_stm32f103xb.o(.text)
    DMA1_Channel7_IRQHandler                 0x080001d3   Thumb Code     0  startup_stm32f103xb.o(.text)
    EXTI0_IRQHandler                         0x080001d3   Thumb Code     0  startup_stm32f103xb.o(.text)
    EXTI15_10_IRQHandler                     0x080001d3   Thumb Code     0  startup_stm32f103xb.o(.text)
    EXTI1_IRQHandler                         0x080001d3   Thumb Code     0  startup_stm32f103xb.o(.text)
    EXTI2_IRQHandler                         0x080001d3   Thumb Code     0  startup_stm32f103xb.o(.text)
    EXTI3_IRQHandler                         0x080001d3   Thumb Code     0  startup_stm32f103xb.o(.text)
    EXTI4_IRQHandler                         0x080001d3   Thumb Code     0  startup_stm32f103xb.o(.text)
    EXTI9_5_IRQHandler                       0x080001d3   Thumb Code     0  startup_stm32f103xb.o(.text)
    FLASH_IRQHandler                         0x080001d3   Thumb Code     0  startup_stm32f103xb.o(.text)
    I2C1_ER_IRQHandler                       0x080001d3   Thumb Code     0  startup_stm32f103xb.o(.text)
    I2C1_EV_IRQHandler                       0x080001d3   Thumb Code     0  startup_stm32f103xb.o(.text)
    I2C2_ER_IRQHandler                       0x080001d3   Thumb Code     0  startup_stm32f103xb.o(.text)
    I2C2_EV_IRQHandler                       0x080001d3   Thumb Code     0  startup_stm32f103xb.o(.text)
    PVD_IRQHandler                           0x080001d3   Thumb Code     0  startup_stm32f103xb.o(.text)
    RCC_IRQHandler                           0x080001d3   Thumb Code     0  startup_stm32f103xb.o(.text)
    RTC_Alarm_IRQHandler                     0x080001d3   Thumb Code     0  startup_stm32f103xb.o(.text)
    RTC_IRQHandler                           0x080001d3   Thumb Code     0  startup_stm32f103xb.o(.text)
    SPI1_IRQHandler                          0x080001d3   Thumb Code     0  startup_stm32f103xb.o(.text)
    SPI2_IRQHandler                          0x080001d3   Thumb Code     0  startup_stm32f103xb.o(.text)
    TAMPER_IRQHandler                        0x080001d3   Thumb Code     0  startup_stm32f103xb.o(.text)
    TIM1_BRK_IRQHandler                      0x080001d3   Thumb Code     0  startup_stm32f103xb.o(.text)
    TIM1_CC_IRQHandler                       0x080001d3   Thumb Code     0  startup_stm32f103xb.o(.text)
    TIM1_TRG_COM_IRQHandler                  0x080001d3   Thumb Code     0  startup_stm32f103xb.o(.text)
    TIM1_UP_IRQHandler                       0x080001d3   Thumb Code     0  startup_stm32f103xb.o(.text)
    TIM2_IRQHandler                          0x080001d3   Thumb Code     0  startup_stm32f103xb.o(.text)
    TIM3_IRQHandler                          0x080001d3   Thumb Code     0  startup_stm32f103xb.o(.text)
    TIM4_IRQHandler                          0x080001d3   Thumb Code     0  startup_stm32f103xb.o(.text)
    USART2_IRQHandler                        0x080001d3   Thumb Code     0  startup_stm32f103xb.o(.text)
    USART3_IRQHandler                        0x080001d3   Thumb Code     0  startup_stm32f103xb.o(.text)
    USBWakeUp_IRQHandler                     0x080001d3   Thumb Code     0  startup_stm32f103xb.o(.text)
    USB_HP_CAN1_TX_IRQHandler                0x080001d3   Thumb Code     0  startup_stm32f103xb.o(.text)
    USB_LP_CAN1_RX0_IRQHandler               0x080001d3   Thumb Code     0  startup_stm32f103xb.o(.text)
    WWDG_IRQHandler                          0x080001d3   Thumb Code     0  startup_stm32f103xb.o(.text)
    __user_initial_stackheap                 0x080001d5   Thumb Code     0  startup_stm32f103xb.o(.text)
    __2sprintf                               0x080001f9   Thumb Code    34  noretval__2sprintf.o(.text)
    _printf_str                              0x08000221   Thumb Code    82  _printf_str.o(.text)
    _printf_int_dec                          0x08000275   Thumb Code   104  _printf_dec.o(.text)
    __printf                                 0x080002ed   Thumb Code   270  __printf_wp.o(.text)
    atoi                                     0x080003fb   Thumb Code    26  atoi.o(.text)
    strtok                                   0x08000415   Thumb Code     6  strtok.o(.text)
    strcpy                                   0x08000421   Thumb Code    72  strcpy.o(.text)
    strlen                                   0x08000469   Thumb Code    62  strlen.o(.text)
    strncmp                                  0x080004a7   Thumb Code   150  strncmp.o(.text)
    __aeabi_memcpy4                          0x0800053d   Thumb Code     0  rt_memcpy_w.o(.text)
    __aeabi_memcpy8                          0x0800053d   Thumb Code     0  rt_memcpy_w.o(.text)
    __rt_memcpy_w                            0x0800053d   Thumb Code   100  rt_memcpy_w.o(.text)
    _memcpy_lastbytes_aligned                0x08000585   Thumb Code     0  rt_memcpy_w.o(.text)
    __aeabi_memclr4                          0x080005a1   Thumb Code     0  rt_memclr_w.o(.text)
    __aeabi_memclr8                          0x080005a1   Thumb Code     0  rt_memclr_w.o(.text)
    __rt_memclr_w                            0x080005a1   Thumb Code    78  rt_memclr_w.o(.text)
    _memset_w                                0x080005a5   Thumb Code     0  rt_memclr_w.o(.text)
    __use_two_region_memory                  0x080005ef   Thumb Code     2  heapauxi.o(.text)
    __rt_heap_escrow$2region                 0x080005f1   Thumb Code     2  heapauxi.o(.text)
    __rt_heap_expand$2region                 0x080005f3   Thumb Code     2  heapauxi.o(.text)
    __aeabi_errno_addr                       0x080005f5   Thumb Code     8  rt_errno_addr_intlibspace.o(.text)
    __errno$intlibspace                      0x080005f5   Thumb Code     0  rt_errno_addr_intlibspace.o(.text)
    __rt_errno_addr$intlibspace              0x080005f5   Thumb Code     0  rt_errno_addr_intlibspace.o(.text)
    __read_errno                             0x080005fd   Thumb Code    10  _rserrno.o(.text)
    __set_errno                              0x08000607   Thumb Code    12  _rserrno.o(.text)
    _printf_int_common                       0x08000613   Thumb Code   178  _printf_intcommon.o(.text)
    __lib_sel_fp_printf                      0x080006c5   Thumb Code     2  _printf_fp_dec.o(.text)
    _printf_fp_dec_real                      0x08000877   Thumb Code   620  _printf_fp_dec.o(.text)
    _printf_char_common                      0x08000aef   Thumb Code    32  _printf_char_common.o(.text)
    _sputc                                   0x08000b15   Thumb Code    10  _sputc.o(.text)
    _printf_cs_common                        0x08000b1f   Thumb Code    20  _printf_char.o(.text)
    _printf_char                             0x08000b33   Thumb Code    16  _printf_char.o(.text)
    _printf_string                           0x08000b43   Thumb Code     8  _printf_char.o(.text)
    strtol                                   0x08000b4b   Thumb Code   112  strtol.o(.text)
    __strtok_internal                        0x08000bbd   Thumb Code    64  strtok_int.o(.text)
    __user_libspace                          0x08000c01   Thumb Code     8  libspace.o(.text)
    __user_perproc_libspace                  0x08000c01   Thumb Code     0  libspace.o(.text)
    __user_perthread_libspace                0x08000c01   Thumb Code     0  libspace.o(.text)
    __rt_ctype_table                         0x08000c09   Thumb Code    16  rt_ctype_table.o(.text)
    __rt_locale                              0x08000c19   Thumb Code     8  rt_locale_intlibspace.o(.text)
    _ll_udiv10                               0x08000c21   Thumb Code   138  lludiv10.o(.text)
    _printf_fp_infnan                        0x08000cad   Thumb Code   112  _printf_fp_infnan.o(.text)
    _strtoul                                 0x08000d2d   Thumb Code   158  _strtoul.o(.text)
    _btod_etento                             0x08000dcd   Thumb Code   224  bigflt0.o(.text)
    strcspn                                  0x08000eb1   Thumb Code    32  strcspn.o(.text)
    strspn                                   0x08000ed1   Thumb Code    28  strspn.o(.text)
    __user_setup_stackheap                   0x08000eed   Thumb Code    74  sys_stackheap_outer.o(.text)
    _chval                                   0x08000f37   Thumb Code    28  _chval.o(.text)
    exit                                     0x08000f53   Thumb Code    18  exit.o(.text)
    strcmp                                   0x08000f65   Thumb Code   128  strcmpv7m.o(.text)
    _sys_exit                                0x08000fe5   Thumb Code     8  sys_exit.o(.text)
    __I$use$semihosting                      0x08000ff1   Thumb Code     0  use_no_semi.o(.text)
    __use_no_semihosting_swi                 0x08000ff1   Thumb Code     2  use_no_semi.o(.text)
    __semihosting_library_function           0x08000ff3   Thumb Code     0  indicate_semi.o(.text)
    _btod_d2e                                0x08000ff3   Thumb Code    62  btod.o(CL$$btod_d2e)
    _d2e_denorm_low                          0x08001031   Thumb Code    70  btod.o(CL$$btod_d2e_denorm_low)
    _d2e_norm_op1                            0x08001077   Thumb Code    96  btod.o(CL$$btod_d2e_norm_op1)
    __btod_div_common                        0x080010d7   Thumb Code   696  btod.o(CL$$btod_div_common)
    _e2e                                     0x0800140f   Thumb Code   220  btod.o(CL$$btod_e2e)
    _btod_ediv                               0x080014eb   Thumb Code    42  btod.o(CL$$btod_ediv)
    _btod_emul                               0x08001515   Thumb Code    42  btod.o(CL$$btod_emul)
    __btod_mult_common                       0x0800153f   Thumb Code   580  btod.o(CL$$btod_mult_common)
    ADC_ConversionStop_Disable               0x08001785   Thumb Code    86  stm32f1xx_hal_adc.o(i.ADC_ConversionStop_Disable)
    ADC_Enable                               0x080017dd   Thumb Code   114  stm32f1xx_hal_adc.o(i.ADC_Enable)
    BusFault_Handler                         0x08001859   Thumb Code     2  stm32f1xx_it.o(i.BusFault_Handler)
    CMD_ParseServo                           0x0800185d   Thumb Code    72  handle_cmd.o(i.CMD_ParseServo)
    CMD_ParseSimple                          0x080018b1   Thumb Code    40  handle_cmd.o(i.CMD_ParseSimple)
    CMD_Process                              0x080018dd   Thumb Code    88  handle_cmd.o(i.CMD_Process)
    Channel_SetState                         0x08001955   Thumb Code   126  battery_control.o(i.Channel_SetState)
    Channels_SetAll_Idle                     0x080019dd   Thumb Code    20  battery_control.o(i.Channels_SetAll_Idle)
    DebugMon_Handler                         0x080019f1   Thumb Code     2  stm32f1xx_it.o(i.DebugMon_Handler)
    Diagnose_Check                           0x080019f5   Thumb Code    40  battery_diagnostics.o(i.Diagnose_Check)
    Diagnose_RunIRTest                       0x08001a25   Thumb Code   104  battery_diagnostics.o(i.Diagnose_RunIRTest)
    Error_Handler                            0x08001a99   Thumb Code     4  main.o(i.Error_Handler)
    HAL_ADCEx_Calibration_Start              0x08001a9d   Thumb Code   210  stm32f1xx_hal_adc_ex.o(i.HAL_ADCEx_Calibration_Start)
    HAL_ADC_ConfigChannel                    0x08001b75   Thumb Code   240  stm32f1xx_hal_adc.o(i.HAL_ADC_ConfigChannel)
    HAL_ADC_GetValue                         0x08001c71   Thumb Code     6  stm32f1xx_hal_adc.o(i.HAL_ADC_GetValue)
    HAL_ADC_Init                             0x08001c79   Thumb Code   272  stm32f1xx_hal_adc.o(i.HAL_ADC_Init)
    HAL_ADC_MspInit                          0x08001d95   Thumb Code    76  stm32f1xx_hal_msp.o(i.HAL_ADC_MspInit)
    HAL_ADC_PollForConversion                0x08001ded   Thumb Code   304  stm32f1xx_hal_adc.o(i.HAL_ADC_PollForConversion)
    HAL_ADC_Start                            0x08001f29   Thumb Code   184  stm32f1xx_hal_adc.o(i.HAL_ADC_Start)
    HAL_ADC_Stop                             0x08001fe9   Thumb Code    52  stm32f1xx_hal_adc.o(i.HAL_ADC_Stop)
    HAL_DMA_Abort                            0x0800201d   Thumb Code    70  stm32f1xx_hal_dma.o(i.HAL_DMA_Abort)
    HAL_DMA_Abort_IT                         0x08002065   Thumb Code   148  stm32f1xx_hal_dma.o(i.HAL_DMA_Abort_IT)
    HAL_Delay                                0x080020fd   Thumb Code    32  stm32f1xx_hal.o(i.HAL_Delay)
    HAL_GPIO_Init                            0x08002121   Thumb Code   446  stm32f1xx_hal_gpio.o(i.HAL_GPIO_Init)
    HAL_GPIO_TogglePin                       0x08002301   Thumb Code    16  stm32f1xx_hal_gpio.o(i.HAL_GPIO_TogglePin)
    HAL_GPIO_WritePin                        0x08002311   Thumb Code    10  stm32f1xx_hal_gpio.o(i.HAL_GPIO_WritePin)
    HAL_GetTick                              0x0800231d   Thumb Code     6  stm32f1xx_hal.o(i.HAL_GetTick)
    HAL_I2C_Init                             0x08002329   Thumb Code   376  stm32f1xx_hal_i2c.o(i.HAL_I2C_Init)
    HAL_I2C_IsDeviceReady                    0x080024b1   Thumb Code   354  stm32f1xx_hal_i2c.o(i.HAL_I2C_IsDeviceReady)
    HAL_I2C_Mem_Read                         0x0800261d   Thumb Code   586  stm32f1xx_hal_i2c.o(i.HAL_I2C_Mem_Read)
    HAL_I2C_Mem_Write                        0x08002879   Thumb Code   294  stm32f1xx_hal_i2c.o(i.HAL_I2C_Mem_Write)
    HAL_I2C_MspInit                          0x080029a9   Thumb Code    80  stm32f1xx_hal_msp.o(i.HAL_I2C_MspInit)
    HAL_IncTick                              0x08002a05   Thumb Code    12  stm32f1xx_hal.o(i.HAL_IncTick)
    HAL_Init                                 0x08002a15   Thumb Code    32  stm32f1xx_hal.o(i.HAL_Init)
    HAL_InitTick                             0x08002a39   Thumb Code    54  stm32f1xx_hal.o(i.HAL_InitTick)
    HAL_MspInit                              0x08002a79   Thumb Code    52  stm32f1xx_hal_msp.o(i.HAL_MspInit)
    HAL_NVIC_DisableIRQ                      0x08002ab5   Thumb Code    34  stm32f1xx_hal_cortex.o(i.HAL_NVIC_DisableIRQ)
    HAL_NVIC_EnableIRQ                       0x08002ad7   Thumb Code    26  stm32f1xx_hal_cortex.o(i.HAL_NVIC_EnableIRQ)
    HAL_NVIC_SetPriority                     0x08002af1   Thumb Code    60  stm32f1xx_hal_cortex.o(i.HAL_NVIC_SetPriority)
    HAL_NVIC_SetPriorityGrouping             0x08002b31   Thumb Code    26  stm32f1xx_hal_cortex.o(i.HAL_NVIC_SetPriorityGrouping)
    HAL_RCCEx_GetPeriphCLKFreq               0x08002b55   Thumb Code   148  stm32f1xx_hal_rcc_ex.o(i.HAL_RCCEx_GetPeriphCLKFreq)
    HAL_RCCEx_PeriphCLKConfig                0x08002bf9   Thumb Code   224  stm32f1xx_hal_rcc_ex.o(i.HAL_RCCEx_PeriphCLKConfig)
    HAL_RCC_ClockConfig                      0x08002ce5   Thumb Code   280  stm32f1xx_hal_rcc.o(i.HAL_RCC_ClockConfig)
    HAL_RCC_GetPCLK1Freq                     0x08002e11   Thumb Code    20  stm32f1xx_hal_rcc.o(i.HAL_RCC_GetPCLK1Freq)
    HAL_RCC_GetPCLK2Freq                     0x08002e31   Thumb Code    20  stm32f1xx_hal_rcc.o(i.HAL_RCC_GetPCLK2Freq)
    HAL_RCC_GetSysClockFreq                  0x08002e51   Thumb Code    58  stm32f1xx_hal_rcc.o(i.HAL_RCC_GetSysClockFreq)
    HAL_RCC_OscConfig                        0x08002e9d   Thumb Code   778  stm32f1xx_hal_rcc.o(i.HAL_RCC_OscConfig)
    HAL_SYSTICK_Config                       0x080031bd   Thumb Code    40  stm32f1xx_hal_cortex.o(i.HAL_SYSTICK_Config)
    HAL_TIMEx_MasterConfigSynchronization    0x080031e5   Thumb Code    92  stm32f1xx_hal_tim_ex.o(i.HAL_TIMEx_MasterConfigSynchronization)
    HAL_TIM_Base_Init                        0x0800324d   Thumb Code    90  stm32f1xx_hal_tim.o(i.HAL_TIM_Base_Init)
    HAL_TIM_Base_MspInit                     0x080032a9   Thumb Code    30  stm32f1xx_hal_msp.o(i.HAL_TIM_Base_MspInit)
    HAL_TIM_ConfigClockSource                0x080032cd   Thumb Code   220  stm32f1xx_hal_tim.o(i.HAL_TIM_ConfigClockSource)
    HAL_TIM_MspPostInit                      0x080033a9   Thumb Code   114  stm32f1xx_hal_msp.o(i.HAL_TIM_MspPostInit)
    HAL_TIM_PWM_ConfigChannel                0x0800342d   Thumb Code   204  stm32f1xx_hal_tim.o(i.HAL_TIM_PWM_ConfigChannel)
    HAL_TIM_PWM_Init                         0x080034f9   Thumb Code    90  stm32f1xx_hal_tim.o(i.HAL_TIM_PWM_Init)
    HAL_TIM_PWM_MspInit                      0x08003553   Thumb Code     2  stm32f1xx_hal_tim.o(i.HAL_TIM_PWM_MspInit)
    HAL_TIM_PWM_Start                        0x08003555   Thumb Code   144  stm32f1xx_hal_tim.o(i.HAL_TIM_PWM_Start)
    HAL_UARTEx_RxEventCallback               0x080035f1   Thumb Code     2  stm32f1xx_hal_uart.o(i.HAL_UARTEx_RxEventCallback)
    HAL_UART_ErrorCallback                   0x080035f3   Thumb Code     2  stm32f1xx_hal_uart.o(i.HAL_UART_ErrorCallback)
    HAL_UART_IRQHandler                      0x080035f5   Thumb Code   616  stm32f1xx_hal_uart.o(i.HAL_UART_IRQHandler)
    HAL_UART_Init                            0x08003861   Thumb Code   100  stm32f1xx_hal_uart.o(i.HAL_UART_Init)
    HAL_UART_MspInit                         0x080038c5   Thumb Code   116  stm32f1xx_hal_msp.o(i.HAL_UART_MspInit)
    HAL_UART_Receive_IT                      0x08003945   Thumb Code    28  stm32f1xx_hal_uart.o(i.HAL_UART_Receive_IT)
    HAL_UART_RxCpltCallback                  0x08003961   Thumb Code    48  uart_dn.o(i.HAL_UART_RxCpltCallback)
    HAL_UART_Transmit                        0x0800399d   Thumb Code   160  stm32f1xx_hal_uart.o(i.HAL_UART_Transmit)
    HAL_UART_TxCpltCallback                  0x08003a3d   Thumb Code     2  stm32f1xx_hal_uart.o(i.HAL_UART_TxCpltCallback)
    HardFault_Handler                        0x08003a3f   Thumb Code     2  stm32f1xx_it.o(i.HardFault_Handler)
    INA219_GetBatteryLife                    0x08003e81   Thumb Code    60  ina219.o(i.INA219_GetBatteryLife)
    INA219_HealthCheck                       0x08003ec1   Thumb Code    44  ina219.o(i.INA219_HealthCheck)
    INA219_Init                              0x08003eed   Thumb Code    68  ina219.o(i.INA219_Init)
    INA219_Manager_Init                      0x08003f31   Thumb Code    44  ina219_manager.o(i.INA219_Manager_Init)
    INA219_Manager_Read                      0x08003f65   Thumb Code   162  ina219_manager.o(i.INA219_Manager_Read)
    INA219_ReadBusVoltage                    0x0800401d   Thumb Code    14  ina219.o(i.INA219_ReadBusVoltage)
    INA219_ReadCurrent                       0x0800402b   Thumb Code    18  ina219.o(i.INA219_ReadCurrent)
    INA219_ReadCurrent_raw                   0x0800403d   Thumb Code    18  ina219.o(i.INA219_ReadCurrent_raw)
    INA219_Reset                             0x0800404f   Thumb Code    22  ina219.o(i.INA219_Reset)
    INA219_setCalibration                    0x08004065   Thumb Code     8  ina219.o(i.INA219_setCalibration)
    INA219_setCalibration_32V_2A             0x0800406d   Thumb Code    40  ina219.o(i.INA219_setCalibration_32V_2A)
    INA219_setConfig                         0x08004099   Thumb Code     8  ina219.o(i.INA219_setConfig)
    MemManage_Handler                        0x08004289   Thumb Code     2  stm32f1xx_it.o(i.MemManage_Handler)
    NMI_Handler                              0x0800428b   Thumb Code     2  stm32f1xx_it.o(i.NMI_Handler)
    NTC_GetTemperature                       0x0800428d   Thumb Code   168  ntc_sensor.o(i.NTC_GetTemperature)
    PendSV_Handler                           0x08004351   Thumb Code     2  stm32f1xx_it.o(i.PendSV_Handler)
    RINGBUF_Get                              0x08004353   Thumb Code    40  ringbuffer.o(i.RINGBUF_Get)
    RINGBUF_Init                             0x0800437b   Thumb Code    22  ringbuffer.o(i.RINGBUF_Init)
    RINGBUF_Put                              0x08004391   Thumb Code    38  ringbuffer.o(i.RINGBUF_Put)
    Read16                                   0x080043b7   Thumb Code    38  ina219.o(i.Read16)
    SVC_Handler                              0x080043dd   Thumb Code     2  stm32f1xx_it.o(i.SVC_Handler)
    Servo_SetAngle                           0x080043e1   Thumb Code    96  servo_control.o(i.Servo_SetAngle)
    Servos_Init                              0x08004451   Thumb Code    30  servo_control.o(i.Servos_Init)
    SysTick_Handler                          0x08004479   Thumb Code     4  stm32f1xx_it.o(i.SysTick_Handler)
    SystemClock_Config                       0x0800447d   Thumb Code   120  main.o(i.SystemClock_Config)
    SystemInit                               0x080044f5   Thumb Code     2  system_stm32f1xx.o(i.SystemInit)
    TIM_Base_SetConfig                       0x080044f9   Thumb Code   108  stm32f1xx_hal_tim.o(i.TIM_Base_SetConfig)
    TIM_CCxChannelCmd                        0x08004571   Thumb Code    26  stm32f1xx_hal_tim.o(i.TIM_CCxChannelCmd)
    TIM_ETR_SetConfig                        0x0800458b   Thumb Code    20  stm32f1xx_hal_tim.o(i.TIM_ETR_SetConfig)
    TIM_OC2_SetConfig                        0x08004601   Thumb Code    84  stm32f1xx_hal_tim.o(i.TIM_OC2_SetConfig)
    UART_Handler_GetLine                     0x08004799   Thumb Code   104  uart_dn.o(i.UART_Handler_GetLine)
    UART_Handler_Init                        0x08004805   Thumb Code    34  uart_dn.o(i.UART_Handler_Init)
    UART_Handler_TransmitString              0x08004831   Thumb Code    28  uart_dn.o(i.UART_Handler_TransmitString)
    UART_Start_Receive_IT                    0x080049cd   Thumb Code    54  stm32f1xx_hal_uart.o(i.UART_Start_Receive_IT)
    USART1_IRQHandler                        0x08004a75   Thumb Code     6  stm32f1xx_it.o(i.USART1_IRQHandler)
    UsageFault_Handler                       0x08004a81   Thumb Code     2  stm32f1xx_it.o(i.UsageFault_Handler)
    Write16                                  0x08004a83   Thumb Code    44  ina219.o(i.Write16)
    __ARM_fpclassify                         0x08004aaf   Thumb Code    40  fpclassify.o(i.__ARM_fpclassify)
    __mathlib_flt_divzero                    0x08004af7   Thumb Code    10  funder.o(i.__mathlib_flt_divzero)
    __mathlib_flt_infnan                     0x08004b01   Thumb Code     6  funder.o(i.__mathlib_flt_infnan)
    __mathlib_flt_invalid                    0x08004b07   Thumb Code     8  funder.o(i.__mathlib_flt_invalid)
    _is_digit                                0x08004b0f   Thumb Code    14  __printf_wp.o(i._is_digit)
    get_channel_state_string                 0x08004b1d   Thumb Code    38  main.o(i.get_channel_state_string)
    __mathlib_logf                           0x08004b5d   Thumb Code     0  logf.o(i.logf)
    logf                                     0x08004b5d   Thumb Code   362  logf.o(i.logf)
    main                                     0x08004ced   Thumb Code   834  main.o(i.main)
    report_status_task                       0x08005089   Thumb Code   196  main.o(i.report_status_task)
    _get_lc_numeric                          0x0800517d   Thumb Code    44  lc_numeric_c.o(locale$$code)
    _get_lc_ctype                            0x080051a9   Thumb Code    44  lc_ctype_c.o(locale$$code)
    __fpl_dretinf                            0x080051d5   Thumb Code    12  dretinf.o(x$fpl$dretinf)
    __aeabi_f2d                              0x080051e1   Thumb Code     0  f2d.o(x$fpl$f2d)
    _f2d                                     0x080051e1   Thumb Code    86  f2d.o(x$fpl$f2d)
    __aeabi_fadd                             0x08005239   Thumb Code     0  faddsub_clz.o(x$fpl$fadd)
    _fadd                                    0x08005239   Thumb Code   196  faddsub_clz.o(x$fpl$fadd)
    __fpl_fcheck_NaN1                        0x080052fd   Thumb Code     6  fcheck1.o(x$fpl$fcheck1)
    __fpl_fcmp_Inf                           0x08005309   Thumb Code    24  fcmpi.o(x$fpl$fcmpinf)
    __aeabi_fdiv                             0x08005321   Thumb Code     0  fdiv.o(x$fpl$fdiv)
    _fdiv                                    0x08005321   Thumb Code   384  fdiv.o(x$fpl$fdiv)
    __aeabi_f2uiz                            0x080054a5   Thumb Code     0  ffixu.o(x$fpl$ffixu)
    _ffixu                                   0x080054a5   Thumb Code    62  ffixu.o(x$fpl$ffixu)
    __aeabi_i2f                              0x080054e5   Thumb Code     0  fflt_clz.o(x$fpl$fflt)
    _fflt                                    0x080054e5   Thumb Code    48  fflt_clz.o(x$fpl$fflt)
    __aeabi_ui2f                             0x08005515   Thumb Code     0  fflt_clz.o(x$fpl$ffltu)
    _ffltu                                   0x08005515   Thumb Code    38  fflt_clz.o(x$fpl$ffltu)
    __aeabi_cfcmple                          0x0800553d   Thumb Code     0  fleqf.o(x$fpl$fleqf)
    _fcmple                                  0x0800553d   Thumb Code   104  fleqf.o(x$fpl$fleqf)
    __fpl_fcmple_InfNaN                      0x0800558f   Thumb Code     0  fleqf.o(x$fpl$fleqf)
    __aeabi_fmul                             0x080055a5   Thumb Code     0  fmul.o(x$fpl$fmul)
    _fmul                                    0x080055a5   Thumb Code   258  fmul.o(x$fpl$fmul)
    __fpl_fnaninf                            0x080056a7   Thumb Code   140  fnaninf.o(x$fpl$fnaninf)
    __fpl_fretinf                            0x08005733   Thumb Code    10  fretinf.o(x$fpl$fretinf)
    __aeabi_cfrcmple                         0x0800573d   Thumb Code     0  frleqf.o(x$fpl$frleqf)
    _frcmple                                 0x0800573d   Thumb Code    98  frleqf.o(x$fpl$frleqf)
    __aeabi_fsub                             0x080057a1   Thumb Code     0  faddsub_clz.o(x$fpl$fsub)
    _fsub                                    0x080057a1   Thumb Code   234  faddsub_clz.o(x$fpl$fsub)
    _printf_fp_dec                           0x0800588b   Thumb Code     4  printf1.o(x$fpl$printf1)
    __fpl_return_NaN                         0x0800588f   Thumb Code   100  retnan.o(x$fpl$retnan)
    __ARM_scalbnf                            0x080058f3   Thumb Code    76  scalbnf.o(x$fpl$scalbnf)
    __fpl_cmpreturn                          0x0800593f   Thumb Code    48  trapv.o(x$fpl$trapveneer)
    __I$use$fp                               0x0800596e   Number         0  usenofp.o(x$fpl$usenofp)
    ADC_Channel                              0x08005984   Data          16  main.o(.constdata)
    AHBPrescTable                            0x080059b8   Data          16  system_stm32f1xx.o(.constdata)
    APBPrescTable                            0x080059c8   Data           8  system_stm32f1xx.o(.constdata)
    Region$$Table$$Base                      0x08005aa4   Number         0  anon$$obj.o(Region$$Table)
    Region$$Table$$Limit                     0x08005ac4   Number         0  anon$$obj.o(Region$$Table)
    __ctype                                  0x08005aed   Data           0  lc_ctype_c.o(locale$$data)
    last_sensor_update_tick                  0x2000000c   Data           4  main.o(.data)
    charge_done_counter                      0x20000010   Data           4  main.o(.data)
    check_percent_pin                        0x20000014   Data           4  main.o(.data)
    pin_channels                             0x2000001c   Data           4  main.o(.data)
    previous_pin_channels                    0x20000020   Data           4  main.o(.data)
    uwTickFreq                               0x20000024   Data           1  stm32f1xx_hal.o(.data)
    uwTickPrio                               0x20000028   Data           4  stm32f1xx_hal.o(.data)
    uwTick                                   0x2000002c   Data           4  stm32f1xx_hal.o(.data)
    SystemCoreClock                          0x20000030   Data           4  system_stm32f1xx.o(.data)
    charge_done_timestamp                    0x20000288   Data          16  main.o(.bss)
    last_check_percent                       0x20000298   Data          16  main.o(.bss)
    hadc1                                    0x200002a8   Data          48  main.o(.bss)
    hi2c1                                    0x200002d8   Data          84  main.o(.bss)
    htim2                                    0x2000032c   Data          72  main.o(.bss)
    huart1                                   0x20000374   Data          72  main.o(.bss)
    data_pin                                 0x200003bc   Data          80  main.o(.bss)
    temperatures                             0x2000040c   Data          16  main.o(.bss)
    __libspace_start                         0x2000041c   Data          96  libspace.o(.bss)
    __temporary_stack_top$libspace           0x2000047c   Data           0  libspace.o(.bss)



==============================================================================

Memory Map of the image

  Image Entry point : 0x080000ed

  Load Region LR_IROM1 (Base: 0x08000000, Size: 0x00005c28, Max: 0x00010000, ABSOLUTE)

    Execution Region ER_IROM1 (Exec base: 0x08000000, Load base: 0x08000000, Size: 0x00005bf0, Max: 0x00010000, ABSOLUTE)

    Exec Addr    Load Addr    Size         Type   Attr      Idx    E Section Name        Object

    0x08000000   0x08000000   0x000000ec   Data   RO            3    RESET               startup_stm32f103xb.o
    0x080000ec   0x080000ec   0x00000008   Code   RO         3979  * !!!main             c_w.l(__main.o)
    0x080000f4   0x080000f4   0x00000034   Code   RO         4299    !!!scatter          c_w.l(__scatter.o)
    0x08000128   0x08000128   0x0000001a   Code   RO         4301    !!handler_copy      c_w.l(__scatter_copy.o)
    0x08000142   0x08000142   0x00000002   PAD
    0x08000144   0x08000144   0x0000001c   Code   RO         4303    !!handler_zi        c_w.l(__scatter_zi.o)
    0x08000160   0x08000160   0x00000000   Code   RO         3961    .ARM.Collect$$_printf_percent$$00000000  c_w.l(_printf_percent.o)
    0x08000160   0x08000160   0x00000006   Code   RO         3960    .ARM.Collect$$_printf_percent$$00000003  c_w.l(_printf_f.o)
    0x08000166   0x08000166   0x00000006   Code   RO         3959    .ARM.Collect$$_printf_percent$$00000009  c_w.l(_printf_d.o)
    0x0800016c   0x0800016c   0x00000006   Code   RO         3958    .ARM.Collect$$_printf_percent$$00000014  c_w.l(_printf_s.o)
    0x08000172   0x08000172   0x00000004   Code   RO         4047    .ARM.Collect$$_printf_percent$$00000017  c_w.l(_printf_percent_end.o)
    0x08000176   0x08000176   0x00000002   Code   RO         4168    .ARM.Collect$$libinit$$00000000  c_w.l(libinit.o)
    0x08000178   0x08000178   0x00000000   Code   RO         4170    .ARM.Collect$$libinit$$00000002  c_w.l(libinit2.o)
    0x08000178   0x08000178   0x00000000   Code   RO         4172    .ARM.Collect$$libinit$$00000004  c_w.l(libinit2.o)
    0x08000178   0x08000178   0x00000000   Code   RO         4175    .ARM.Collect$$libinit$$0000000A  c_w.l(libinit2.o)
    0x08000178   0x08000178   0x00000000   Code   RO         4177    .ARM.Collect$$libinit$$0000000C  c_w.l(libinit2.o)
    0x08000178   0x08000178   0x00000000   Code   RO         4179    .ARM.Collect$$libinit$$0000000E  c_w.l(libinit2.o)
    0x08000178   0x08000178   0x00000006   Code   RO         4180    .ARM.Collect$$libinit$$0000000F  c_w.l(libinit2.o)
    0x0800017e   0x0800017e   0x00000000   Code   RO         4182    .ARM.Collect$$libinit$$00000011  c_w.l(libinit2.o)
    0x0800017e   0x0800017e   0x0000000c   Code   RO         4183    .ARM.Collect$$libinit$$00000012  c_w.l(libinit2.o)
    0x0800018a   0x0800018a   0x00000000   Code   RO         4184    .ARM.Collect$$libinit$$00000013  c_w.l(libinit2.o)
    0x0800018a   0x0800018a   0x00000000   Code   RO         4186    .ARM.Collect$$libinit$$00000015  c_w.l(libinit2.o)
    0x0800018a   0x0800018a   0x0000000a   Code   RO         4187    .ARM.Collect$$libinit$$00000016  c_w.l(libinit2.o)
    0x08000194   0x08000194   0x00000000   Code   RO         4188    .ARM.Collect$$libinit$$00000017  c_w.l(libinit2.o)
    0x08000194   0x08000194   0x00000000   Code   RO         4190    .ARM.Collect$$libinit$$00000019  c_w.l(libinit2.o)
    0x08000194   0x08000194   0x00000000   Code   RO         4192    .ARM.Collect$$libinit$$0000001B  c_w.l(libinit2.o)
    0x08000194   0x08000194   0x00000000   Code   RO         4194    .ARM.Collect$$libinit$$0000001D  c_w.l(libinit2.o)
    0x08000194   0x08000194   0x00000000   Code   RO         4196    .ARM.Collect$$libinit$$0000001F  c_w.l(libinit2.o)
    0x08000194   0x08000194   0x00000000   Code   RO         4198    .ARM.Collect$$libinit$$00000021  c_w.l(libinit2.o)
    0x08000194   0x08000194   0x00000000   Code   RO         4200    .ARM.Collect$$libinit$$00000023  c_w.l(libinit2.o)
    0x08000194   0x08000194   0x00000000   Code   RO         4202    .ARM.Collect$$libinit$$00000025  c_w.l(libinit2.o)
    0x08000194   0x08000194   0x00000000   Code   RO         4206    .ARM.Collect$$libinit$$0000002C  c_w.l(libinit2.o)
    0x08000194   0x08000194   0x00000000   Code   RO         4208    .ARM.Collect$$libinit$$0000002E  c_w.l(libinit2.o)
    0x08000194   0x08000194   0x00000000   Code   RO         4210    .ARM.Collect$$libinit$$00000030  c_w.l(libinit2.o)
    0x08000194   0x08000194   0x00000000   Code   RO         4212    .ARM.Collect$$libinit$$00000032  c_w.l(libinit2.o)
    0x08000194   0x08000194   0x00000002   Code   RO         4213    .ARM.Collect$$libinit$$00000033  c_w.l(libinit2.o)
    0x08000196   0x08000196   0x00000002   Code   RO         4247    .ARM.Collect$$libshutdown$$00000000  c_w.l(libshutdown.o)
    0x08000198   0x08000198   0x00000000   Code   RO         4258    .ARM.Collect$$libshutdown$$00000002  c_w.l(libshutdown2.o)
    0x08000198   0x08000198   0x00000000   Code   RO         4260    .ARM.Collect$$libshutdown$$00000004  c_w.l(libshutdown2.o)
    0x08000198   0x08000198   0x00000000   Code   RO         4263    .ARM.Collect$$libshutdown$$00000007  c_w.l(libshutdown2.o)
    0x08000198   0x08000198   0x00000000   Code   RO         4266    .ARM.Collect$$libshutdown$$0000000A  c_w.l(libshutdown2.o)
    0x08000198   0x08000198   0x00000000   Code   RO         4268    .ARM.Collect$$libshutdown$$0000000C  c_w.l(libshutdown2.o)
    0x08000198   0x08000198   0x00000000   Code   RO         4271    .ARM.Collect$$libshutdown$$0000000F  c_w.l(libshutdown2.o)
    0x08000198   0x08000198   0x00000002   Code   RO         4272    .ARM.Collect$$libshutdown$$00000010  c_w.l(libshutdown2.o)
    0x0800019a   0x0800019a   0x00000000   Code   RO         4029    .ARM.Collect$$rtentry$$00000000  c_w.l(__rtentry.o)
    0x0800019a   0x0800019a   0x00000000   Code   RO         4083    .ARM.Collect$$rtentry$$00000002  c_w.l(__rtentry2.o)
    0x0800019a   0x0800019a   0x00000006   Code   RO         4095    .ARM.Collect$$rtentry$$00000004  c_w.l(__rtentry4.o)
    0x080001a0   0x080001a0   0x00000000   Code   RO         4085    .ARM.Collect$$rtentry$$00000009  c_w.l(__rtentry2.o)
    0x080001a0   0x080001a0   0x00000004   Code   RO         4086    .ARM.Collect$$rtentry$$0000000A  c_w.l(__rtentry2.o)
    0x080001a4   0x080001a4   0x00000000   Code   RO         4088    .ARM.Collect$$rtentry$$0000000C  c_w.l(__rtentry2.o)
    0x080001a4   0x080001a4   0x00000008   Code   RO         4089    .ARM.Collect$$rtentry$$0000000D  c_w.l(__rtentry2.o)
    0x080001ac   0x080001ac   0x00000002   Code   RO         4216    .ARM.Collect$$rtexit$$00000000  c_w.l(rtexit.o)
    0x080001ae   0x080001ae   0x00000000   Code   RO         4225    .ARM.Collect$$rtexit$$00000002  c_w.l(rtexit2.o)
    0x080001ae   0x080001ae   0x00000004   Code   RO         4226    .ARM.Collect$$rtexit$$00000003  c_w.l(rtexit2.o)
    0x080001b2   0x080001b2   0x00000006   Code   RO         4227    .ARM.Collect$$rtexit$$00000004  c_w.l(rtexit2.o)
    0x080001b8   0x080001b8   0x00000040   Code   RO            4    .text               startup_stm32f103xb.o
    0x080001f8   0x080001f8   0x00000028   Code   RO         3930    .text               c_w.l(noretval__2sprintf.o)
    0x08000220   0x08000220   0x00000052   Code   RO         3934    .text               c_w.l(_printf_str.o)
    0x08000272   0x08000272   0x00000002   PAD
    0x08000274   0x08000274   0x00000078   Code   RO         3936    .text               c_w.l(_printf_dec.o)
    0x080002ec   0x080002ec   0x0000010e   Code   RO         3946    .text               c_w.l(__printf_wp.o)
    0x080003fa   0x080003fa   0x0000001a   Code   RO         3962    .text               c_w.l(atoi.o)
    0x08000414   0x08000414   0x0000000c   Code   RO         3964    .text               c_w.l(strtok.o)
    0x08000420   0x08000420   0x00000048   Code   RO         3967    .text               c_w.l(strcpy.o)
    0x08000468   0x08000468   0x0000003e   Code   RO         3969    .text               c_w.l(strlen.o)
    0x080004a6   0x080004a6   0x00000096   Code   RO         3971    .text               c_w.l(strncmp.o)
    0x0800053c   0x0800053c   0x00000064   Code   RO         3973    .text               c_w.l(rt_memcpy_w.o)
    0x080005a0   0x080005a0   0x0000004e   Code   RO         3975    .text               c_w.l(rt_memclr_w.o)
    0x080005ee   0x080005ee   0x00000006   Code   RO         3977    .text               c_w.l(heapauxi.o)
    0x080005f4   0x080005f4   0x00000008   Code   RO         4033    .text               c_w.l(rt_errno_addr_intlibspace.o)
    0x080005fc   0x080005fc   0x00000016   Code   RO         4035    .text               c_w.l(_rserrno.o)
    0x08000612   0x08000612   0x000000b2   Code   RO         4037    .text               c_w.l(_printf_intcommon.o)
    0x080006c4   0x080006c4   0x0000041e   Code   RO         4039    .text               c_w.l(_printf_fp_dec.o)
    0x08000ae2   0x08000ae2   0x00000002   PAD
    0x08000ae4   0x08000ae4   0x00000030   Code   RO         4041    .text               c_w.l(_printf_char_common.o)
    0x08000b14   0x08000b14   0x0000000a   Code   RO         4043    .text               c_w.l(_sputc.o)
    0x08000b1e   0x08000b1e   0x0000002c   Code   RO         4045    .text               c_w.l(_printf_char.o)
    0x08000b4a   0x08000b4a   0x00000070   Code   RO         4048    .text               c_w.l(strtol.o)
    0x08000bba   0x08000bba   0x00000002   PAD
    0x08000bbc   0x08000bbc   0x00000044   Code   RO         4050    .text               c_w.l(strtok_int.o)
    0x08000c00   0x08000c00   0x00000008   Code   RO         4079    .text               c_w.l(libspace.o)
    0x08000c08   0x08000c08   0x00000010   Code   RO         4097    .text               c_w.l(rt_ctype_table.o)
    0x08000c18   0x08000c18   0x00000008   Code   RO         4102    .text               c_w.l(rt_locale_intlibspace.o)
    0x08000c20   0x08000c20   0x0000008a   Code   RO         4104    .text               c_w.l(lludiv10.o)
    0x08000caa   0x08000caa   0x00000002   PAD
    0x08000cac   0x08000cac   0x00000080   Code   RO         4106    .text               c_w.l(_printf_fp_infnan.o)
    0x08000d2c   0x08000d2c   0x0000009e   Code   RO         4110    .text               c_w.l(_strtoul.o)
    0x08000dca   0x08000dca   0x00000002   PAD
    0x08000dcc   0x08000dcc   0x000000e4   Code   RO         4112    .text               c_w.l(bigflt0.o)
    0x08000eb0   0x08000eb0   0x00000020   Code   RO         4140    .text               c_w.l(strcspn.o)
    0x08000ed0   0x08000ed0   0x0000001c   Code   RO         4142    .text               c_w.l(strspn.o)
    0x08000eec   0x08000eec   0x0000004a   Code   RO         4152    .text               c_w.l(sys_stackheap_outer.o)
    0x08000f36   0x08000f36   0x0000001c   Code   RO         4154    .text               c_w.l(_chval.o)
    0x08000f52   0x08000f52   0x00000012   Code   RO         4159    .text               c_w.l(exit.o)
    0x08000f64   0x08000f64   0x00000080   Code   RO         4161    .text               c_w.l(strcmpv7m.o)
    0x08000fe4   0x08000fe4   0x0000000c   Code   RO         4237    .text               c_w.l(sys_exit.o)
    0x08000ff0   0x08000ff0   0x00000002   Code   RO         4248    .text               c_w.l(use_no_semi.o)
    0x08000ff2   0x08000ff2   0x00000000   Code   RO         4250    .text               c_w.l(indicate_semi.o)
    0x08000ff2   0x08000ff2   0x0000003e   Code   RO         4115    CL$$btod_d2e        c_w.l(btod.o)
    0x08001030   0x08001030   0x00000046   Code   RO         4117    CL$$btod_d2e_denorm_low  c_w.l(btod.o)
    0x08001076   0x08001076   0x00000060   Code   RO         4116    CL$$btod_d2e_norm_op1  c_w.l(btod.o)
    0x080010d6   0x080010d6   0x00000338   Code   RO         4125    CL$$btod_div_common  c_w.l(btod.o)
    0x0800140e   0x0800140e   0x000000dc   Code   RO         4122    CL$$btod_e2e        c_w.l(btod.o)
    0x080014ea   0x080014ea   0x0000002a   Code   RO         4119    CL$$btod_ediv       c_w.l(btod.o)
    0x08001514   0x08001514   0x0000002a   Code   RO         4118    CL$$btod_emul       c_w.l(btod.o)
    0x0800153e   0x0800153e   0x00000244   Code   RO         4124    CL$$btod_mult_common  c_w.l(btod.o)
    0x08001782   0x08001782   0x00000002   PAD
    0x08001784   0x08001784   0x00000056   Code   RO          863    i.ADC_ConversionStop_Disable  stm32f1xx_hal_adc.o
    0x080017da   0x080017da   0x00000002   PAD
    0x080017dc   0x080017dc   0x0000007c   Code   RO          867    i.ADC_Enable        stm32f1xx_hal_adc.o
    0x08001858   0x08001858   0x00000002   Code   RO          637    i.BusFault_Handler  stm32f1xx_it.o
    0x0800185a   0x0800185a   0x00000002   PAD
    0x0800185c   0x0800185c   0x00000054   Code   RO          499    i.CMD_ParseServo    handle_cmd.o
    0x080018b0   0x080018b0   0x0000002c   Code   RO          500    i.CMD_ParseSimple   handle_cmd.o
    0x080018dc   0x080018dc   0x00000078   Code   RO          501    i.CMD_Process       handle_cmd.o
    0x08001954   0x08001954   0x00000088   Code   RO          258    i.Channel_SetState  battery_control.o
    0x080019dc   0x080019dc   0x00000014   Code   RO          261    i.Channels_SetAll_Idle  battery_control.o
    0x080019f0   0x080019f0   0x00000002   Code   RO          638    i.DebugMon_Handler  stm32f1xx_it.o
    0x080019f2   0x080019f2   0x00000002   PAD
    0x080019f4   0x080019f4   0x00000030   Code   RO          797    i.Diagnose_Check    battery_diagnostics.o
    0x08001a24   0x08001a24   0x00000074   Code   RO          798    i.Diagnose_RunIRTest  battery_diagnostics.o
    0x08001a98   0x08001a98   0x00000004   Code   RO          547    i.Error_Handler     main.o
    0x08001a9c   0x08001a9c   0x000000d8   Code   RO         1043    i.HAL_ADCEx_Calibration_Start  stm32f1xx_hal_adc_ex.o
    0x08001b74   0x08001b74   0x000000fc   Code   RO          869    i.HAL_ADC_ConfigChannel  stm32f1xx_hal_adc.o
    0x08001c70   0x08001c70   0x00000006   Code   RO          876    i.HAL_ADC_GetValue  stm32f1xx_hal_adc.o
    0x08001c76   0x08001c76   0x00000002   PAD
    0x08001c78   0x08001c78   0x0000011c   Code   RO          878    i.HAL_ADC_Init      stm32f1xx_hal_adc.o
    0x08001d94   0x08001d94   0x00000058   Code   RO          720    i.HAL_ADC_MspInit   stm32f1xx_hal_msp.o
    0x08001dec   0x08001dec   0x0000013c   Code   RO          882    i.HAL_ADC_PollForConversion  stm32f1xx_hal_adc.o
    0x08001f28   0x08001f28   0x000000c0   Code   RO          884    i.HAL_ADC_Start     stm32f1xx_hal_adc.o
    0x08001fe8   0x08001fe8   0x00000034   Code   RO          887    i.HAL_ADC_Stop      stm32f1xx_hal_adc.o
    0x0800201c   0x0800201c   0x00000046   Code   RO         1520    i.HAL_DMA_Abort     stm32f1xx_hal_dma.o
    0x08002062   0x08002062   0x00000002   PAD
    0x08002064   0x08002064   0x00000098   Code   RO         1521    i.HAL_DMA_Abort_IT  stm32f1xx_hal_dma.o
    0x080020fc   0x080020fc   0x00000024   Code   RO         1146    i.HAL_Delay         stm32f1xx_hal.o
    0x08002120   0x08002120   0x000001e0   Code   RO         1456    i.HAL_GPIO_Init     stm32f1xx_hal_gpio.o
    0x08002300   0x08002300   0x00000010   Code   RO         1459    i.HAL_GPIO_TogglePin  stm32f1xx_hal_gpio.o
    0x08002310   0x08002310   0x0000000a   Code   RO         1460    i.HAL_GPIO_WritePin  stm32f1xx_hal_gpio.o
    0x0800231a   0x0800231a   0x00000002   PAD
    0x0800231c   0x0800231c   0x0000000c   Code   RO         1150    i.HAL_GetTick       stm32f1xx_hal.o
    0x08002328   0x08002328   0x00000188   Code   RO         2127    i.HAL_I2C_Init      stm32f1xx_hal_i2c.o
    0x080024b0   0x080024b0   0x0000016c   Code   RO         2128    i.HAL_I2C_IsDeviceReady  stm32f1xx_hal_i2c.o
    0x0800261c   0x0800261c   0x0000025c   Code   RO         2145    i.HAL_I2C_Mem_Read  stm32f1xx_hal_i2c.o
    0x08002878   0x08002878   0x00000130   Code   RO         2148    i.HAL_I2C_Mem_Write  stm32f1xx_hal_i2c.o
    0x080029a8   0x080029a8   0x0000005c   Code   RO          722    i.HAL_I2C_MspInit   stm32f1xx_hal_msp.o
    0x08002a04   0x08002a04   0x00000010   Code   RO         1156    i.HAL_IncTick       stm32f1xx_hal.o
    0x08002a14   0x08002a14   0x00000024   Code   RO         1157    i.HAL_Init          stm32f1xx_hal.o
    0x08002a38   0x08002a38   0x00000040   Code   RO         1158    i.HAL_InitTick      stm32f1xx_hal.o
    0x08002a78   0x08002a78   0x0000003c   Code   RO          723    i.HAL_MspInit       stm32f1xx_hal_msp.o
    0x08002ab4   0x08002ab4   0x00000022   Code   RO         1615    i.HAL_NVIC_DisableIRQ  stm32f1xx_hal_cortex.o
    0x08002ad6   0x08002ad6   0x0000001a   Code   RO         1616    i.HAL_NVIC_EnableIRQ  stm32f1xx_hal_cortex.o
    0x08002af0   0x08002af0   0x00000040   Code   RO         1622    i.HAL_NVIC_SetPriority  stm32f1xx_hal_cortex.o
    0x08002b30   0x08002b30   0x00000024   Code   RO         1623    i.HAL_NVIC_SetPriorityGrouping  stm32f1xx_hal_cortex.o
    0x08002b54   0x08002b54   0x000000a4   Code   RO         1417    i.HAL_RCCEx_GetPeriphCLKFreq  stm32f1xx_hal_rcc_ex.o
    0x08002bf8   0x08002bf8   0x000000ec   Code   RO         1418    i.HAL_RCCEx_PeriphCLKConfig  stm32f1xx_hal_rcc_ex.o
    0x08002ce4   0x08002ce4   0x0000012c   Code   RO         1314    i.HAL_RCC_ClockConfig  stm32f1xx_hal_rcc.o
    0x08002e10   0x08002e10   0x00000020   Code   RO         1321    i.HAL_RCC_GetPCLK1Freq  stm32f1xx_hal_rcc.o
    0x08002e30   0x08002e30   0x00000020   Code   RO         1322    i.HAL_RCC_GetPCLK2Freq  stm32f1xx_hal_rcc.o
    0x08002e50   0x08002e50   0x0000004c   Code   RO         1323    i.HAL_RCC_GetSysClockFreq  stm32f1xx_hal_rcc.o
    0x08002e9c   0x08002e9c   0x00000320   Code   RO         1326    i.HAL_RCC_OscConfig  stm32f1xx_hal_rcc.o
    0x080031bc   0x080031bc   0x00000028   Code   RO         1627    i.HAL_SYSTICK_Config  stm32f1xx_hal_cortex.o
    0x080031e4   0x080031e4   0x00000068   Code   RO         3278    i.HAL_TIMEx_MasterConfigSynchronization  stm32f1xx_hal_tim_ex.o
    0x0800324c   0x0800324c   0x0000005a   Code   RO         2555    i.HAL_TIM_Base_Init  stm32f1xx_hal_tim.o
    0x080032a6   0x080032a6   0x00000002   PAD
    0x080032a8   0x080032a8   0x00000024   Code   RO          725    i.HAL_TIM_Base_MspInit  stm32f1xx_hal_msp.o
    0x080032cc   0x080032cc   0x000000dc   Code   RO         2564    i.HAL_TIM_ConfigClockSource  stm32f1xx_hal_tim.o
    0x080033a8   0x080033a8   0x00000084   Code   RO          726    i.HAL_TIM_MspPostInit  stm32f1xx_hal_msp.o
    0x0800342c   0x0800342c   0x000000cc   Code   RO         2627    i.HAL_TIM_PWM_ConfigChannel  stm32f1xx_hal_tim.o
    0x080034f8   0x080034f8   0x0000005a   Code   RO         2630    i.HAL_TIM_PWM_Init  stm32f1xx_hal_tim.o
    0x08003552   0x08003552   0x00000002   Code   RO         2632    i.HAL_TIM_PWM_MspInit  stm32f1xx_hal_tim.o
    0x08003554   0x08003554   0x0000009c   Code   RO         2635    i.HAL_TIM_PWM_Start  stm32f1xx_hal_tim.o
    0x080035f0   0x080035f0   0x00000002   Code   RO         3538    i.HAL_UARTEx_RxEventCallback  stm32f1xx_hal_uart.o
    0x080035f2   0x080035f2   0x00000002   Code   RO         3552    i.HAL_UART_ErrorCallback  stm32f1xx_hal_uart.o
    0x080035f4   0x080035f4   0x0000026c   Code   RO         3555    i.HAL_UART_IRQHandler  stm32f1xx_hal_uart.o
    0x08003860   0x08003860   0x00000064   Code   RO         3556    i.HAL_UART_Init     stm32f1xx_hal_uart.o
    0x080038c4   0x080038c4   0x00000080   Code   RO          728    i.HAL_UART_MspInit  stm32f1xx_hal_msp.o
    0x08003944   0x08003944   0x0000001c   Code   RO         3561    i.HAL_UART_Receive_IT  stm32f1xx_hal_uart.o
    0x08003960   0x08003960   0x0000003c   Code   RO          445    i.HAL_UART_RxCpltCallback  uart_dn.o
    0x0800399c   0x0800399c   0x000000a0   Code   RO         3564    i.HAL_UART_Transmit  stm32f1xx_hal_uart.o
    0x08003a3c   0x08003a3c   0x00000002   Code   RO         3567    i.HAL_UART_TxCpltCallback  stm32f1xx_hal_uart.o
    0x08003a3e   0x08003a3e   0x00000002   Code   RO          639    i.HardFault_Handler  stm32f1xx_it.o
    0x08003a40   0x08003a40   0x0000002e   Code   RO         2170    i.I2C_IsAcknowledgeFailed  stm32f1xx_hal_i2c.o
    0x08003a6e   0x08003a6e   0x00000002   PAD
    0x08003a70   0x08003a70   0x000000fc   Code   RO         2180    i.I2C_RequestMemoryRead  stm32f1xx_hal_i2c.o
    0x08003b6c   0x08003b6c   0x000000a8   Code   RO         2181    i.I2C_RequestMemoryWrite  stm32f1xx_hal_i2c.o
    0x08003c14   0x08003c14   0x00000056   Code   RO         2185    i.I2C_WaitOnBTFFlagUntilTimeout  stm32f1xx_hal_i2c.o
    0x08003c6a   0x08003c6a   0x00000002   PAD
    0x08003c6c   0x08003c6c   0x00000090   Code   RO         2186    i.I2C_WaitOnFlagUntilTimeout  stm32f1xx_hal_i2c.o
    0x08003cfc   0x08003cfc   0x000000bc   Code   RO         2187    i.I2C_WaitOnMasterAddressFlagUntilTimeout  stm32f1xx_hal_i2c.o
    0x08003db8   0x08003db8   0x00000070   Code   RO         2188    i.I2C_WaitOnRXNEFlagUntilTimeout  stm32f1xx_hal_i2c.o
    0x08003e28   0x08003e28   0x00000056   Code   RO         2189    i.I2C_WaitOnTXEFlagUntilTimeout  stm32f1xx_hal_i2c.o
    0x08003e7e   0x08003e7e   0x00000002   PAD
    0x08003e80   0x08003e80   0x00000040   Code   RO           14    i.INA219_GetBatteryLife  ina219.o
    0x08003ec0   0x08003ec0   0x0000002c   Code   RO           18    i.INA219_HealthCheck  ina219.o
    0x08003eec   0x08003eec   0x00000044   Code   RO           19    i.INA219_Init       ina219.o
    0x08003f30   0x08003f30   0x00000034   Code   RO          345    i.INA219_Manager_Init  ina219_manager.o
    0x08003f64   0x08003f64   0x000000b8   Code   RO          346    i.INA219_Manager_Read  ina219_manager.o
    0x0800401c   0x0800401c   0x0000000e   Code   RO           20    i.INA219_ReadBusVoltage  ina219.o
    0x0800402a   0x0800402a   0x00000012   Code   RO           21    i.INA219_ReadCurrent  ina219.o
    0x0800403c   0x0800403c   0x00000012   Code   RO           22    i.INA219_ReadCurrent_raw  ina219.o
    0x0800404e   0x0800404e   0x00000016   Code   RO           25    i.INA219_Reset      ina219.o
    0x08004064   0x08004064   0x00000008   Code   RO           27    i.INA219_setCalibration  ina219.o
    0x0800406c   0x0800406c   0x0000002c   Code   RO           30    i.INA219_setCalibration_32V_2A  ina219.o
    0x08004098   0x08004098   0x00000008   Code   RO           31    i.INA219_setConfig  ina219.o
    0x080040a0   0x080040a0   0x00000050   Code   RO          548    i.MX_ADC1_Init      main.o
    0x080040f0   0x080040f0   0x000000d0   Code   RO          549    i.MX_GPIO_Init      main.o
    0x080041c0   0x080041c0   0x000000c8   Code   RO          550    i.MX_TIM2_Init      main.o
    0x08004288   0x08004288   0x00000002   Code   RO          640    i.MemManage_Handler  stm32f1xx_it.o
    0x0800428a   0x0800428a   0x00000002   Code   RO          641    i.NMI_Handler       stm32f1xx_it.o
    0x0800428c   0x0800428c   0x000000c4   Code   RO          381    i.NTC_GetTemperature  ntc_sensor.o
    0x08004350   0x08004350   0x00000002   Code   RO          642    i.PendSV_Handler    stm32f1xx_it.o
    0x08004352   0x08004352   0x00000028   Code   RO          415    i.RINGBUF_Get       ringbuffer.o
    0x0800437a   0x0800437a   0x00000016   Code   RO          416    i.RINGBUF_Init      ringbuffer.o
    0x08004390   0x08004390   0x00000026   Code   RO          417    i.RINGBUF_Put       ringbuffer.o
    0x080043b6   0x080043b6   0x00000026   Code   RO           33    i.Read16            ina219.o
    0x080043dc   0x080043dc   0x00000002   Code   RO          643    i.SVC_Handler       stm32f1xx_it.o
    0x080043de   0x080043de   0x00000002   PAD
    0x080043e0   0x080043e0   0x00000070   Code   RO          309    i.Servo_SetAngle    servo_control.o
    0x08004450   0x08004450   0x00000028   Code   RO          310    i.Servos_Init       servo_control.o
    0x08004478   0x08004478   0x00000004   Code   RO          644    i.SysTick_Handler   stm32f1xx_it.o
    0x0800447c   0x0800447c   0x00000078   Code   RO          551    i.SystemClock_Config  main.o
    0x080044f4   0x080044f4   0x00000002   Code   RO         3890    i.SystemInit        system_stm32f1xx.o
    0x080044f6   0x080044f6   0x00000002   PAD
    0x080044f8   0x080044f8   0x00000078   Code   RO         2648    i.TIM_Base_SetConfig  stm32f1xx_hal_tim.o
    0x08004570   0x08004570   0x0000001a   Code   RO         2649    i.TIM_CCxChannelCmd  stm32f1xx_hal_tim.o
    0x0800458a   0x0800458a   0x00000014   Code   RO         2659    i.TIM_ETR_SetConfig  stm32f1xx_hal_tim.o
    0x0800459e   0x0800459e   0x00000010   Code   RO         2660    i.TIM_ITRx_SetConfig  stm32f1xx_hal_tim.o
    0x080045ae   0x080045ae   0x00000002   PAD
    0x080045b0   0x080045b0   0x00000050   Code   RO         2661    i.TIM_OC1_SetConfig  stm32f1xx_hal_tim.o
    0x08004600   0x08004600   0x00000058   Code   RO         2662    i.TIM_OC2_SetConfig  stm32f1xx_hal_tim.o
    0x08004658   0x08004658   0x00000058   Code   RO         2663    i.TIM_OC3_SetConfig  stm32f1xx_hal_tim.o
    0x080046b0   0x080046b0   0x00000044   Code   RO         2664    i.TIM_OC4_SetConfig  stm32f1xx_hal_tim.o
    0x080046f4   0x080046f4   0x00000022   Code   RO         2666    i.TIM_TI1_ConfigInputStage  stm32f1xx_hal_tim.o
    0x08004716   0x08004716   0x00000024   Code   RO         2668    i.TIM_TI2_ConfigInputStage  stm32f1xx_hal_tim.o
    0x0800473a   0x0800473a   0x00000010   Code   RO         3569    i.UART_DMAAbortOnError  stm32f1xx_hal_uart.o
    0x0800474a   0x0800474a   0x0000004e   Code   RO         3579    i.UART_EndRxTransfer  stm32f1xx_hal_uart.o
    0x08004798   0x08004798   0x0000006c   Code   RO          446    i.UART_Handler_GetLine  uart_dn.o
    0x08004804   0x08004804   0x0000002c   Code   RO          447    i.UART_Handler_Init  uart_dn.o
    0x08004830   0x08004830   0x00000020   Code   RO          448    i.UART_Handler_TransmitString  uart_dn.o
    0x08004850   0x08004850   0x000000c2   Code   RO         3581    i.UART_Receive_IT   stm32f1xx_hal_uart.o
    0x08004912   0x08004912   0x00000002   PAD
    0x08004914   0x08004914   0x000000b8   Code   RO         3582    i.UART_SetConfig    stm32f1xx_hal_uart.o
    0x080049cc   0x080049cc   0x00000036   Code   RO         3584    i.UART_Start_Receive_IT  stm32f1xx_hal_uart.o
    0x08004a02   0x08004a02   0x00000072   Code   RO         3585    i.UART_WaitOnFlagUntilTimeout  stm32f1xx_hal_uart.o
    0x08004a74   0x08004a74   0x0000000c   Code   RO          645    i.USART1_IRQHandler  stm32f1xx_it.o
    0x08004a80   0x08004a80   0x00000002   Code   RO          646    i.UsageFault_Handler  stm32f1xx_it.o
    0x08004a82   0x08004a82   0x0000002c   Code   RO           34    i.Write16           ina219.o
    0x08004aae   0x08004aae   0x00000028   Code   RO         4150    i.__ARM_fpclassify  m_ws.l(fpclassify.o)
    0x08004ad6   0x08004ad6   0x00000020   Code   RO         1629    i.__NVIC_SetPriority  stm32f1xx_hal_cortex.o
    0x08004af6   0x08004af6   0x0000000a   Code   RO         4065    i.__mathlib_flt_divzero  m_ws.l(funder.o)
    0x08004b00   0x08004b00   0x00000006   Code   RO         4066    i.__mathlib_flt_infnan  m_ws.l(funder.o)
    0x08004b06   0x08004b06   0x00000008   Code   RO         4068    i.__mathlib_flt_invalid  m_ws.l(funder.o)
    0x08004b0e   0x08004b0e   0x0000000e   Code   RO         3948    i._is_digit         c_w.l(__printf_wp.o)
    0x08004b1c   0x08004b1c   0x00000040   Code   RO          552    i.get_channel_state_string  main.o
    0x08004b5c   0x08004b5c   0x00000190   Code   RO         4020    i.logf              m_ws.l(logf.o)
    0x08004cec   0x08004cec   0x0000039c   Code   RO          553    i.main              main.o
    0x08005088   0x08005088   0x000000f4   Code   RO          554    i.report_status_task  main.o
    0x0800517c   0x0800517c   0x0000002c   Code   RO         4138    locale$$code        c_w.l(lc_numeric_c.o)
    0x080051a8   0x080051a8   0x0000002c   Code   RO         4157    locale$$code        c_w.l(lc_ctype_c.o)
    0x080051d4   0x080051d4   0x0000000c   Code   RO         4054    x$fpl$dretinf       fz_ws.l(dretinf.o)
    0x080051e0   0x080051e0   0x00000056   Code   RO         3991    x$fpl$f2d           fz_ws.l(f2d.o)
    0x08005236   0x08005236   0x00000002   PAD
    0x08005238   0x08005238   0x000000c4   Code   RO         3993    x$fpl$fadd          fz_ws.l(faddsub_clz.o)
    0x080052fc   0x080052fc   0x0000000c   Code   RO         4144    x$fpl$fcheck1       fz_ws.l(fcheck1.o)
    0x08005308   0x08005308   0x00000018   Code   RO         4146    x$fpl$fcmpinf       fz_ws.l(fcmpi.o)
    0x08005320   0x08005320   0x00000184   Code   RO         4000    x$fpl$fdiv          fz_ws.l(fdiv.o)
    0x080054a4   0x080054a4   0x0000003e   Code   RO         4003    x$fpl$ffixu         fz_ws.l(ffixu.o)
    0x080054e2   0x080054e2   0x00000002   PAD
    0x080054e4   0x080054e4   0x00000030   Code   RO         4008    x$fpl$fflt          fz_ws.l(fflt_clz.o)
    0x08005514   0x08005514   0x00000026   Code   RO         4007    x$fpl$ffltu         fz_ws.l(fflt_clz.o)
    0x0800553a   0x0800553a   0x00000002   PAD
    0x0800553c   0x0800553c   0x00000068   Code   RO         4056    x$fpl$fleqf         fz_ws.l(fleqf.o)
    0x080055a4   0x080055a4   0x00000102   Code   RO         4013    x$fpl$fmul          fz_ws.l(fmul.o)
    0x080056a6   0x080056a6   0x0000008c   Code   RO         4058    x$fpl$fnaninf       fz_ws.l(fnaninf.o)
    0x08005732   0x08005732   0x0000000a   Code   RO         4060    x$fpl$fretinf       fz_ws.l(fretinf.o)
    0x0800573c   0x0800573c   0x00000062   Code   RO         4015    x$fpl$frleqf        fz_ws.l(frleqf.o)
    0x0800579e   0x0800579e   0x00000002   PAD
    0x080057a0   0x080057a0   0x000000ea   Code   RO         3995    x$fpl$fsub          fz_ws.l(faddsub_clz.o)
    0x0800588a   0x0800588a   0x00000004   Code   RO         4017    x$fpl$printf1       fz_ws.l(printf1.o)
    0x0800588e   0x0800588e   0x00000064   Code   RO         4214    x$fpl$retnan        fz_ws.l(retnan.o)
    0x080058f2   0x080058f2   0x0000004c   Code   RO         4062    x$fpl$scalbnf       fz_ws.l(scalbnf.o)
    0x0800593e   0x0800593e   0x00000030   Code   RO         4222    x$fpl$trapveneer    fz_ws.l(trapv.o)
    0x0800596e   0x0800596e   0x00000000   Code   RO         4064    x$fpl$usenofp       fz_ws.l(usenofp.o)
    0x0800596e   0x0800596e   0x00000002   PAD
    0x08005970   0x08005970   0x00000010   Data   RO          311    .constdata          servo_control.o
    0x08005980   0x08005980   0x00000004   Data   RO          348    .constdata          ina219_manager.o
    0x08005984   0x08005984   0x00000010   Data   RO          556    .constdata          main.o
    0x08005994   0x08005994   0x00000012   Data   RO         1327    .constdata          stm32f1xx_hal_rcc.o
    0x080059a6   0x080059a6   0x00000012   Data   RO         1419    .constdata          stm32f1xx_hal_rcc_ex.o
    0x080059b8   0x080059b8   0x00000010   Data   RO         3891    .constdata          system_stm32f1xx.o
    0x080059c8   0x080059c8   0x00000008   Data   RO         3892    .constdata          system_stm32f1xx.o
    0x080059d0   0x080059d0   0x00000040   Data   RO         4021    .constdata          m_ws.l(logf.o)
    0x08005a10   0x08005a10   0x00000094   Data   RO         4113    .constdata          c_w.l(bigflt0.o)
    0x08005aa4   0x08005aa4   0x00000020   Data   RO         4297    Region$$Table       anon$$obj.o
    0x08005ac4   0x08005ac4   0x0000001c   Data   RO         4137    locale$$data        c_w.l(lc_numeric_c.o)
    0x08005ae0   0x08005ae0   0x00000110   Data   RO         4156    locale$$data        c_w.l(lc_ctype_c.o)


    Execution Region RW_IRAM1 (Exec base: 0x20000000, Load base: 0x08005bf0, Size: 0x00000a80, Max: 0x00005000, ABSOLUTE)

    Exec Addr    Load Addr    Size         Type   Attr      Idx    E Section Name        Object

    0x20000000   0x08005bf0   0x00000004   Data   RW          312    .data               servo_control.o
    0x20000004   0x08005bf4   0x00000008   Data   RW          450    .data               uart_dn.o
    0x2000000c   0x08005bfc   0x00000018   Data   RW          557    .data               main.o
    0x20000024   0x08005c14   0x0000000c   Data   RW         1164    .data               stm32f1xx_hal.o
    0x20000030   0x08005c20   0x00000004   Data   RW         3893    .data               system_stm32f1xx.o
    0x20000034   0x08005c24   0x00000004   Data   RW         3965    .data               c_w.l(strtok.o)
    0x20000038        -       0x00000140   Zero   RW          347    .bss                ina219_manager.o
    0x20000178        -       0x00000110   Zero   RW          449    .bss                uart_dn.o
    0x20000288        -       0x00000194   Zero   RW          555    .bss                main.o
    0x2000041c        -       0x00000060   Zero   RW         4080    .bss                c_w.l(libspace.o)
    0x2000047c   0x08005c28   0x00000004   PAD
    0x20000480        -       0x00000200   Zero   RW            2    HEAP                startup_stm32f103xb.o
    0x20000680        -       0x00000400   Zero   RW            1    STACK               startup_stm32f103xb.o


==============================================================================

Image component sizes


      Code (inc. data)   RO Data    RW Data    ZI Data      Debug   Object Name

       156         10          0          0          0       2586   battery_control.o
       164         20          0          0          0       1530   battery_diagnostics.o
       248         48          0          0          0       2389   handle_cmd.o
       390          8          0          0          0     465084   ina219.o
       236         30          4          0        320       2636   ina219_manager.o
      1844        214         16         24        404      11195   main.o
       196         28          0          0          0       1233   ntc_sensor.o
       100          0          0          0          0       2639   ringbuffer.o
       152         26         16          4          0       1887   servo_control.o
        64         26        236          0       1536        800   startup_stm32f103xb.o
       164         28          0         12          0       5825   stm32f1xx_hal.o
      1312         54          0          0          0       7139   stm32f1xx_hal_adc.o
       216          6          0          0          0       1414   stm32f1xx_hal_adc_ex.o
       232         14          0          0          0      29533   stm32f1xx_hal_cortex.o
       222          4          0          0          0       1739   stm32f1xx_hal_dma.o
       506         34          0          0          0       3457   stm32f1xx_hal_gpio.o
      2746         66          0          0          0      14298   stm32f1xx_hal_i2c.o
       536         68          0          0          0       4150   stm32f1xx_hal_msp.o
      1240         84         18          0          0       5052   stm32f1xx_hal_rcc.o
       400         28         18          0          0       2441   stm32f1xx_hal_rcc_ex.o
      1338         44          0          0          0      12176   stm32f1xx_hal_tim.o
       104         12          0          0          0       1336   stm32f1xx_hal_tim_ex.o
      1554         10          0          0          0      10812   stm32f1xx_hal_uart.o
        32          6          0          0          0       4206   stm32f1xx_it.o
         2          0         24          4          0       1083   system_stm32f1xx.o
       244         30          0          8        272       3587   uart_dn.o

    ----------------------------------------------------------------------
     14426        898        364         52       2532     600227   Object Totals
         0          0         32          0          0          0   (incl. Generated)
        28          0          0          0          0          0   (incl. Padding)

    ----------------------------------------------------------------------

      Code (inc. data)   RO Data    RW Data    ZI Data      Debug   Library Member Name

         8          0          0          0          0         68   __main.o
       284          0          0          0          0        156   __printf_wp.o
         0          0          0          0          0          0   __rtentry.o
        12          0          0          0          0          0   __rtentry2.o
         6          0          0          0          0          0   __rtentry4.o
        52          8          0          0          0          0   __scatter.o
        26          0          0          0          0          0   __scatter_copy.o
        28          0          0          0          0          0   __scatter_zi.o
        28          0          0          0          0         68   _chval.o
        44          0          0          0          0        108   _printf_char.o
        48          6          0          0          0         96   _printf_char_common.o
         6          0          0          0          0          0   _printf_d.o
       120         16          0          0          0         92   _printf_dec.o
         6          0          0          0          0          0   _printf_f.o
      1054          0          0          0          0        216   _printf_fp_dec.o
       128         16          0          0          0         84   _printf_fp_infnan.o
       178          0          0          0          0         88   _printf_intcommon.o
         0          0          0          0          0          0   _printf_percent.o
         4          0          0          0          0          0   _printf_percent_end.o
         6          0          0          0          0          0   _printf_s.o
        82          0          0          0          0         80   _printf_str.o
        22          0          0          0          0        100   _rserrno.o
        10          0          0          0          0         68   _sputc.o
       158          0          0          0          0         92   _strtoul.o
        26          0          0          0          0         80   atoi.o
       228          4        148          0          0         96   bigflt0.o
      1936        128          0          0          0        672   btod.o
        18          0          0          0          0         80   exit.o
         6          0          0          0          0        152   heapauxi.o
         0          0          0          0          0          0   indicate_semi.o
        44         10        272          0          0         76   lc_ctype_c.o
        44         10         28          0          0         76   lc_numeric_c.o
         2          0          0          0          0          0   libinit.o
        30          0          0          0          0          0   libinit2.o
         2          0          0          0          0          0   libshutdown.o
         2          0          0          0          0          0   libshutdown2.o
         8          4          0          0         96         68   libspace.o
       138          0          0          0          0         80   lludiv10.o
        40          6          0          0          0         84   noretval__2sprintf.o
        16          4          0          0          0         76   rt_ctype_table.o
         8          4          0          0          0         68   rt_errno_addr_intlibspace.o
         8          4          0          0          0         68   rt_locale_intlibspace.o
        78          0          0          0          0         80   rt_memclr_w.o
       100          0          0          0          0         80   rt_memcpy_w.o
         2          0          0          0          0          0   rtexit.o
        10          0          0          0          0          0   rtexit2.o
       128          0          0          0          0         68   strcmpv7m.o
        72          0          0          0          0         80   strcpy.o
        32          0          0          0          0         80   strcspn.o
        62          0          0          0          0         76   strlen.o
       150          0          0          0          0         80   strncmp.o
        28          0          0          0          0         80   strspn.o
        12          6          0          4          0         68   strtok.o
        68          4          0          0          0         84   strtok_int.o
       112          0          0          0          0         88   strtol.o
        12          4          0          0          0         68   sys_exit.o
        74          0          0          0          0         80   sys_stackheap_outer.o
         2          0          0          0          0         68   use_no_semi.o
        12          0          0          0          0         68   dretinf.o
        86          4          0          0          0         84   f2d.o
       430          8          0          0          0        168   faddsub_clz.o
        12          4          0          0          0         68   fcheck1.o
        24          0          0          0          0         68   fcmpi.o
       388         76          0          0          0         96   fdiv.o
        62          4          0          0          0         84   ffixu.o
        86          0          0          0          0        136   fflt_clz.o
       104          4          0          0          0         84   fleqf.o
       258          4          0          0          0         84   fmul.o
       140          4          0          0          0         84   fnaninf.o
        10          0          0          0          0         68   fretinf.o
        98          0          0          0          0         68   frleqf.o
         4          0          0          0          0         68   printf1.o
       100          0          0          0          0         68   retnan.o
        76          0          0          0          0         68   scalbnf.o
        48          0          0          0          0         68   trapv.o
         0          0          0          0          0          0   usenofp.o
        40          0          0          0          0         68   fpclassify.o
        24          0          0          0          0        204   funder.o
       400         38         64          0          0        132   logf.o

    ----------------------------------------------------------------------
      8234        380        512          4        100       5908   Library Totals
        24          0          0          0          4          0   (incl. Padding)

    ----------------------------------------------------------------------

      Code (inc. data)   RO Data    RW Data    ZI Data      Debug   Library Name

      5808        234        448          4         96       4072   c_w.l
      1938        108          0          0          0       1432   fz_ws.l
       464         38         64          0          0        404   m_ws.l

    ----------------------------------------------------------------------
      8234        380        512          4        100       5908   Library Totals

    ----------------------------------------------------------------------

==============================================================================


      Code (inc. data)   RO Data    RW Data    ZI Data      Debug   

     22660       1278        876         56       2632     596095   Grand Totals
     22660       1278        876         56       2632     596095   ELF Image Totals
     22660       1278        876         56          0          0   ROM Totals

==============================================================================

    Total RO  Size (Code + RO Data)                23536 (  22.98kB)
    Total RW  Size (RW Data + ZI Data)              2688 (   2.63kB)
    Total ROM Size (Code + RO Data + RW Data)      23592 (  23.04kB)

==============================================================================

