Component: ARM Compiler 5.06 update 6 (build 750) Tool: armlink [4d35ed]

==============================================================================

Section Cross References

    startup_stm32f103xb.o(STACK) refers (Special) to heapauxi.o(.text) for __use_two_region_memory
    startup_stm32f103xb.o(HEAP) refers (Special) to heapauxi.o(.text) for __use_two_region_memory
    startup_stm32f103xb.o(RESET) refers (Special) to heapauxi.o(.text) for __use_two_region_memory
    startup_stm32f103xb.o(RESET) refers to startup_stm32f103xb.o(STACK) for __initial_sp
    startup_stm32f103xb.o(RESET) refers to startup_stm32f103xb.o(.text) for Reset_Handler
    startup_stm32f103xb.o(RESET) refers to stm32f1xx_it.o(i.NMI_Handler) for NMI_Handler
    startup_stm32f103xb.o(RESET) refers to stm32f1xx_it.o(i.HardFault_Handler) for HardFault_Handler
    startup_stm32f103xb.o(RESET) refers to stm32f1xx_it.o(i.MemManage_Handler) for MemManage_Handler
    startup_stm32f103xb.o(RESET) refers to stm32f1xx_it.o(i.BusFault_Handler) for BusFault_Handler
    startup_stm32f103xb.o(RESET) refers to stm32f1xx_it.o(i.UsageFault_Handler) for UsageFault_Handler
    startup_stm32f103xb.o(RESET) refers to stm32f1xx_it.o(i.SVC_Handler) for SVC_Handler
    startup_stm32f103xb.o(RESET) refers to stm32f1xx_it.o(i.DebugMon_Handler) for DebugMon_Handler
    startup_stm32f103xb.o(RESET) refers to stm32f1xx_it.o(i.PendSV_Handler) for PendSV_Handler
    startup_stm32f103xb.o(RESET) refers to stm32f1xx_it.o(i.SysTick_Handler) for SysTick_Handler
    startup_stm32f103xb.o(RESET) refers to stm32f1xx_it.o(i.USART1_IRQHandler) for USART1_IRQHandler
    startup_stm32f103xb.o(.text) refers (Special) to heapauxi.o(.text) for __use_two_region_memory
    startup_stm32f103xb.o(.text) refers to system_stm32f1xx.o(i.SystemInit) for SystemInit
    startup_stm32f103xb.o(.text) refers to __main.o(!!!main) for __main
    startup_stm32f103xb.o(.text) refers to startup_stm32f103xb.o(HEAP) for Heap_Mem
    startup_stm32f103xb.o(.text) refers to startup_stm32f103xb.o(STACK) for Stack_Mem
    main.o(i.CheckPinNewInitial) refers to battery_diagnostics.o(i.CheckDiagnose) for CheckDiagnose
    main.o(i.CheckPinNewInitial) refers to battery_diagnostics.o(i.RunIRTestDiagnose) for RunIRTestDiagnose
    main.o(i.CheckPinNewInitial) refers to stm32f1xx_hal.o(i.HAL_GetTick) for HAL_GetTick
    main.o(i.CheckPinNewInitial) refers to main.o(.data) for .data
    main.o(i.HandlerStateCharge) refers to stm32f1xx_hal.o(i.HAL_GetTick) for HAL_GetTick
    main.o(i.InitialAllINA219) refers to ina219_manager.o(i.SetAddressManagerINA219) for SetAddressManagerINA219
    main.o(i.InitialAllPinBattery) refers to battery_control.o(i.InitChannelBattery) for InitChannelBattery
    main.o(i.InitialAllPinServo) refers to servo_control.o(i.InitServo) for InitServo
    main.o(i.InitialAllPinServo) refers to main.o(.bss) for .bss
    main.o(i.InitialStateBeginChannelBattery) refers to main.o(.bss) for .bss
    main.o(i.MX_ADC1_Init) refers to stm32f1xx_hal_adc.o(i.HAL_ADC_Init) for HAL_ADC_Init
    main.o(i.MX_ADC1_Init) refers to stm32f1xx_hal_adc.o(i.HAL_ADC_ConfigChannel) for HAL_ADC_ConfigChannel
    main.o(i.MX_ADC1_Init) refers to main.o(.bss) for .bss
    main.o(i.MX_GPIO_Init) refers to stm32f1xx_hal_gpio.o(i.HAL_GPIO_WritePin) for HAL_GPIO_WritePin
    main.o(i.MX_GPIO_Init) refers to stm32f1xx_hal_gpio.o(i.HAL_GPIO_Init) for HAL_GPIO_Init
    main.o(i.MX_TIM2_Init) refers to rt_memclr_w.o(.text) for __aeabi_memclr4
    main.o(i.MX_TIM2_Init) refers to stm32f1xx_hal_tim.o(i.HAL_TIM_Base_Init) for HAL_TIM_Base_Init
    main.o(i.MX_TIM2_Init) refers to stm32f1xx_hal_tim.o(i.HAL_TIM_ConfigClockSource) for HAL_TIM_ConfigClockSource
    main.o(i.MX_TIM2_Init) refers to stm32f1xx_hal_tim.o(i.HAL_TIM_PWM_Init) for HAL_TIM_PWM_Init
    main.o(i.MX_TIM2_Init) refers to stm32f1xx_hal_tim_ex.o(i.HAL_TIMEx_MasterConfigSynchronization) for HAL_TIMEx_MasterConfigSynchronization
    main.o(i.MX_TIM2_Init) refers to stm32f1xx_hal_tim.o(i.HAL_TIM_PWM_ConfigChannel) for HAL_TIM_PWM_ConfigChannel
    main.o(i.MX_TIM2_Init) refers to stm32f1xx_hal_msp.o(i.HAL_TIM_MspPostInit) for HAL_TIM_MspPostInit
    main.o(i.MX_TIM2_Init) refers to main.o(.bss) for .bss
    main.o(i.ReportStatusTask) refers to _printf_percent.o(.ARM.Collect$$_printf_percent$$00000000) for _printf_percent
    main.o(i.ReportStatusTask) refers to _printf_d.o(.ARM.Collect$$_printf_percent$$00000009) for _printf_d
    main.o(i.ReportStatusTask) refers to _printf_f.o(.ARM.Collect$$_printf_percent$$00000003) for _printf_f
    main.o(i.ReportStatusTask) refers to _printf_s.o(.ARM.Collect$$_printf_percent$$00000014) for _printf_s
    main.o(i.ReportStatusTask) refers to _printf_dec.o(.text) for _printf_int_dec
    main.o(i.ReportStatusTask) refers to printf1.o(x$fpl$printf1) for _printf_fp_dec
    main.o(i.ReportStatusTask) refers to _printf_str.o(.text) for _printf_str
    main.o(i.ReportStatusTask) refers to f2d.o(x$fpl$f2d) for __aeabi_f2d
[...]
    servo_timer                              0x2000023c   Data          12  servo_control.o(.bss)
    .bss                                     0x20000248   Section      272  uart_dn.o(.bss)
    rx_ringbuf                               0x20000248   Data          16  uart_dn.o(.bss)
    rx_buffer                                0x20000258   Data         256  uart_dn.o(.bss)
    .bss                                     0x20000358   Section       96  libspace.o(.bss)
    HEAP                                     0x200003b8   Section      512  startup_stm32f103xb.o(HEAP)
    Heap_Mem                                 0x200003b8   Data         512  startup_stm32f103xb.o(HEAP)
    STACK                                    0x200005b8   Section     1024  startup_stm32f103xb.o(STACK)
    Stack_Mem                                0x200005b8   Data        1024  startup_stm32f103xb.o(STACK)
    __initial_sp                             0x200009b8   Data           0  startup_stm32f103xb.o(STACK)

    Global Symbols

    Symbol Name                              Value     Ov Type        Size  Object(Section)

    BuildAttributes$$THM_ISAv4$P$D$K$B$S$PE$A:L22UL41UL21$X:L11$S22US41US21$IEEE1$IW$USESV6$~STKCKD$USESV7$~SHL$OTIME$ROPI$IEEEX$EBA8$UX$STANDARDLIB$REQ8$PRES8$EABIv2 0x00000000   Number         0  anon$$obj.o ABSOLUTE
    __ARM_use_no_argv                        0x00000000   Number         0  main.o ABSOLUTE
    _printf_flags                            0x00000000   Number         0  printf_stubs.o ABSOLUTE
    _printf_return_value                     0x00000000   Number         0  printf_stubs.o ABSOLUTE
    _printf_sizespec                         0x00000000   Number         0  printf_stubs.o ABSOLUTE
    _printf_widthprec                        0x00000000   Number         0  printf_stubs.o ABSOLUTE
    __ARM_exceptions_init                     - Undefined Weak Reference
    __alloca_initialize                       - Undefined Weak Reference
    __arm_preinit_                            - Undefined Weak Reference
    __cpp_initialize__aeabi_                  - Undefined Weak Reference
    __cxa_finalize                            - Undefined Weak Reference
    __sigvec_lookup                           - Undefined Weak Reference
    _atexit_init                              - Undefined Weak Reference
    _call_atexit_fns                          - Undefined Weak Reference
    _clock_init                               - Undefined Weak Reference
    _fp_trap_init                             - Undefined Weak Reference
    _fp_trap_shutdown                         - Undefined Weak Reference
    _get_lc_collate                           - Undefined Weak Reference
    _get_lc_monetary                          - Undefined Weak Reference
    _get_lc_time                              - Undefined Weak Reference
    _getenv_init                              - Undefined Weak Reference
    _handle_redirection                       - Undefined Weak Reference
    _init_alloc                               - Undefined Weak Reference
    _init_user_alloc                          - Undefined Weak Reference
    _initio                                   - Undefined Weak Reference
    _printf_mbtowc                            - Undefined Weak Reference
    _printf_wc                                - Undefined Weak Reference
    _rand_init                                - Undefined Weak Reference
    _signal_finish                            - Undefined Weak Reference
    _signal_init                              - Undefined Weak Reference
    _terminate_alloc                          - Undefined Weak Reference
    _terminate_user_alloc                     - Undefined Weak Reference
    _terminateio                              - Undefined Weak Reference
    __Vectors_Size                           0x000000ec   Number         0  startup_stm32f103xb.o ABSOLUTE
    __Vectors                                0x08000000   Data           4  startup_stm32f103xb.o(RESET)
    __Vectors_End                            0x080000ec   Data           0  startup_stm32f103xb.o(RESET)
    __main                                   0x080000ed   Thumb Code     8  __main.o(!!!main)
    __scatterload                            0x080000f5   Thumb Code     0  __scatter.o(!!!scatter)
    __scatterload_rt2                        0x080000f5   Thumb Code    44  __scatter.o(!!!scatter)
    __scatterload_rt2_thumb_only             0x080000f5   Thumb Code     0  __scatter.o(!!!scatter)
    __scatterload_null                       0x08000103   Thumb Code     0  __scatter.o(!!!scatter)
    __scatterload_copy                       0x08000129   Thumb Code    26  __scatter_copy.o(!!handler_copy)
    __scatterload_zeroinit                   0x08000145   Thumb Code    28  __scatter_zi.o(!!handler_zi)
    _printf_f                                0x08000161   Thumb Code     0  _printf_f.o(.ARM.Collect$$_printf_percent$$00000003)
    _printf_percent                          0x08000161   Thumb Code     0  _printf_percent.o(.ARM.Collect$$_printf_percent$$00000000)
    _printf_i                                0x08000167   Thumb Code     0  _printf_i.o(.ARM.Collect$$_printf_percent$$00000008)
    _printf_d                                0x0800016d   Thumb Code     0  _printf_d.o(.ARM.Collect$$_printf_percent$$00000009)
    _printf_u                                0x08000173   Thumb Code     0  _printf_u.o(.ARM.Collect$$_printf_percent$$0000000A)
    _printf_o                                0x08000179   Thumb Code     0  _printf_o.o(.ARM.Collect$$_printf_percent$$0000000B)
    _printf_x                                0x0800017f   Thumb Code     0  _printf_x.o(.ARM.Collect$$_printf_percent$$0000000C)
    _printf_l                                0x08000185   Thumb Code     0  _printf_l.o(.ARM.Collect$$_printf_percent$$00000012)
    _printf_c                                0x0800018f   Thumb Code     0  _printf_c.o(.ARM.Collect$$_printf_percent$$00000013)
    _printf_s                                0x08000195   Thumb Code     0  _printf_s.o(.ARM.Collect$$_printf_percent$$00000014)
    _printf_lc                               0x0800019b   Thumb Code     0  _printf_lc.o(.ARM.Collect$$_printf_percent$$00000015)
    _printf_percent_end                      0x080001a1   Thumb Code     0  _printf_percent_end.o(.ARM.Collect$$_printf_percent$$00000017)
    __rt_lib_init                            0x080001a5   Thumb Code     0  libinit.o(.ARM.Collect$$libinit$$00000000)
    __rt_lib_init_fp_1                       0x080001a7   Thumb Code     0  libinit2.o(.ARM.Collect$$libinit$$00000002)
    __rt_lib_init_heap_1                     0x080001a7   Thumb Code     0  libinit2.o(.ARM.Collect$$libinit$$0000000A)
    __rt_lib_init_lc_common                  0x080001a7   Thumb Code     0  libinit2.o(.ARM.Collect$$libinit$$0000000F)
    __rt_lib_init_preinit_1                  0x080001a7   Thumb Code     0  libinit2.o(.ARM.Collect$$libinit$$00000004)
    __rt_lib_init_rand_1                     0x080001a7   Thumb Code     0  libinit2.o(.ARM.Collect$$libinit$$0000000E)
    __rt_lib_init_user_alloc_1               0x080001a7   Thumb Code     0  libinit2.o(.ARM.Collect$$libinit$$0000000C)
    __rt_lib_init_lc_collate_1               0x080001ad   Thumb Code     0  libinit2.o(.ARM.Collect$$libinit$$00000011)
    __rt_lib_init_lc_ctype_2                 0x080001ad   Thumb Code     0  libinit2.o(.ARM.Collect$$libinit$$00000012)
    __rt_lib_init_lc_ctype_1                 0x080001b9   Thumb Code     0  libinit2.o(.ARM.Collect$$libinit$$00000013)
    __rt_lib_init_lc_monetary_1              0x080001b9   Thumb Code     0  libinit2.o(.ARM.Collect$$libinit$$00000015)
    __rt_lib_init_lc_numeric_2               0x080001b9   Thumb Code     0  libinit2.o(.ARM.Collect$$libinit$$00000016)
    __rt_lib_init_alloca_1                   0x080001c3   Thumb Code     0  libinit2.o(.ARM.Collect$$libinit$$0000002E)
    __rt_lib_init_argv_1                     0x080001c3   Thumb Code     0  libinit2.o(.ARM.Collect$$libinit$$0000002C)
    __rt_lib_init_atexit_1                   0x080001c3   Thumb Code     0  libinit2.o(.ARM.Collect$$libinit$$0000001B)
    __rt_lib_init_clock_1                    0x080001c3   Thumb Code     0  libinit2.o(.ARM.Collect$$libinit$$00000021)
    __rt_lib_init_cpp_1                      0x080001c3   Thumb Code     0  libinit2.o(.ARM.Collect$$libinit$$00000032)
    __rt_lib_init_exceptions_1               0x080001c3   Thumb Code     0  libinit2.o(.ARM.Collect$$libinit$$00000030)
    __rt_lib_init_fp_trap_1                  0x080001c3   Thumb Code     0  libinit2.o(.ARM.Collect$$libinit$$0000001F)
    __rt_lib_init_getenv_1                   0x080001c3   Thumb Code     0  libinit2.o(.ARM.Collect$$libinit$$00000023)
    __rt_lib_init_lc_numeric_1               0x080001c3   Thumb Code     0  libinit2.o(.ARM.Collect$$libinit$$00000017)
    __rt_lib_init_lc_time_1                  0x080001c3   Thumb Code     0  libinit2.o(.ARM.Collect$$libinit$$00000019)
    __rt_lib_init_return                     0x080001c3   Thumb Code     0  libinit2.o(.ARM.Collect$$libinit$$00000033)
    __rt_lib_init_signal_1                   0x080001c3   Thumb Code     0  libinit2.o(.ARM.Collect$$libinit$$0000001D)
    __rt_lib_init_stdio_1                    0x080001c3   Thumb Code     0  libinit2.o(.ARM.Collect$$libinit$$00000025)
    __rt_lib_shutdown                        0x080001c5   Thumb Code     0  libshutdown.o(.ARM.Collect$$libshutdown$$00000000)
    __rt_lib_shutdown_cpp_1                  0x080001c7   Thumb Code     0  libshutdown2.o(.ARM.Collect$$libshutdown$$00000002)
    __rt_lib_shutdown_fp_trap_1              0x080001c7   Thumb Code     0  libshutdown2.o(.ARM.Collect$$libshutdown$$00000007)
    __rt_lib_shutdown_heap_1                 0x080001c7   Thumb Code     0  libshutdown2.o(.ARM.Collect$$libshutdown$$0000000F)
    __rt_lib_shutdown_return                 0x080001c7   Thumb Code     0  libshutdown2.o(.ARM.Collect$$libshutdown$$00000010)
    __rt_lib_shutdown_signal_1               0x080001c7   Thumb Code     0  libshutdown2.o(.ARM.Collect$$libshutdown$$0000000A)
    __rt_lib_shutdown_stdio_1                0x080001c7   Thumb Code     0  libshutdown2.o(.ARM.Collect$$libshutdown$$00000004)
    __rt_lib_shutdown_user_alloc_1           0x080001c7   Thumb Code     0  libshutdown2.o(.ARM.Collect$$libshutdown$$0000000C)
    __rt_entry                               0x080001c9   Thumb Code     0  __rtentry.o(.ARM.Collect$$rtentry$$00000000)
    __rt_entry_presh_1                       0x080001c9   Thumb Code     0  __rtentry2.o(.ARM.Collect$$rtentry$$00000002)
    __rt_entry_sh                            0x080001c9   Thumb Code     0  __rtentry4.o(.ARM.Collect$$rtentry$$00000004)
    __rt_entry_li                            0x080001cf   Thumb Code     0  __rtentry2.o(.ARM.Collect$$rtentry$$0000000A)
    __rt_entry_postsh_1                      0x080001cf   Thumb Code     0  __rtentry2.o(.ARM.Collect$$rtentry$$00000009)
    __rt_entry_main                          0x080001d3   Thumb Code     0  __rtentry2.o(.ARM.Collect$$rtentry$$0000000D)
    __rt_entry_postli_1                      0x080001d3   Thumb Code     0  __rtentry2.o(.ARM.Collect$$rtentry$$0000000C)
    __rt_exit                                0x080001db   Thumb Code     0  rtexit.o(.ARM.Collect$$rtexit$$00000000)
    __rt_exit_ls                             0x080001dd   Thumb Code     0  rtexit2.o(.ARM.Collect$$rtexit$$00000003)
    __rt_exit_prels_1                        0x080001dd   Thumb Code     0  rtexit2.o(.ARM.Collect$$rtexit$$00000002)
    __rt_exit_exit                           0x080001e1   Thumb Code     0  rtexit2.o(.ARM.Collect$$rtexit$$00000004)
    Reset_Handler                            0x080001e9   Thumb Code     8  startup_stm32f103xb.o(.text)
    ADC1_2_IRQHandler                        0x08000203   Thumb Code     0  startup_stm32f103xb.o(.text)
    CAN1_RX1_IRQHandler                      0x08000203   Thumb Code     0  startup_stm32f103xb.o(.text)
    CAN1_SCE_IRQHandler                      0x08000203   Thumb Code     0  startup_stm32f103xb.o(.text)
    DMA1_Channel1_IRQHandler                 0x08000203   Thumb Code     0  startup_stm32f103xb.o(.text)
    DMA1_Channel2_IRQHandler                 0x08000203   Thumb Code     0  startup_stm32f103xb.o(.text)
    DMA1_Channel3_IRQHandler                 0x08000203   Thumb Code     0  startup_stm32f103xb.o(.text)
    DMA1_Channel4_IRQHandler                 0x08000203   Thumb Code     0  startup_stm32f103xb.o(.text)
    DMA1_Channel5_IRQHandler                 0x08000203   Thumb Code     0  startup_stm32f103xb.o(.text)
    DMA1_Channel6_IRQHandler                 0x08000203   Thumb Code     0  startup_stm32f103xb.o(.text)
    DMA1_Channel7_IRQHandler                 0x08000203   Thumb Code     0  startup_stm32f103xb.o(.text)
    EXTI0_IRQHandler                         0x08000203   Thumb Code     0  startup_stm32f103xb.o(.text)
    EXTI15_10_IRQHandler                     0x08000203   Thumb Code     0  startup_stm32f103xb.o(.text)
    EXTI1_IRQHandler                         0x08000203   Thumb Code     0  startup_stm32f103xb.o(.text)
    EXTI2_IRQHandler                         0x08000203   Thumb Code     0  startup_stm32f103xb.o(.text)
    EXTI3_IRQHandler                         0x08000203   Thumb Code     0  startup_stm32f103xb.o(.text)
    EXTI4_IRQHandler                         0x08000203   Thumb Code     0  startup_stm32f103xb.o(.text)
    EXTI9_5_IRQHandler                       0x08000203   Thumb Code     0  startup_stm32f103xb.o(.text)
    FLASH_IRQHandler                         0x08000203   Thumb Code     0  startup_stm32f103xb.o(.text)
    I2C1_ER_IRQHandler                       0x08000203   Thumb Code     0  startup_stm32f103xb.o(.text)
    I2C1_EV_IRQHandler                       0x08000203   Thumb Code     0  startup_stm32f103xb.o(.text)
    I2C2_ER_IRQHandler                       0x08000203   Thumb Code     0  startup_stm32f103xb.o(.text)
    I2C2_EV_IRQHandler                       0x08000203   Thumb Code     0  startup_stm32f103xb.o(.text)
    PVD_IRQHandler                           0x08000203   Thumb Code     0  startup_stm32f103xb.o(.text)
    RCC_IRQHandler                           0x08000203   Thumb Code     0  startup_stm32f103xb.o(.text)
    RTC_Alarm_IRQHandler                     0x08000203   Thumb Code     0  startup_stm32f103xb.o(.text)
    RTC_IRQHandler                           0x08000203   Thumb Code     0  startup_stm32f103xb.o(.text)
    SPI1_IRQHandler                          0x08000203   Thumb Code     0  startup_stm32f103xb.o(.text)
    SPI2_IRQHandler                          0x08000203   Thumb Code     0  startup_stm32f103xb.o(.text)
    TAMPER_IRQHandler                        0x08000203   Thumb Code     0  startup_stm32f103xb.o(.text)
    TIM1_BRK_IRQHandler                      0x08000203   Thumb Code     0  startup_stm32f103xb.o(.text)
    TIM1_CC_IRQHandler                       0x08000203   Thumb Code     0  startup_stm32f103xb.o(.text)
    TIM1_TRG_COM_IRQHandler                  0x08000203   Thumb Code     0  startup_stm32f103xb.o(.text)
    TIM1_UP_IRQHandler                       0x08000203   Thumb Code     0  startup_stm32f103xb.o(.text)
    TIM2_IRQHandler                          0x08000203   Thumb Code     0  startup_stm32f103xb.o(.text)
    TIM3_IRQHandler                          0x08000203   Thumb Code     0  startup_stm32f103xb.o(.text)
    TIM4_IRQHandler                          0x08000203   Thumb Code     0  startup_stm32f103xb.o(.text)
    USART2_IRQHandler                        0x08000203   Thumb Code     0  startup_stm32f103xb.o(.text)
    USART3_IRQHandler                        0x08000203   Thumb Code     0  startup_stm32f103xb.o(.text)
    USBWakeUp_IRQHandler                     0x08000203   Thumb Code     0  startup_stm32f103xb.o(.text)
    USB_HP_CAN1_TX_IRQHandler                0x08000203   Thumb Code     0  startup_stm32f103xb.o(.text)
    USB_LP_CAN1_RX0_IRQHandler               0x08000203   Thumb Code     0  startup_stm32f103xb.o(.text)
    WWDG_IRQHandler                          0x08000203   Thumb Code     0  startup_stm32f103xb.o(.text)
    __user_initial_stackheap                 0x08000205   Thumb Code     0  startup_stm32f103xb.o(.text)
    __2sprintf                               0x08000229   Thumb Code    34  noretval__2sprintf.o(.text)
    _printf_pre_padding                      0x08000251   Thumb Code    44  _printf_pad.o(.text)
    _printf_post_padding                     0x0800027d   Thumb Code    34  _printf_pad.o(.text)
    _printf_truncate_signed                  0x0800029f   Thumb Code    18  _printf_truncate.o(.text)
    _printf_truncate_unsigned                0x080002b1   Thumb Code    18  _printf_truncate.o(.text)
    _printf_str                              0x080002c3   Thumb Code    82  _printf_str.o(.text)
    _printf_int_dec                          0x08000315   Thumb Code   104  _printf_dec.o(.text)
    _printf_wctomb                           0x0800038d   Thumb Code   182  _printf_wctomb.o(.text)
    _printf_int_oct                          0x08000449   Thumb Code    72  _printf_oct_int.o(.text)
    _printf_longlong_oct                     0x08000449   Thumb Code     0  _printf_oct_int.o(.text)
    _printf_int_hex                          0x08000499   Thumb Code    84  _printf_hex_int.o(.text)
    _printf_longlong_hex                     0x08000499   Thumb Code     0  _printf_hex_int.o(.text)
    __printf                                 0x080004f1   Thumb Code   388  __printf_flags_ss_wp.o(.text)
    atoi                                     0x08000679   Thumb Code    26  atoi.o(.text)
    _strtok_r                                0x08000693   Thumb Code     4  strtok_r.o(.text)
    strtok_r                                 0x08000693   Thumb Code     0  strtok_r.o(.text)
    strcpy                                   0x08000697   Thumb Code    72  strcpy.o(.text)
    strlen                                   0x080006df   Thumb Code    62  strlen.o(.text)
    __aeabi_memcpy4                          0x0800071d   Thumb Code     0  rt_memcpy_w.o(.text)
    __aeabi_memcpy8                          0x0800071d   Thumb Code     0  rt_memcpy_w.o(.text)
    __rt_memcpy_w                            0x0800071d   Thumb Code   100  rt_memcpy_w.o(.text)
    _memcpy_lastbytes_aligned                0x08000765   Thumb Code     0  rt_memcpy_w.o(.text)
    __aeabi_memclr4                          0x08000781   Thumb Code     0  rt_memclr_w.o(.text)
    __aeabi_memclr8                          0x08000781   Thumb Code     0  rt_memclr_w.o(.text)
    __rt_memclr_w                            0x08000781   Thumb Code    78  rt_memclr_w.o(.text)
    _memset_w                                0x08000785   Thumb Code     0  rt_memclr_w.o(.text)
    strcmp                                   0x080007d1   Thumb Code   128  strcmpv7m.o(.text)
    __use_two_region_memory                  0x08000851   Thumb Code     2  heapauxi.o(.text)
    __rt_heap_escrow$2region                 0x08000853   Thumb Code     2  heapauxi.o(.text)
    __rt_heap_expand$2region                 0x08000855   Thumb Code     2  heapauxi.o(.text)
    __aeabi_errno_addr                       0x08000859   Thumb Code     8  rt_errno_addr_intlibspace.o(.text)
    __errno$intlibspace                      0x08000859   Thumb Code     0  rt_errno_addr_intlibspace.o(.text)
    __rt_errno_addr$intlibspace              0x08000859   Thumb Code     0  rt_errno_addr_intlibspace.o(.text)
    __read_errno                             0x08000861   Thumb Code    10  _rserrno.o(.text)
    __set_errno                              0x0800086b   Thumb Code    12  _rserrno.o(.text)
    _printf_int_common                       0x08000877   Thumb Code   178  _printf_intcommon.o(.text)
    __lib_sel_fp_printf                      0x08000929   Thumb Code     2  _printf_fp_dec.o(.text)
    _printf_fp_dec_real                      0x08000adb   Thumb Code   620  _printf_fp_dec.o(.text)
    _printf_char_common                      0x08000d53   Thumb Code    32  _printf_char_common.o(.text)
    _sputc                                   0x08000d79   Thumb Code    10  _sputc.o(.text)
    _printf_cs_common                        0x08000d83   Thumb Code    20  _printf_char.o(.text)
    _printf_char                             0x08000d97   Thumb Code    16  _printf_char.o(.text)
    _printf_string                           0x08000da7   Thumb Code     8  _printf_char.o(.text)
    _printf_lcs_common                       0x08000daf   Thumb Code    20  _printf_wchar.o(.text)
    _printf_wchar                            0x08000dc3   Thumb Code    16  _printf_wchar.o(.text)
    _printf_wstring                          0x08000dd3   Thumb Code     8  _printf_wchar.o(.text)
    strtol                                   0x08000ddb   Thumb Code   112  strtol.o(.text)
    _wcrtomb                                 0x08000e4b   Thumb Code    64  _wcrtomb.o(.text)
    __strtok_internal                        0x08000e8d   Thumb Code    64  strtok_int.o(.text)
    __user_libspace                          0x08000ed1   Thumb Code     8  libspace.o(.text)
    __user_perproc_libspace                  0x08000ed1   Thumb Code     0  libspace.o(.text)
    __user_perthread_libspace                0x08000ed1   Thumb Code     0  libspace.o(.text)
    __rt_ctype_table                         0x08000ed9   Thumb Code    16  rt_ctype_table.o(.text)
    __rt_locale                              0x08000ee9   Thumb Code     8  rt_locale_intlibspace.o(.text)
    _ll_udiv10                               0x08000ef1   Thumb Code   138  lludiv10.o(.text)
    _printf_fp_infnan                        0x08000f7d   Thumb Code   112  _printf_fp_infnan.o(.text)
    _strtoul                                 0x08000ffd   Thumb Code   158  _strtoul.o(.text)
    _btod_etento                             0x0800109d   Thumb Code   224  bigflt0.o(.text)
    strcspn                                  0x08001181   Thumb Code    32  strcspn.o(.text)
    strspn                                   0x080011a1   Thumb Code    28  strspn.o(.text)
    __user_setup_stackheap                   0x080011bd   Thumb Code    74  sys_stackheap_outer.o(.text)
    _chval                                   0x08001207   Thumb Code    28  _chval.o(.text)
    exit                                     0x08001223   Thumb Code    18  exit.o(.text)
    _sys_exit                                0x08001235   Thumb Code     8  sys_exit.o(.text)
    __I$use$semihosting                      0x08001241   Thumb Code     0  use_no_semi.o(.text)
    __use_no_semihosting_swi                 0x08001241   Thumb Code     2  use_no_semi.o(.text)
    __semihosting_library_function           0x08001243   Thumb Code     0  indicate_semi.o(.text)
    _btod_d2e                                0x08001243   Thumb Code    62  btod.o(CL$$btod_d2e)
    _d2e_denorm_low                          0x08001281   Thumb Code    70  btod.o(CL$$btod_d2e_denorm_low)
    _d2e_norm_op1                            0x080012c7   Thumb Code    96  btod.o(CL$$btod_d2e_norm_op1)
    __btod_div_common                        0x08001327   Thumb Code   696  btod.o(CL$$btod_div_common)
    _e2e                                     0x0800165f   Thumb Code   220  btod.o(CL$$btod_e2e)
    _btod_ediv                               0x0800173b   Thumb Code    42  btod.o(CL$$btod_ediv)
    _btod_emul                               0x08001765   Thumb Code    42  btod.o(CL$$btod_emul)
    __btod_mult_common                       0x0800178f   Thumb Code   580  btod.o(CL$$btod_mult_common)
    ADC_ConversionStop_Disable               0x080019d5   Thumb Code    86  stm32f1xx_hal_adc.o(i.ADC_ConversionStop_Disable)
    ADC_Enable                               0x08001a2d   Thumb Code   114  stm32f1xx_hal_adc.o(i.ADC_Enable)
    BackLogic                                0x08001aa9   Thumb Code     8  handle_cmd.o(i.BackLogic)
    BusFault_Handler                         0x08001ab5   Thumb Code     2  stm32f1xx_it.o(i.BusFault_Handler)
    CMDProcessAll                            0x08001ab9   Thumb Code    74  handle_cmd.o(i.CMDProcessAll)
    ChargeHandler                            0x08001b11   Thumb Code     6  handle_cmd.o(i.ChargeHandler)
    CheckDiagnose                            0x08001b19   Thumb Code    40  battery_diagnostics.o(i.CheckDiagnose)
    CheckPinCorrect                          0x08001b49   Thumb Code     8  handle_cmd.o(i.CheckPinCorrect)
    CheckPinNewInitial                       0x08001b55   Thumb Code    92  main.o(i.CheckPinNewInitial)
    CheckPinWrong                            0x08001bbd   Thumb Code     8  handle_cmd.o(i.CheckPinWrong)
    CloseAllServo                            0x08001bc9   Thumb Code    20  servo_control.o(i.CloseAllServo)
    DebugMon_Handler                         0x08001be5   Thumb Code     2  stm32f1xx_it.o(i.DebugMon_Handler)
    GetLineHandlerUART                       0x08001be9   Thumb Code   138  uart_dn.o(i.GetLineHandlerUART)
    GetRingBuf                               0x08001c89   Thumb Code    40  ringbuffer.o(i.GetRingBuf)
    GetTemperatureNTC                        0x08001cb1   Thumb Code   166  ntc_sensor.o(i.GetTemperatureNTC)
    HAL_ADCEx_Calibration_Start              0x08001d7d   Thumb Code   210  stm32f1xx_hal_adc_ex.o(i.HAL_ADCEx_Calibration_Start)
    HAL_ADC_ConfigChannel                    0x08001e55   Thumb Code   240  stm32f1xx_hal_adc.o(i.HAL_ADC_ConfigChannel)
    HAL_ADC_GetValue                         0x08001f51   Thumb Code     6  stm32f1xx_hal_adc.o(i.HAL_ADC_GetValue)
    HAL_ADC_Init                             0x08001f59   Thumb Code   272  stm32f1xx_hal_adc.o(i.HAL_ADC_Init)
    HAL_ADC_MspInit                          0x08002075   Thumb Code    76  stm32f1xx_hal_msp.o(i.HAL_ADC_MspInit)
    HAL_ADC_PollForConversion                0x080020cd   Thumb Code   304  stm32f1xx_hal_adc.o(i.HAL_ADC_PollForConversion)
    HAL_ADC_Start                            0x08002209   Thumb Code   184  stm32f1xx_hal_adc.o(i.HAL_ADC_Start)
    HAL_ADC_Stop                             0x080022c9   Thumb Code    52  stm32f1xx_hal_adc.o(i.HAL_ADC_Stop)
    HAL_DMA_Abort                            0x080022fd   Thumb Code    70  stm32f1xx_hal_dma.o(i.HAL_DMA_Abort)
    HAL_DMA_Abort_IT                         0x08002345   Thumb Code   148  stm32f1xx_hal_dma.o(i.HAL_DMA_Abort_IT)
    HAL_Delay                                0x080023dd   Thumb Code    32  stm32f1xx_hal.o(i.HAL_Delay)
    HAL_GPIO_Init                            0x08002401   Thumb Code   446  stm32f1xx_hal_gpio.o(i.HAL_GPIO_Init)
    HAL_GPIO_TogglePin                       0x080025e1   Thumb Code    16  stm32f1xx_hal_gpio.o(i.HAL_GPIO_TogglePin)
    HAL_GPIO_WritePin                        0x080025f1   Thumb Code    10  stm32f1xx_hal_gpio.o(i.HAL_GPIO_WritePin)
    HAL_GetTick                              0x080025fd   Thumb Code     6  stm32f1xx_hal.o(i.HAL_GetTick)
    HAL_I2C_Init                             0x08002609   Thumb Code   376  stm32f1xx_hal_i2c.o(i.HAL_I2C_Init)
    HAL_I2C_IsDeviceReady                    0x08002791   Thumb Code   354  stm32f1xx_hal_i2c.o(i.HAL_I2C_IsDeviceReady)
    HAL_I2C_Mem_Read                         0x080028fd   Thumb Code   586  stm32f1xx_hal_i2c.o(i.HAL_I2C_Mem_Read)
    HAL_I2C_Mem_Write                        0x08002b59   Thumb Code   294  stm32f1xx_hal_i2c.o(i.HAL_I2C_Mem_Write)
    HAL_I2C_MspInit                          0x08002c89   Thumb Code    80  stm32f1xx_hal_msp.o(i.HAL_I2C_MspInit)
    HAL_IncTick                              0x08002ce5   Thumb Code    12  stm32f1xx_hal.o(i.HAL_IncTick)
    HAL_Init                                 0x08002cf5   Thumb Code    32  stm32f1xx_hal.o(i.HAL_Init)
    HAL_InitTick                             0x08002d19   Thumb Code    54  stm32f1xx_hal.o(i.HAL_InitTick)
    HAL_MspInit                              0x08002d59   Thumb Code    52  stm32f1xx_hal_msp.o(i.HAL_MspInit)
    HAL_NVIC_DisableIRQ                      0x08002d95   Thumb Code    34  stm32f1xx_hal_cortex.o(i.HAL_NVIC_DisableIRQ)
    HAL_NVIC_EnableIRQ                       0x08002db7   Thumb Code    26  stm32f1xx_hal_cortex.o(i.HAL_NVIC_EnableIRQ)
    HAL_NVIC_SetPriority                     0x08002dd1   Thumb Code    60  stm32f1xx_hal_cortex.o(i.HAL_NVIC_SetPriority)
    HAL_NVIC_SetPriorityGrouping             0x08002e11   Thumb Code    26  stm32f1xx_hal_cortex.o(i.HAL_NVIC_SetPriorityGrouping)
    HAL_RCCEx_GetPeriphCLKFreq               0x08002e35   Thumb Code   148  stm32f1xx_hal_rcc_ex.o(i.HAL_RCCEx_GetPeriphCLKFreq)
    HAL_RCCEx_PeriphCLKConfig                0x08002ed9   Thumb Code   224  stm32f1xx_hal_rcc_ex.o(i.HAL_RCCEx_PeriphCLKConfig)
    HAL_RCC_ClockConfig                      0x08002fc5   Thumb Code   280  stm32f1xx_hal_rcc.o(i.HAL_RCC_ClockConfig)
    HAL_RCC_GetPCLK1Freq                     0x080030f1   Thumb Code    20  stm32f1xx_hal_rcc.o(i.HAL_RCC_GetPCLK1Freq)
    HAL_RCC_GetPCLK2Freq                     0x08003111   Thumb Code    20  stm32f1xx_hal_rcc.o(i.HAL_RCC_GetPCLK2Freq)
    HAL_RCC_GetSysClockFreq                  0x08003131   Thumb Code    58  stm32f1xx_hal_rcc.o(i.HAL_RCC_GetSysClockFreq)
    HAL_RCC_OscConfig                        0x0800317d   Thumb Code   778  stm32f1xx_hal_rcc.o(i.HAL_RCC_OscConfig)
    HAL_SYSTICK_Config                       0x0800349d   Thumb Code    40  stm32f1xx_hal_cortex.o(i.HAL_SYSTICK_Config)
    HAL_TIMEx_MasterConfigSynchronization    0x080034c5   Thumb Code    92  stm32f1xx_hal_tim_ex.o(i.HAL_TIMEx_MasterConfigSynchronization)
    HAL_TIM_Base_Init                        0x0800352d   Thumb Code    90  stm32f1xx_hal_tim.o(i.HAL_TIM_Base_Init)
    HAL_TIM_Base_MspInit                     0x08003589   Thumb Code    30  stm32f1xx_hal_msp.o(i.HAL_TIM_Base_MspInit)
    HAL_TIM_ConfigClockSource                0x080035ad   Thumb Code   220  stm32f1xx_hal_tim.o(i.HAL_TIM_ConfigClockSource)
    HAL_TIM_MspPostInit                      0x08003689   Thumb Code   114  stm32f1xx_hal_msp.o(i.HAL_TIM_MspPostInit)
    HAL_TIM_PWM_ConfigChannel                0x0800370d   Thumb Code   204  stm32f1xx_hal_tim.o(i.HAL_TIM_PWM_ConfigChannel)
    HAL_TIM_PWM_Init                         0x080037d9   Thumb Code    90  stm32f1xx_hal_tim.o(i.HAL_TIM_PWM_Init)
    HAL_TIM_PWM_MspInit                      0x08003833   Thumb Code     2  stm32f1xx_hal_tim.o(i.HAL_TIM_PWM_MspInit)
    HAL_TIM_PWM_Start                        0x08003835   Thumb Code   144  stm32f1xx_hal_tim.o(i.HAL_TIM_PWM_Start)
    HAL_UARTEx_RxEventCallback               0x080038d1   Thumb Code     2  stm32f1xx_hal_uart.o(i.HAL_UARTEx_RxEventCallback)
    HAL_UART_ErrorCallback                   0x080038d3   Thumb Code     2  stm32f1xx_hal_uart.o(i.HAL_UART_ErrorCallback)
    HAL_UART_IRQHandler                      0x080038d5   Thumb Code   616  stm32f1xx_hal_uart.o(i.HAL_UART_IRQHandler)
    HAL_UART_Init                            0x08003b41   Thumb Code   100  stm32f1xx_hal_uart.o(i.HAL_UART_Init)
    HAL_UART_MspInit                         0x08003ba5   Thumb Code   116  stm32f1xx_hal_msp.o(i.HAL_UART_MspInit)
    HAL_UART_Receive_IT                      0x08003c25   Thumb Code    28  stm32f1xx_hal_uart.o(i.HAL_UART_Receive_IT)
    HAL_UART_RxCpltCallback                  0x08003c41   Thumb Code    38  uart_dn.o(i.HAL_UART_RxCpltCallback)
    HAL_UART_Transmit                        0x08003c71   Thumb Code   160  stm32f1xx_hal_uart.o(i.HAL_UART_Transmit)
    HAL_UART_TxCpltCallback                  0x08003d11   Thumb Code     2  stm32f1xx_hal_uart.o(i.HAL_UART_TxCpltCallback)
    HandlerStateCharge                       0x08003d15   Thumb Code   134  main.o(i.HandlerStateCharge)
    HardFault_Handler                        0x08003db5   Thumb Code     2  stm32f1xx_it.o(i.HardFault_Handler)
    INA219_GetBatteryLife                    0x0800422d   Thumb Code    60  ina219.o(i.INA219_GetBatteryLife)
    INA219_HealthCheck                       0x0800426d   Thumb Code    44  ina219.o(i.INA219_HealthCheck)
    INA219_Init                              0x08004299   Thumb Code    92  ina219.o(i.INA219_Init)
    INA219_ReadBusVoltage                    0x080042f9   Thumb Code    14  ina219.o(i.INA219_ReadBusVoltage)
    INA219_ReadCurrent                       0x08004309   Thumb Code    20  ina219.o(i.INA219_ReadCurrent)
    INA219_ReadCurrent_raw                   0x08004321   Thumb Code    12  ina219.o(i.INA219_ReadCurrent_raw)
    INA219_ReadPower                         0x0800432d   Thumb Code    28  ina219.o(i.INA219_ReadPower)
    INA219_setCalibration_32V_Average        0x08004355   Thumb Code    42  ina219.o(i.INA219_setCalibration_32V_Average)
    InitChannelBattery                       0x0800438d   Thumb Code    46  battery_control.o(i.InitChannelBattery)
    InitHandlerUART                          0x080043c1   Thumb Code    34  uart_dn.o(i.InitHandlerUART)
    InitManagerINA219                        0x080043ed   Thumb Code    44  ina219_manager.o(i.InitManagerINA219)
    InitRingBuf                              0x08004425   Thumb Code    24  ringbuffer.o(i.InitRingBuf)
    InitServo                                0x0800443d   Thumb Code    44  servo_control.o(i.InitServo)
    InitialAllINA219                         0x0800446d   Thumb Code    30  main.o(i.InitialAllINA219)
    InitialAllPinBattery                     0x0800448d   Thumb Code    58  main.o(i.InitialAllPinBattery)
    InitialAllPinServo                       0x080044d1   Thumb Code    36  main.o(i.InitialAllPinServo)
    InitialPinLogic                          0x080044f9   Thumb Code    64  handle_cmd.o(i.InitialPinLogic)
    InitialStateBeginChannelBattery          0x08004559   Thumb Code    28  main.o(i.InitialStateBeginChannelBattery)
    MemManage_Handler                        0x08004761   Thumb Code     2  stm32f1xx_it.o(i.MemManage_Handler)
    NMI_Handler                              0x08004763   Thumb Code     2  stm32f1xx_it.o(i.NMI_Handler)
    OpenAllServo                             0x08004765   Thumb Code    18  servo_control.o(i.OpenAllServo)
    PendSV_Handler                           0x08004781   Thumb Code     2  stm32f1xx_it.o(i.PendSV_Handler)
    PinOffHandler                            0x08004783   Thumb Code     6  handle_cmd.o(i.PinOffHandler)
    PutRingBuf                               0x08004789   Thumb Code    38  ringbuffer.o(i.PutRingBuf)
    ReadManagerINA219                        0x080047d5   Thumb Code   106  ina219_manager.o(i.ReadManagerINA219)
    ReportStatusTask                         0x08004851   Thumb Code   170  main.o(i.ReportStatusTask)
    RunIRTestDiagnose                        0x0800492d   Thumb Code   118  battery_diagnostics.o(i.RunIRTestDiagnose)
    RunManagerServo                          0x080049b1   Thumb Code   136  servo_control.o(i.RunManagerServo)
    SVC_Handler                              0x08004a41   Thumb Code     2  stm32f1xx_it.o(i.SVC_Handler)
    ServoHandler                             0x08004a81   Thumb Code    96  handle_cmd.o(i.ServoHandler)
    SetAddressManagerINA219                  0x08004aed   Thumb Code    14  ina219_manager.o(i.SetAddressManagerINA219)
    SetAllStateChannelBattery                0x08004b01   Thumb Code    34  battery_control.o(i.SetAllStateChannelBattery)
    SetAngleServo                            0x08004b25   Thumb Code    98  servo_control.o(i.SetAngleServo)
    SetIdleAllChannelBattery                 0x08004b95   Thumb Code    10  battery_control.o(i.SetIdleAllChannelBattery)
    SetStateChannelBattery                   0x08004ba1   Thumb Code    90  battery_control.o(i.SetStateChannelBattery)
    SwapPinLogic                             0x08004c15   Thumb Code    54  handle_cmd.o(i.SwapPinLogic)
    SysTick_Handler                          0x08004c99   Thumb Code     4  stm32f1xx_it.o(i.SysTick_Handler)
    SystemClock_Config                       0x08004c9d   Thumb Code   120  main.o(i.SystemClock_Config)
    SystemInit                               0x08004d15   Thumb Code     2  system_stm32f1xx.o(i.SystemInit)
    TIM_Base_SetConfig                       0x08004d19   Thumb Code   108  stm32f1xx_hal_tim.o(i.TIM_Base_SetConfig)
    TIM_CCxChannelCmd                        0x08004d91   Thumb Code    26  stm32f1xx_hal_tim.o(i.TIM_CCxChannelCmd)
    TIM_ETR_SetConfig                        0x08004dab   Thumb Code    20  stm32f1xx_hal_tim.o(i.TIM_ETR_SetConfig)
    TIM_OC2_SetConfig                        0x08004e21   Thumb Code    84  stm32f1xx_hal_tim.o(i.TIM_OC2_SetConfig)
    TakePinLogic                             0x08004f5d   Thumb Code    38  handle_cmd.o(i.TakePinLogic)
    TestHandler                              0x08004fbd   Thumb Code     6  handle_cmd.o(i.TestHandler)
    TransmitStringHandlerUART                0x08004fc5   Thumb Code    28  uart_dn.o(i.TransmitStringHandlerUART)
    UART_Start_Receive_IT                    0x080051bd   Thumb Code    54  stm32f1xx_hal_uart.o(i.UART_Start_Receive_IT)
    USART1_IRQHandler                        0x08005265   Thumb Code     6  stm32f1xx_it.o(i.USART1_IRQHandler)
    UsageFault_Handler                       0x08005271   Thumb Code     2  stm32f1xx_it.o(i.UsageFault_Handler)
    __ARM_fpclassify                         0x0800529b   Thumb Code    40  fpclassify.o(i.__ARM_fpclassify)
    __mathlib_flt_divzero                    0x080052e3   Thumb Code    10  funder.o(i.__mathlib_flt_divzero)
    __mathlib_flt_infnan                     0x080052ed   Thumb Code     6  funder.o(i.__mathlib_flt_infnan)
    __mathlib_flt_invalid                    0x080052f3   Thumb Code     8  funder.o(i.__mathlib_flt_invalid)
    _is_digit                                0x080052fb   Thumb Code    14  __printf_wp.o(i._is_digit)
    get_channel_state_string                 0x08005309   Thumb Code    38  main.o(i.get_channel_state_string)
    __mathlib_logf                           0x08005349   Thumb Code     0  logf.o(i.logf)
    logf                                     0x08005349   Thumb Code   362  logf.o(i.logf)
    main                                     0x080054d9   Thumb Code  1544  main.o(i.main)
    _get_lc_numeric                          0x08005ae9   Thumb Code    44  lc_numeric_c.o(locale$$code)
    _get_lc_ctype                            0x08005b15   Thumb Code    44  lc_ctype_c.o(locale$$code)
    __fpl_dretinf                            0x08005b41   Thumb Code    12  dretinf.o(x$fpl$dretinf)
    __aeabi_f2d                              0x08005b4d   Thumb Code     0  f2d.o(x$fpl$f2d)
    _f2d                                     0x08005b4d   Thumb Code    86  f2d.o(x$fpl$f2d)
    __aeabi_fadd                             0x08005ba5   Thumb Code     0  faddsub_clz.o(x$fpl$fadd)
    _fadd                                    0x08005ba5   Thumb Code   196  faddsub_clz.o(x$fpl$fadd)
    __fpl_fcheck_NaN1                        0x08005c69   Thumb Code     6  fcheck1.o(x$fpl$fcheck1)
    __fpl_fcmp_Inf                           0x08005c75   Thumb Code    24  fcmpi.o(x$fpl$fcmpinf)
    __aeabi_fdiv                             0x08005c8d   Thumb Code     0  fdiv.o(x$fpl$fdiv)
    _fdiv                                    0x08005c8d   Thumb Code   384  fdiv.o(x$fpl$fdiv)
    __aeabi_f2uiz                            0x08005e11   Thumb Code     0  ffixu.o(x$fpl$ffixu)
    _ffixu                                   0x08005e11   Thumb Code    62  ffixu.o(x$fpl$ffixu)
    __aeabi_i2f                              0x08005e51   Thumb Code     0  fflt_clz.o(x$fpl$fflt)
    _fflt                                    0x08005e51   Thumb Code    48  fflt_clz.o(x$fpl$fflt)
    __aeabi_ui2f                             0x08005e81   Thumb Code     0  fflt_clz.o(x$fpl$ffltu)
    _ffltu                                   0x08005e81   Thumb Code    38  fflt_clz.o(x$fpl$ffltu)
    __aeabi_cfcmple                          0x08005ea9   Thumb Code     0  fleqf.o(x$fpl$fleqf)
    _fcmple                                  0x08005ea9   Thumb Code   104  fleqf.o(x$fpl$fleqf)
    __fpl_fcmple_InfNaN                      0x08005efb   Thumb Code     0  fleqf.o(x$fpl$fleqf)
    __aeabi_fmul                             0x08005f11   Thumb Code     0  fmul.o(x$fpl$fmul)
    _fmul                                    0x08005f11   Thumb Code   258  fmul.o(x$fpl$fmul)
    __fpl_fnaninf                            0x08006013   Thumb Code   140  fnaninf.o(x$fpl$fnaninf)
    __fpl_fretinf                            0x0800609f   Thumb Code    10  fretinf.o(x$fpl$fretinf)
    __aeabi_cfrcmple                         0x080060a9   Thumb Code     0  frleqf.o(x$fpl$frleqf)
    _frcmple                                 0x080060a9   Thumb Code    98  frleqf.o(x$fpl$frleqf)
    __aeabi_fsub                             0x0800610d   Thumb Code     0  faddsub_clz.o(x$fpl$fsub)
    _fsub                                    0x0800610d   Thumb Code   234  faddsub_clz.o(x$fpl$fsub)
    _printf_fp_dec                           0x080061f7   Thumb Code     4  printf1.o(x$fpl$printf1)
    __fpl_return_NaN                         0x080061fb   Thumb Code   100  retnan.o(x$fpl$retnan)
    __ARM_scalbnf                            0x0800625f   Thumb Code    76  scalbnf.o(x$fpl$scalbnf)
    __fpl_cmpreturn                          0x080062ab   Thumb Code    48  trapv.o(x$fpl$trapveneer)
    __I$use$fp                               0x080062da   Number         0  usenofp.o(x$fpl$usenofp)
    ADC_Channel                              0x080062dc   Data          12  main.o(.constdata)
    AHBPrescTable                            0x0800630c   Data          16  system_stm32f1xx.o(.constdata)
    APBPrescTable                            0x0800631c   Data           8  system_stm32f1xx.o(.constdata)
    Region$$Table$$Base                      0x080064e8   Number         0  anon$$obj.o(Region$$Table)
    Region$$Table$$Limit                     0x08006508   Number         0  anon$$obj.o(Region$$Table)
    __ctype                                  0x08006531   Data           0  lc_ctype_c.o(locale$$data)
    status_machine                           0x20000000   Data           1  main.o(.data)
    id_pin_percent_max                       0x20000001   Data           1  main.o(.data)
    id_pin_empty                             0x20000002   Data           1  main.o(.data)
    esp32_pin_check_status                   0x20000003   Data           1  main.o(.data)
    id_pin_dang_kiem_tra                     0x20000004   Data           1  main.o(.data)
    fit_pin_remove                           0x20000005   Data           1  main.o(.data)
    fit_pin_initial                          0x20000006   Data           1  main.o(.data)
    percent                                  0x20000007   Data           3  main.o(.data)
    timestamp_gui_checkpin                   0x2000000c   Data           4  main.o(.data)
    uwTickFreq                               0x20000010   Data           1  stm32f1xx_hal.o(.data)
    uwTickPrio                               0x20000014   Data           4  stm32f1xx_hal.o(.data)
    uwTick                                   0x20000018   Data           4  stm32f1xx_hal.o(.data)
    SystemCoreClock                          0x2000001c   Data           4  system_stm32f1xx.o(.data)
    angle_open_internal                      0x2000002c   Data           1  servo_control.o(.data)
    angle_close_internal                     0x2000002d   Data           1  servo_control.o(.data)
    pin_channels                             0x20000038   Data         120  main.o(.bss)
    hadc1                                    0x200000b0   Data          48  main.o(.bss)
    hi2c1                                    0x200000e0   Data          84  main.o(.bss)
    htim2                                    0x20000134   Data          72  main.o(.bss)
    huart1                                   0x2000017c   Data          72  main.o(.bss)
    timer_sensor                             0x200001c4   Data          12  main.o(.bss)
    battery_channel                          0x200001e8   Data          48  battery_control.o(.bss)
    __libspace_start                         0x20000358   Data          96  libspace.o(.bss)
    __temporary_stack_top$libspace           0x200003b8   Data           0  libspace.o(.bss)



==============================================================================

Memory Map of the image

  Image Entry point : 0x080000ed

  Load Region LR_IROM1 (Base: 0x08000000, Size: 0x0000666c, Max: 0x00010000, ABSOLUTE)

    Execution Region ER_IROM1 (Exec base: 0x08000000, Load base: 0x08000000, Size: 0x00006634, Max: 0x00010000, ABSOLUTE)

    Exec Addr    Load Addr    Size         Type   Attr      Idx    E Section Name        Object

    0x08000000   0x08000000   0x000000ec   Data   RO            3    RESET               startup_stm32f103xb.o
    0x080000ec   0x080000ec   0x00000008   Code   RO         4146  * !!!main             c_w.l(__main.o)
    0x080000f4   0x080000f4   0x00000034   Code   RO         4471    !!!scatter          c_w.l(__scatter.o)
    0x08000128   0x08000128   0x0000001a   Code   RO         4473    !!handler_copy      c_w.l(__scatter_copy.o)
    0x08000142   0x08000142   0x00000002   PAD
    0x08000144   0x08000144   0x0000001c   Code   RO         4475    !!handler_zi        c_w.l(__scatter_zi.o)
    0x08000160   0x08000160   0x00000000   Code   RO         4128    .ARM.Collect$$_printf_percent$$00000000  c_w.l(_printf_percent.o)
    0x08000160   0x08000160   0x00000006   Code   RO         4127    .ARM.Collect$$_printf_percent$$00000003  c_w.l(_printf_f.o)
    0x08000166   0x08000166   0x00000006   Code   RO         4124    .ARM.Collect$$_printf_percent$$00000008  c_w.l(_printf_i.o)
    0x0800016c   0x0800016c   0x00000006   Code   RO         4125    .ARM.Collect$$_printf_percent$$00000009  c_w.l(_printf_d.o)
    0x08000172   0x08000172   0x00000006   Code   RO         4126    .ARM.Collect$$_printf_percent$$0000000A  c_w.l(_printf_u.o)
    0x08000178   0x08000178   0x00000006   Code   RO         4123    .ARM.Collect$$_printf_percent$$0000000B  c_w.l(_printf_o.o)
    0x0800017e   0x0800017e   0x00000006   Code   RO         4122    .ARM.Collect$$_printf_percent$$0000000C  c_w.l(_printf_x.o)
    0x08000184   0x08000184   0x0000000a   Code   RO         4219    .ARM.Collect$$_printf_percent$$00000012  c_w.l(_printf_l.o)
    0x0800018e   0x0800018e   0x00000006   Code   RO         4120    .ARM.Collect$$_printf_percent$$00000013  c_w.l(_printf_c.o)
    0x08000194   0x08000194   0x00000006   Code   RO         4121    .ARM.Collect$$_printf_percent$$00000014  c_w.l(_printf_s.o)
    0x0800019a   0x0800019a   0x00000006   Code   RO         4129    .ARM.Collect$$_printf_percent$$00000015  c_w.l(_printf_lc.o)
    0x080001a0   0x080001a0   0x00000004   Code   RO         4218    .ARM.Collect$$_printf_percent$$00000017  c_w.l(_printf_percent_end.o)
    0x080001a4   0x080001a4   0x00000002   Code   RO         4340    .ARM.Collect$$libinit$$00000000  c_w.l(libinit.o)
    0x080001a6   0x080001a6   0x00000000   Code   RO         4342    .ARM.Collect$$libinit$$00000002  c_w.l(libinit2.o)
    0x080001a6   0x080001a6   0x00000000   Code   RO         4344    .ARM.Collect$$libinit$$00000004  c_w.l(libinit2.o)
    0x080001a6   0x080001a6   0x00000000   Code   RO         4347    .ARM.Collect$$libinit$$0000000A  c_w.l(libinit2.o)
    0x080001a6   0x080001a6   0x00000000   Code   RO         4349    .ARM.Collect$$libinit$$0000000C  c_w.l(libinit2.o)
    0x080001a6   0x080001a6   0x00000000   Code   RO         4351    .ARM.Collect$$libinit$$0000000E  c_w.l(libinit2.o)
    0x080001a6   0x080001a6   0x00000006   Code   RO         4352    .ARM.Collect$$libinit$$0000000F  c_w.l(libinit2.o)
    0x080001ac   0x080001ac   0x00000000   Code   RO         4354    .ARM.Collect$$libinit$$00000011  c_w.l(libinit2.o)
    0x080001ac   0x080001ac   0x0000000c   Code   RO         4355    .ARM.Collect$$libinit$$00000012  c_w.l(libinit2.o)
    0x080001b8   0x080001b8   0x00000000   Code   RO         4356    .ARM.Collect$$libinit$$00000013  c_w.l(libinit2.o)
    0x080001b8   0x080001b8   0x00000000   Code   RO         4358    .ARM.Collect$$libinit$$00000015  c_w.l(libinit2.o)
    0x080001b8   0x080001b8   0x0000000a   Code   RO         4359    .ARM.Collect$$libinit$$00000016  c_w.l(libinit2.o)
    0x080001c2   0x080001c2   0x00000000   Code   RO         4360    .ARM.Collect$$libinit$$00000017  c_w.l(libinit2.o)
    0x080001c2   0x080001c2   0x00000000   Code   RO         4362    .ARM.Collect$$libinit$$00000019  c_w.l(libinit2.o)
    0x080001c2   0x080001c2   0x00000000   Code   RO         4364    .ARM.Collect$$libinit$$0000001B  c_w.l(libinit2.o)
    0x080001c2   0x080001c2   0x00000000   Code   RO         4366    .ARM.Collect$$libinit$$0000001D  c_w.l(libinit2.o)
    0x080001c2   0x080001c2   0x00000000   Code   RO         4368    .ARM.Collect$$libinit$$0000001F  c_w.l(libinit2.o)
    0x080001c2   0x080001c2   0x00000000   Code   RO         4370    .ARM.Collect$$libinit$$00000021  c_w.l(libinit2.o)
    0x080001c2   0x080001c2   0x00000000   Code   RO         4372    .ARM.Collect$$libinit$$00000023  c_w.l(libinit2.o)
    0x080001c2   0x080001c2   0x00000000   Code   RO         4374    .ARM.Collect$$libinit$$00000025  c_w.l(libinit2.o)
    0x080001c2   0x080001c2   0x00000000   Code   RO         4378    .ARM.Collect$$libinit$$0000002C  c_w.l(libinit2.o)
    0x080001c2   0x080001c2   0x00000000   Code   RO         4380    .ARM.Collect$$libinit$$0000002E  c_w.l(libinit2.o)
    0x080001c2   0x080001c2   0x00000000   Code   RO         4382    .ARM.Collect$$libinit$$00000030  c_w.l(libinit2.o)
    0x080001c2   0x080001c2   0x00000000   Code   RO         4384    .ARM.Collect$$libinit$$00000032  c_w.l(libinit2.o)
    0x080001c2   0x080001c2   0x00000002   Code   RO         4385    .ARM.Collect$$libinit$$00000033  c_w.l(libinit2.o)
    0x080001c4   0x080001c4   0x00000002   Code   RO         4419    .ARM.Collect$$libshutdown$$00000000  c_w.l(libshutdown.o)
    0x080001c6   0x080001c6   0x00000000   Code   RO         4430    .ARM.Collect$$libshutdown$$00000002  c_w.l(libshutdown2.o)
    0x080001c6   0x080001c6   0x00000000   Code   RO         4432    .ARM.Collect$$libshutdown$$00000004  c_w.l(libshutdown2.o)
    0x080001c6   0x080001c6   0x00000000   Code   RO         4435    .ARM.Collect$$libshutdown$$00000007  c_w.l(libshutdown2.o)
    0x080001c6   0x080001c6   0x00000000   Code   RO         4438    .ARM.Collect$$libshutdown$$0000000A  c_w.l(libshutdown2.o)
    0x080001c6   0x080001c6   0x00000000   Code   RO         4440    .ARM.Collect$$libshutdown$$0000000C  c_w.l(libshutdown2.o)
    0x080001c6   0x080001c6   0x00000000   Code   RO         4443    .ARM.Collect$$libshutdown$$0000000F  c_w.l(libshutdown2.o)
    0x080001c6   0x080001c6   0x00000002   Code   RO         4444    .ARM.Collect$$libshutdown$$00000010  c_w.l(libshutdown2.o)
    0x080001c8   0x080001c8   0x00000000   Code   RO         4198    .ARM.Collect$$rtentry$$00000000  c_w.l(__rtentry.o)
    0x080001c8   0x080001c8   0x00000000   Code   RO         4257    .ARM.Collect$$rtentry$$00000002  c_w.l(__rtentry2.o)
    0x080001c8   0x080001c8   0x00000006   Code   RO         4269    .ARM.Collect$$rtentry$$00000004  c_w.l(__rtentry4.o)
    0x080001ce   0x080001ce   0x00000000   Code   RO         4259    .ARM.Collect$$rtentry$$00000009  c_w.l(__rtentry2.o)
    0x080001ce   0x080001ce   0x00000004   Code   RO         4260    .ARM.Collect$$rtentry$$0000000A  c_w.l(__rtentry2.o)
    0x080001d2   0x080001d2   0x00000000   Code   RO         4262    .ARM.Collect$$rtentry$$0000000C  c_w.l(__rtentry2.o)
    0x080001d2   0x080001d2   0x00000008   Code   RO         4263    .ARM.Collect$$rtentry$$0000000D  c_w.l(__rtentry2.o)
    0x080001da   0x080001da   0x00000002   Code   RO         4388    .ARM.Collect$$rtexit$$00000000  c_w.l(rtexit.o)
    0x080001dc   0x080001dc   0x00000000   Code   RO         4397    .ARM.Collect$$rtexit$$00000002  c_w.l(rtexit2.o)
    0x080001dc   0x080001dc   0x00000004   Code   RO         4398    .ARM.Collect$$rtexit$$00000003  c_w.l(rtexit2.o)
    0x080001e0   0x080001e0   0x00000006   Code   RO         4399    .ARM.Collect$$rtexit$$00000004  c_w.l(rtexit2.o)
    0x080001e6   0x080001e6   0x00000002   PAD
    0x080001e8   0x080001e8   0x00000040   Code   RO            4    .text               startup_stm32f103xb.o
    0x08000228   0x08000228   0x00000028   Code   RO         4058    .text               c_w.l(noretval__2sprintf.o)
    0x08000250   0x08000250   0x0000004e   Code   RO         4062    .text               c_w.l(_printf_pad.o)
    0x0800029e   0x0800029e   0x00000024   Code   RO         4064    .text               c_w.l(_printf_truncate.o)
    0x080002c2   0x080002c2   0x00000052   Code   RO         4066    .text               c_w.l(_printf_str.o)
    0x08000314   0x08000314   0x00000078   Code   RO         4068    .text               c_w.l(_printf_dec.o)
    0x0800038c   0x0800038c   0x000000bc   Code   RO         4070    .text               c_w.l(_printf_wctomb.o)
    0x08000448   0x08000448   0x00000050   Code   RO         4075    .text               c_w.l(_printf_oct_int.o)
    0x08000498   0x08000498   0x00000058   Code   RO         4082    .text               c_w.l(_printf_hex_int.o)
    0x080004f0   0x080004f0   0x00000188   Code   RO         4117    .text               c_w.l(__printf_flags_ss_wp.o)
    0x08000678   0x08000678   0x0000001a   Code   RO         4130    .text               c_w.l(atoi.o)
    0x08000692   0x08000692   0x00000004   Code   RO         4132    .text               c_w.l(strtok_r.o)
    0x08000696   0x08000696   0x00000048   Code   RO         4134    .text               c_w.l(strcpy.o)
    0x080006de   0x080006de   0x0000003e   Code   RO         4136    .text               c_w.l(strlen.o)
    0x0800071c   0x0800071c   0x00000064   Code   RO         4138    .text               c_w.l(rt_memcpy_w.o)
    0x08000780   0x08000780   0x0000004e   Code   RO         4140    .text               c_w.l(rt_memclr_w.o)
    0x080007ce   0x080007ce   0x00000002   PAD
    0x080007d0   0x080007d0   0x00000080   Code   RO         4142    .text               c_w.l(strcmpv7m.o)
    0x08000850   0x08000850   0x00000006   Code   RO         4144    .text               c_w.l(heapauxi.o)
    0x08000856   0x08000856   0x00000002   PAD
    0x08000858   0x08000858   0x00000008   Code   RO         4202    .text               c_w.l(rt_errno_addr_intlibspace.o)
    0x08000860   0x08000860   0x00000016   Code   RO         4204    .text               c_w.l(_rserrno.o)
    0x08000876   0x08000876   0x000000b2   Code   RO         4206    .text               c_w.l(_printf_intcommon.o)
    0x08000928   0x08000928   0x0000041e   Code   RO         4208    .text               c_w.l(_printf_fp_dec.o)
    0x08000d46   0x08000d46   0x00000002   PAD
    0x08000d48   0x08000d48   0x00000030   Code   RO         4210    .text               c_w.l(_printf_char_common.o)
    0x08000d78   0x08000d78   0x0000000a   Code   RO         4212    .text               c_w.l(_sputc.o)
    0x08000d82   0x08000d82   0x0000002c   Code   RO         4214    .text               c_w.l(_printf_char.o)
    0x08000dae   0x08000dae   0x0000002c   Code   RO         4216    .text               c_w.l(_printf_wchar.o)
    0x08000dda   0x08000dda   0x00000070   Code   RO         4220    .text               c_w.l(strtol.o)
    0x08000e4a   0x08000e4a   0x00000040   Code   RO         4222    .text               c_w.l(_wcrtomb.o)
    0x08000e8a   0x08000e8a   0x00000002   PAD
    0x08000e8c   0x08000e8c   0x00000044   Code   RO         4224    .text               c_w.l(strtok_int.o)
    0x08000ed0   0x08000ed0   0x00000008   Code   RO         4253    .text               c_w.l(libspace.o)
    0x08000ed8   0x08000ed8   0x00000010   Code   RO         4271    .text               c_w.l(rt_ctype_table.o)
    0x08000ee8   0x08000ee8   0x00000008   Code   RO         4276    .text               c_w.l(rt_locale_intlibspace.o)
    0x08000ef0   0x08000ef0   0x0000008a   Code   RO         4278    .text               c_w.l(lludiv10.o)
    0x08000f7a   0x08000f7a   0x00000002   PAD
    0x08000f7c   0x08000f7c   0x00000080   Code   RO         4280    .text               c_w.l(_printf_fp_infnan.o)
    0x08000ffc   0x08000ffc   0x0000009e   Code   RO         4284    .text               c_w.l(_strtoul.o)
    0x0800109a   0x0800109a   0x00000002   PAD
    0x0800109c   0x0800109c   0x000000e4   Code   RO         4286    .text               c_w.l(bigflt0.o)
    0x08001180   0x08001180   0x00000020   Code   RO         4314    .text               c_w.l(strcspn.o)
    0x080011a0   0x080011a0   0x0000001c   Code   RO         4316    .text               c_w.l(strspn.o)
    0x080011bc   0x080011bc   0x0000004a   Code   RO         4326    .text               c_w.l(sys_stackheap_outer.o)
    0x08001206   0x08001206   0x0000001c   Code   RO         4328    .text               c_w.l(_chval.o)
    0x08001222   0x08001222   0x00000012   Code   RO         4333    .text               c_w.l(exit.o)
    0x08001234   0x08001234   0x0000000c   Code   RO         4409    .text               c_w.l(sys_exit.o)
    0x08001240   0x08001240   0x00000002   Code   RO         4420    .text               c_w.l(use_no_semi.o)
    0x08001242   0x08001242   0x00000000   Code   RO         4422    .text               c_w.l(indicate_semi.o)
    0x08001242   0x08001242   0x0000003e   Code   RO         4289    CL$$btod_d2e        c_w.l(btod.o)
    0x08001280   0x08001280   0x00000046   Code   RO         4291    CL$$btod_d2e_denorm_low  c_w.l(btod.o)
    0x080012c6   0x080012c6   0x00000060   Code   RO         4290    CL$$btod_d2e_norm_op1  c_w.l(btod.o)
    0x08001326   0x08001326   0x00000338   Code   RO         4299    CL$$btod_div_common  c_w.l(btod.o)
    0x0800165e   0x0800165e   0x000000dc   Code   RO         4296    CL$$btod_e2e        c_w.l(btod.o)
    0x0800173a   0x0800173a   0x0000002a   Code   RO         4293    CL$$btod_ediv       c_w.l(btod.o)
    0x08001764   0x08001764   0x0000002a   Code   RO         4292    CL$$btod_emul       c_w.l(btod.o)
    0x0800178e   0x0800178e   0x00000244   Code   RO         4298    CL$$btod_mult_common  c_w.l(btod.o)
    0x080019d2   0x080019d2   0x00000002   PAD
    0x080019d4   0x080019d4   0x00000056   Code   RO          448    i.ADC_ConversionStop_Disable  stm32f1xx_hal_adc.o
    0x08001a2a   0x08001a2a   0x00000002   PAD
    0x08001a2c   0x08001a2c   0x0000007c   Code   RO          452    i.ADC_Enable        stm32f1xx_hal_adc.o
    0x08001aa8   0x08001aa8   0x0000000c   Code   RO         3951    i.BackLogic         handle_cmd.o
    0x08001ab4   0x08001ab4   0x00000002   Code   RO          252    i.BusFault_Handler  stm32f1xx_it.o
    0x08001ab6   0x08001ab6   0x00000002   PAD
    0x08001ab8   0x08001ab8   0x00000058   Code   RO         3952    i.CMDProcessAll     handle_cmd.o
    0x08001b10   0x08001b10   0x00000006   Code   RO         3953    i.ChargeHandler     handle_cmd.o
    0x08001b16   0x08001b16   0x00000002   PAD
    0x08001b18   0x08001b18   0x00000030   Code   RO         3683    i.CheckDiagnose     battery_diagnostics.o
    0x08001b48   0x08001b48   0x0000000c   Code   RO         3954    i.CheckPinCorrect   handle_cmd.o
    0x08001b54   0x08001b54   0x00000068   Code   RO           13    i.CheckPinNewInitial  main.o
    0x08001bbc   0x08001bbc   0x0000000c   Code   RO         3955    i.CheckPinWrong     handle_cmd.o
    0x08001bc8   0x08001bc8   0x0000001c   Code   RO         3780    i.CloseAllServo     servo_control.o
    0x08001be4   0x08001be4   0x00000002   Code   RO          253    i.DebugMon_Handler  stm32f1xx_it.o
    0x08001be6   0x08001be6   0x00000002   PAD
    0x08001be8   0x08001be8   0x000000a0   Code   RO         3900    i.GetLineHandlerUART  uart_dn.o
    0x08001c88   0x08001c88   0x00000028   Code   RO         3870    i.GetRingBuf        ringbuffer.o
    0x08001cb0   0x08001cb0   0x000000cc   Code   RO         3840    i.GetTemperatureNTC  ntc_sensor.o
    0x08001d7c   0x08001d7c   0x000000d8   Code   RO          628    i.HAL_ADCEx_Calibration_Start  stm32f1xx_hal_adc_ex.o
    0x08001e54   0x08001e54   0x000000fc   Code   RO          454    i.HAL_ADC_ConfigChannel  stm32f1xx_hal_adc.o
    0x08001f50   0x08001f50   0x00000006   Code   RO          461    i.HAL_ADC_GetValue  stm32f1xx_hal_adc.o
    0x08001f56   0x08001f56   0x00000002   PAD
    0x08001f58   0x08001f58   0x0000011c   Code   RO          463    i.HAL_ADC_Init      stm32f1xx_hal_adc.o
    0x08002074   0x08002074   0x00000058   Code   RO          335    i.HAL_ADC_MspInit   stm32f1xx_hal_msp.o
    0x080020cc   0x080020cc   0x0000013c   Code   RO          467    i.HAL_ADC_PollForConversion  stm32f1xx_hal_adc.o
    0x08002208   0x08002208   0x000000c0   Code   RO          469    i.HAL_ADC_Start     stm32f1xx_hal_adc.o
    0x080022c8   0x080022c8   0x00000034   Code   RO          472    i.HAL_ADC_Stop      stm32f1xx_hal_adc.o
    0x080022fc   0x080022fc   0x00000046   Code   RO         1105    i.HAL_DMA_Abort     stm32f1xx_hal_dma.o
    0x08002342   0x08002342   0x00000002   PAD
    0x08002344   0x08002344   0x00000098   Code   RO         1106    i.HAL_DMA_Abort_IT  stm32f1xx_hal_dma.o
    0x080023dc   0x080023dc   0x00000024   Code   RO          731    i.HAL_Delay         stm32f1xx_hal.o
    0x08002400   0x08002400   0x000001e0   Code   RO         1041    i.HAL_GPIO_Init     stm32f1xx_hal_gpio.o
    0x080025e0   0x080025e0   0x00000010   Code   RO         1044    i.HAL_GPIO_TogglePin  stm32f1xx_hal_gpio.o
    0x080025f0   0x080025f0   0x0000000a   Code   RO         1045    i.HAL_GPIO_WritePin  stm32f1xx_hal_gpio.o
    0x080025fa   0x080025fa   0x00000002   PAD
    0x080025fc   0x080025fc   0x0000000c   Code   RO          735    i.HAL_GetTick       stm32f1xx_hal.o
    0x08002608   0x08002608   0x00000188   Code   RO         1712    i.HAL_I2C_Init      stm32f1xx_hal_i2c.o
    0x08002790   0x08002790   0x0000016c   Code   RO         1713    i.HAL_I2C_IsDeviceReady  stm32f1xx_hal_i2c.o
    0x080028fc   0x080028fc   0x0000025c   Code   RO         1730    i.HAL_I2C_Mem_Read  stm32f1xx_hal_i2c.o
    0x08002b58   0x08002b58   0x00000130   Code   RO         1733    i.HAL_I2C_Mem_Write  stm32f1xx_hal_i2c.o
    0x08002c88   0x08002c88   0x0000005c   Code   RO          337    i.HAL_I2C_MspInit   stm32f1xx_hal_msp.o
    0x08002ce4   0x08002ce4   0x00000010   Code   RO          741    i.HAL_IncTick       stm32f1xx_hal.o
    0x08002cf4   0x08002cf4   0x00000024   Code   RO          742    i.HAL_Init          stm32f1xx_hal.o
    0x08002d18   0x08002d18   0x00000040   Code   RO          743    i.HAL_InitTick      stm32f1xx_hal.o
    0x08002d58   0x08002d58   0x0000003c   Code   RO          338    i.HAL_MspInit       stm32f1xx_hal_msp.o
    0x08002d94   0x08002d94   0x00000022   Code   RO         1200    i.HAL_NVIC_DisableIRQ  stm32f1xx_hal_cortex.o
    0x08002db6   0x08002db6   0x0000001a   Code   RO         1201    i.HAL_NVIC_EnableIRQ  stm32f1xx_hal_cortex.o
    0x08002dd0   0x08002dd0   0x00000040   Code   RO         1207    i.HAL_NVIC_SetPriority  stm32f1xx_hal_cortex.o
    0x08002e10   0x08002e10   0x00000024   Code   RO         1208    i.HAL_NVIC_SetPriorityGrouping  stm32f1xx_hal_cortex.o
    0x08002e34   0x08002e34   0x000000a4   Code   RO         1002    i.HAL_RCCEx_GetPeriphCLKFreq  stm32f1xx_hal_rcc_ex.o
    0x08002ed8   0x08002ed8   0x000000ec   Code   RO         1003    i.HAL_RCCEx_PeriphCLKConfig  stm32f1xx_hal_rcc_ex.o
    0x08002fc4   0x08002fc4   0x0000012c   Code   RO          899    i.HAL_RCC_ClockConfig  stm32f1xx_hal_rcc.o
    0x080030f0   0x080030f0   0x00000020   Code   RO          906    i.HAL_RCC_GetPCLK1Freq  stm32f1xx_hal_rcc.o
    0x08003110   0x08003110   0x00000020   Code   RO          907    i.HAL_RCC_GetPCLK2Freq  stm32f1xx_hal_rcc.o
    0x08003130   0x08003130   0x0000004c   Code   RO          908    i.HAL_RCC_GetSysClockFreq  stm32f1xx_hal_rcc.o
    0x0800317c   0x0800317c   0x00000320   Code   RO          911    i.HAL_RCC_OscConfig  stm32f1xx_hal_rcc.o
    0x0800349c   0x0800349c   0x00000028   Code   RO         1212    i.HAL_SYSTICK_Config  stm32f1xx_hal_cortex.o
    0x080034c4   0x080034c4   0x00000068   Code   RO         2863    i.HAL_TIMEx_MasterConfigSynchronization  stm32f1xx_hal_tim_ex.o
    0x0800352c   0x0800352c   0x0000005a   Code   RO         2140    i.HAL_TIM_Base_Init  stm32f1xx_hal_tim.o
    0x08003586   0x08003586   0x00000002   PAD
    0x08003588   0x08003588   0x00000024   Code   RO          340    i.HAL_TIM_Base_MspInit  stm32f1xx_hal_msp.o
    0x080035ac   0x080035ac   0x000000dc   Code   RO         2149    i.HAL_TIM_ConfigClockSource  stm32f1xx_hal_tim.o
    0x08003688   0x08003688   0x00000084   Code   RO          341    i.HAL_TIM_MspPostInit  stm32f1xx_hal_msp.o
    0x0800370c   0x0800370c   0x000000cc   Code   RO         2212    i.HAL_TIM_PWM_ConfigChannel  stm32f1xx_hal_tim.o
    0x080037d8   0x080037d8   0x0000005a   Code   RO         2215    i.HAL_TIM_PWM_Init  stm32f1xx_hal_tim.o
    0x08003832   0x08003832   0x00000002   Code   RO         2217    i.HAL_TIM_PWM_MspInit  stm32f1xx_hal_tim.o
    0x08003834   0x08003834   0x0000009c   Code   RO         2220    i.HAL_TIM_PWM_Start  stm32f1xx_hal_tim.o
    0x080038d0   0x080038d0   0x00000002   Code   RO         3123    i.HAL_UARTEx_RxEventCallback  stm32f1xx_hal_uart.o
    0x080038d2   0x080038d2   0x00000002   Code   RO         3137    i.HAL_UART_ErrorCallback  stm32f1xx_hal_uart.o
    0x080038d4   0x080038d4   0x0000026c   Code   RO         3140    i.HAL_UART_IRQHandler  stm32f1xx_hal_uart.o
    0x08003b40   0x08003b40   0x00000064   Code   RO         3141    i.HAL_UART_Init     stm32f1xx_hal_uart.o
    0x08003ba4   0x08003ba4   0x00000080   Code   RO          343    i.HAL_UART_MspInit  stm32f1xx_hal_msp.o
    0x08003c24   0x08003c24   0x0000001c   Code   RO         3146    i.HAL_UART_Receive_IT  stm32f1xx_hal_uart.o
    0x08003c40   0x08003c40   0x00000030   Code   RO         3901    i.HAL_UART_RxCpltCallback  uart_dn.o
    0x08003c70   0x08003c70   0x000000a0   Code   RO         3149    i.HAL_UART_Transmit  stm32f1xx_hal_uart.o
    0x08003d10   0x08003d10   0x00000002   Code   RO         3152    i.HAL_UART_TxCpltCallback  stm32f1xx_hal_uart.o
    0x08003d12   0x08003d12   0x00000002   PAD
    0x08003d14   0x08003d14   0x000000a0   Code   RO           15    i.HandlerStateCharge  main.o
    0x08003db4   0x08003db4   0x00000002   Code   RO          254    i.HardFault_Handler  stm32f1xx_it.o
    0x08003db6   0x08003db6   0x00000002   PAD
    0x08003db8   0x08003db8   0x00000034   Code   RO         3956    i.HelperParseAndSetState  handle_cmd.o
    0x08003dec   0x08003dec   0x0000002e   Code   RO         1755    i.I2C_IsAcknowledgeFailed  stm32f1xx_hal_i2c.o
    0x08003e1a   0x08003e1a   0x00000002   PAD
    0x08003e1c   0x08003e1c   0x000000fc   Code   RO         1765    i.I2C_RequestMemoryRead  stm32f1xx_hal_i2c.o
    0x08003f18   0x08003f18   0x000000a8   Code   RO         1766    i.I2C_RequestMemoryWrite  stm32f1xx_hal_i2c.o
    0x08003fc0   0x08003fc0   0x00000056   Code   RO         1770    i.I2C_WaitOnBTFFlagUntilTimeout  stm32f1xx_hal_i2c.o
    0x08004016   0x08004016   0x00000002   PAD
    0x08004018   0x08004018   0x00000090   Code   RO         1771    i.I2C_WaitOnFlagUntilTimeout  stm32f1xx_hal_i2c.o
    0x080040a8   0x080040a8   0x000000bc   Code   RO         1772    i.I2C_WaitOnMasterAddressFlagUntilTimeout  stm32f1xx_hal_i2c.o
    0x08004164   0x08004164   0x00000070   Code   RO         1773    i.I2C_WaitOnRXNEFlagUntilTimeout  stm32f1xx_hal_i2c.o
    0x080041d4   0x080041d4   0x00000056   Code   RO         1774    i.I2C_WaitOnTXEFlagUntilTimeout  stm32f1xx_hal_i2c.o
    0x0800422a   0x0800422a   0x00000002   PAD
    0x0800422c   0x0800422c   0x00000040   Code   RO         3560    i.INA219_GetBatteryLife  ina219.o
    0x0800426c   0x0800426c   0x0000002c   Code   RO         3561    i.INA219_HealthCheck  ina219.o
    0x08004298   0x08004298   0x00000060   Code   RO         3562    i.INA219_Init       ina219.o
    0x080042f8   0x080042f8   0x0000000e   Code   RO         3563    i.INA219_ReadBusVoltage  ina219.o
    0x08004306   0x08004306   0x00000002   PAD
    0x08004308   0x08004308   0x00000018   Code   RO         3564    i.INA219_ReadCurrent  ina219.o
    0x08004320   0x08004320   0x0000000c   Code   RO         3565    i.INA219_ReadCurrent_raw  ina219.o
    0x0800432c   0x0800432c   0x00000020   Code   RO         3566    i.INA219_ReadPower  ina219.o
    0x0800434c   0x0800434c   0x00000008   Code   RO         3568    i.INA219_setCalibration  ina219.o
    0x08004354   0x08004354   0x00000030   Code   RO         3572    i.INA219_setCalibration_32V_Average  ina219.o
    0x08004384   0x08004384   0x00000008   Code   RO         3573    i.INA219_setConfig  ina219.o
    0x0800438c   0x0800438c   0x00000034   Code   RO         3720    i.InitChannelBattery  battery_control.o
    0x080043c0   0x080043c0   0x0000002c   Code   RO         3902    i.InitHandlerUART   uart_dn.o
    0x080043ec   0x080043ec   0x00000038   Code   RO         3512    i.InitManagerINA219  ina219_manager.o
    0x08004424   0x08004424   0x00000018   Code   RO         3871    i.InitRingBuf       ringbuffer.o
    0x0800443c   0x0800443c   0x00000030   Code   RO         3781    i.InitServo         servo_control.o
    0x0800446c   0x0800446c   0x0000001e   Code   RO           16    i.InitialAllINA219  main.o
    0x0800448a   0x0800448a   0x00000002   PAD
    0x0800448c   0x0800448c   0x00000044   Code   RO           17    i.InitialAllPinBattery  main.o
    0x080044d0   0x080044d0   0x00000028   Code   RO           18    i.InitialAllPinServo  main.o
    0x080044f8   0x080044f8   0x00000060   Code   RO         3957    i.InitialPinLogic   handle_cmd.o
    0x08004558   0x08004558   0x00000020   Code   RO           19    i.InitialStateBeginChannelBattery  main.o
    0x08004578   0x08004578   0x00000050   Code   RO           20    i.MX_ADC1_Init      main.o
    0x080045c8   0x080045c8   0x000000d0   Code   RO           21    i.MX_GPIO_Init      main.o
    0x08004698   0x08004698   0x000000c8   Code   RO           22    i.MX_TIM2_Init      main.o
    0x08004760   0x08004760   0x00000002   Code   RO          255    i.MemManage_Handler  stm32f1xx_it.o
    0x08004762   0x08004762   0x00000002   Code   RO          256    i.NMI_Handler       stm32f1xx_it.o
    0x08004764   0x08004764   0x0000001c   Code   RO         3782    i.OpenAllServo      servo_control.o
    0x08004780   0x08004780   0x00000002   Code   RO          257    i.PendSV_Handler    stm32f1xx_it.o
    0x08004782   0x08004782   0x00000006   Code   RO         3958    i.PinOffHandler     handle_cmd.o
    0x08004788   0x08004788   0x00000026   Code   RO         3872    i.PutRingBuf        ringbuffer.o
    0x080047ae   0x080047ae   0x00000024   Code   RO         3575    i.Read16            ina219.o
    0x080047d2   0x080047d2   0x00000002   PAD
    0x080047d4   0x080047d4   0x0000007c   Code   RO         3513    i.ReadManagerINA219  ina219_manager.o
    0x08004850   0x08004850   0x000000dc   Code   RO           23    i.ReportStatusTask  main.o
    0x0800492c   0x0800492c   0x00000084   Code   RO         3684    i.RunIRTestDiagnose  battery_diagnostics.o
    0x080049b0   0x080049b0   0x00000090   Code   RO         3783    i.RunManagerServo   servo_control.o
    0x08004a40   0x08004a40   0x00000002   Code   RO          258    i.SVC_Handler       stm32f1xx_it.o
    0x08004a42   0x08004a42   0x0000003c   Code   RO         3959    i.SendMessageWithIDsToESP32  handle_cmd.o
    0x08004a7e   0x08004a7e   0x00000002   PAD
    0x08004a80   0x08004a80   0x0000006c   Code   RO         3960    i.ServoHandler      handle_cmd.o
    0x08004aec   0x08004aec   0x00000014   Code   RO         3514    i.SetAddressManagerINA219  ina219_manager.o
    0x08004b00   0x08004b00   0x00000022   Code   RO         3721    i.SetAllStateChannelBattery  battery_control.o
    0x08004b22   0x08004b22   0x00000002   PAD
    0x08004b24   0x08004b24   0x00000070   Code   RO         3784    i.SetAngleServo     servo_control.o
    0x08004b94   0x08004b94   0x0000000a   Code   RO         3723    i.SetIdleAllChannelBattery  battery_control.o
    0x08004b9e   0x08004b9e   0x00000002   PAD
    0x08004ba0   0x08004ba0   0x00000060   Code   RO         3725    i.SetStateChannelBattery  battery_control.o
    0x08004c00   0x08004c00   0x00000012   Code   RO         3785    i.StartSoftTimer    servo_control.o
    0x08004c12   0x08004c12   0x00000002   PAD
    0x08004c14   0x08004c14   0x00000084   Code   RO         3961    i.SwapPinLogic      handle_cmd.o
    0x08004c98   0x08004c98   0x00000004   Code   RO          259    i.SysTick_Handler   stm32f1xx_it.o
    0x08004c9c   0x08004c9c   0x00000078   Code   RO           24    i.SystemClock_Config  main.o
    0x08004d14   0x08004d14   0x00000002   Code   RO         3475    i.SystemInit        system_stm32f1xx.o
    0x08004d16   0x08004d16   0x00000002   PAD
    0x08004d18   0x08004d18   0x00000078   Code   RO         2233    i.TIM_Base_SetConfig  stm32f1xx_hal_tim.o
    0x08004d90   0x08004d90   0x0000001a   Code   RO         2234    i.TIM_CCxChannelCmd  stm32f1xx_hal_tim.o
    0x08004daa   0x08004daa   0x00000014   Code   RO         2244    i.TIM_ETR_SetConfig  stm32f1xx_hal_tim.o
    0x08004dbe   0x08004dbe   0x00000010   Code   RO         2245    i.TIM_ITRx_SetConfig  stm32f1xx_hal_tim.o
    0x08004dce   0x08004dce   0x00000002   PAD
    0x08004dd0   0x08004dd0   0x00000050   Code   RO         2246    i.TIM_OC1_SetConfig  stm32f1xx_hal_tim.o
    0x08004e20   0x08004e20   0x00000058   Code   RO         2247    i.TIM_OC2_SetConfig  stm32f1xx_hal_tim.o
    0x08004e78   0x08004e78   0x00000058   Code   RO         2248    i.TIM_OC3_SetConfig  stm32f1xx_hal_tim.o
    0x08004ed0   0x08004ed0   0x00000044   Code   RO         2249    i.TIM_OC4_SetConfig  stm32f1xx_hal_tim.o
    0x08004f14   0x08004f14   0x00000022   Code   RO         2251    i.TIM_TI1_ConfigInputStage  stm32f1xx_hal_tim.o
    0x08004f36   0x08004f36   0x00000024   Code   RO         2253    i.TIM_TI2_ConfigInputStage  stm32f1xx_hal_tim.o
    0x08004f5a   0x08004f5a   0x00000002   PAD
    0x08004f5c   0x08004f5c   0x00000060   Code   RO         3962    i.TakePinLogic      handle_cmd.o
    0x08004fbc   0x08004fbc   0x00000006   Code   RO         3963    i.TestHandler       handle_cmd.o
    0x08004fc2   0x08004fc2   0x00000002   PAD
    0x08004fc4   0x08004fc4   0x00000020   Code   RO         3903    i.TransmitStringHandlerUART  uart_dn.o
    0x08004fe4   0x08004fe4   0x00000010   Code   RO         3154    i.UART_DMAAbortOnError  stm32f1xx_hal_uart.o
    0x08004ff4   0x08004ff4   0x0000004e   Code   RO         3164    i.UART_EndRxTransfer  stm32f1xx_hal_uart.o
    0x08005042   0x08005042   0x000000c2   Code   RO         3166    i.UART_Receive_IT   stm32f1xx_hal_uart.o
    0x08005104   0x08005104   0x000000b8   Code   RO         3167    i.UART_SetConfig    stm32f1xx_hal_uart.o
    0x080051bc   0x080051bc   0x00000036   Code   RO         3169    i.UART_Start_Receive_IT  stm32f1xx_hal_uart.o
    0x080051f2   0x080051f2   0x00000072   Code   RO         3170    i.UART_WaitOnFlagUntilTimeout  stm32f1xx_hal_uart.o
    0x08005264   0x08005264   0x0000000c   Code   RO          260    i.USART1_IRQHandler  stm32f1xx_it.o
    0x08005270   0x08005270   0x00000002   Code   RO          261    i.UsageFault_Handler  stm32f1xx_it.o
    0x08005272   0x08005272   0x00000028   Code   RO         3576    i.Write16           ina219.o
    0x0800529a   0x0800529a   0x00000028   Code   RO         4324    i.__ARM_fpclassify  m_ws.l(fpclassify.o)
    0x080052c2   0x080052c2   0x00000020   Code   RO         1214    i.__NVIC_SetPriority  stm32f1xx_hal_cortex.o
    0x080052e2   0x080052e2   0x0000000a   Code   RO         4239    i.__mathlib_flt_divzero  m_ws.l(funder.o)
    0x080052ec   0x080052ec   0x00000006   Code   RO         4240    i.__mathlib_flt_infnan  m_ws.l(funder.o)
    0x080052f2   0x080052f2   0x00000008   Code   RO         4242    i.__mathlib_flt_invalid  m_ws.l(funder.o)
    0x080052fa   0x080052fa   0x0000000e   Code   RO         4110    i._is_digit         c_w.l(__printf_wp.o)
    0x08005308   0x08005308   0x00000040   Code   RO           25    i.get_channel_state_string  main.o
    0x08005348   0x08005348   0x00000190   Code   RO         4189    i.logf              m_ws.l(logf.o)
    0x080054d8   0x080054d8   0x00000610   Code   RO           26    i.main              main.o
    0x08005ae8   0x08005ae8   0x0000002c   Code   RO         4312    locale$$code        c_w.l(lc_numeric_c.o)
    0x08005b14   0x08005b14   0x0000002c   Code   RO         4331    locale$$code        c_w.l(lc_ctype_c.o)
    0x08005b40   0x08005b40   0x0000000c   Code   RO         4228    x$fpl$dretinf       fz_ws.l(dretinf.o)
    0x08005b4c   0x08005b4c   0x00000056   Code   RO         4160    x$fpl$f2d           fz_ws.l(f2d.o)
    0x08005ba2   0x08005ba2   0x00000002   PAD
    0x08005ba4   0x08005ba4   0x000000c4   Code   RO         4162    x$fpl$fadd          fz_ws.l(faddsub_clz.o)
    0x08005c68   0x08005c68   0x0000000c   Code   RO         4318    x$fpl$fcheck1       fz_ws.l(fcheck1.o)
    0x08005c74   0x08005c74   0x00000018   Code   RO         4320    x$fpl$fcmpinf       fz_ws.l(fcmpi.o)
    0x08005c8c   0x08005c8c   0x00000184   Code   RO         4169    x$fpl$fdiv          fz_ws.l(fdiv.o)
    0x08005e10   0x08005e10   0x0000003e   Code   RO         4172    x$fpl$ffixu         fz_ws.l(ffixu.o)
    0x08005e4e   0x08005e4e   0x00000002   PAD
    0x08005e50   0x08005e50   0x00000030   Code   RO         4177    x$fpl$fflt          fz_ws.l(fflt_clz.o)
    0x08005e80   0x08005e80   0x00000026   Code   RO         4176    x$fpl$ffltu         fz_ws.l(fflt_clz.o)
    0x08005ea6   0x08005ea6   0x00000002   PAD
    0x08005ea8   0x08005ea8   0x00000068   Code   RO         4230    x$fpl$fleqf         fz_ws.l(fleqf.o)
    0x08005f10   0x08005f10   0x00000102   Code   RO         4182    x$fpl$fmul          fz_ws.l(fmul.o)
    0x08006012   0x08006012   0x0000008c   Code   RO         4232    x$fpl$fnaninf       fz_ws.l(fnaninf.o)
    0x0800609e   0x0800609e   0x0000000a   Code   RO         4234    x$fpl$fretinf       fz_ws.l(fretinf.o)
    0x080060a8   0x080060a8   0x00000062   Code   RO         4184    x$fpl$frleqf        fz_ws.l(frleqf.o)
    0x0800610a   0x0800610a   0x00000002   PAD
    0x0800610c   0x0800610c   0x000000ea   Code   RO         4164    x$fpl$fsub          fz_ws.l(faddsub_clz.o)
    0x080061f6   0x080061f6   0x00000004   Code   RO         4186    x$fpl$printf1       fz_ws.l(printf1.o)
    0x080061fa   0x080061fa   0x00000064   Code   RO         4386    x$fpl$retnan        fz_ws.l(retnan.o)
    0x0800625e   0x0800625e   0x0000004c   Code   RO         4236    x$fpl$scalbnf       fz_ws.l(scalbnf.o)
    0x080062aa   0x080062aa   0x00000030   Code   RO         4394    x$fpl$trapveneer    fz_ws.l(trapv.o)
    0x080062da   0x080062da   0x00000000   Code   RO         4238    x$fpl$usenofp       fz_ws.l(usenofp.o)
    0x080062da   0x080062da   0x00000002   PAD
    0x080062dc   0x080062dc   0x0000000c   Data   RO           32    .constdata          main.o
    0x080062e8   0x080062e8   0x00000012   Data   RO          912    .constdata          stm32f1xx_hal_rcc.o
    0x080062fa   0x080062fa   0x00000012   Data   RO         1004    .constdata          stm32f1xx_hal_rcc_ex.o
    0x0800630c   0x0800630c   0x00000010   Data   RO         3476    .constdata          system_stm32f1xx.o
    0x0800631c   0x0800631c   0x00000008   Data   RO         3477    .constdata          system_stm32f1xx.o
    0x08006324   0x08006324   0x00000058   Data   RO         3964    .constdata          handle_cmd.o
    0x0800637c   0x0800637c   0x00000008   Data   RO         4071    .constdata          c_w.l(_printf_wctomb.o)
    0x08006384   0x08006384   0x00000028   Data   RO         4083    .constdata          c_w.l(_printf_hex_int.o)
    0x080063ac   0x080063ac   0x00000011   Data   RO         4118    .constdata          c_w.l(__printf_flags_ss_wp.o)
    0x080063bd   0x080063bd   0x00000003   PAD
    0x080063c0   0x080063c0   0x00000040   Data   RO         4190    .constdata          m_ws.l(logf.o)
    0x08006400   0x08006400   0x00000094   Data   RO         4287    .constdata          c_w.l(bigflt0.o)
    0x08006494   0x08006494   0x00000051   Data   RO         3965    .conststring        handle_cmd.o
    0x080064e5   0x080064e5   0x00000003   PAD
    0x080064e8   0x080064e8   0x00000020   Data   RO         4469    Region$$Table       anon$$obj.o
    0x08006508   0x08006508   0x0000001c   Data   RO         4311    locale$$data        c_w.l(lc_numeric_c.o)
    0x08006524   0x08006524   0x00000110   Data   RO         4330    locale$$data        c_w.l(lc_ctype_c.o)


    Execution Region RW_IRAM1 (Exec base: 0x20000000, Load base: 0x08006634, Size: 0x000009b8, Max: 0x00005000, ABSOLUTE)

    Exec Addr    Load Addr    Size         Type   Attr      Idx    E Section Name        Object

    0x20000000   0x08006634   0x00000010   Data   RW           33    .data               main.o
    0x20000010   0x08006644   0x0000000c   Data   RW          749    .data               stm32f1xx_hal.o
    0x2000001c   0x08006650   0x00000004   Data   RW         3478    .data               system_stm32f1xx.o
    0x20000020   0x08006654   0x00000003   Data   RW         3516    .data               ina219_manager.o
    0x20000023   0x08006657   0x00000001   PAD
    0x20000024   0x08006658   0x00000008   Data   RW         3577    .data               ina219.o
    0x2000002c   0x08006660   0x00000004   Data   RW         3787    .data               servo_control.o
    0x20000030   0x08006664   0x00000008   Data   RW         3905    .data               uart_dn.o
    0x20000038        -       0x00000198   Zero   RW           27    .bss                main.o
    0x200001d0        -       0x00000018   Zero   RW         3515    .bss                ina219_manager.o
    0x200001e8        -       0x00000030   Zero   RW         3726    .bss                battery_control.o
    0x20000218        -       0x00000030   Zero   RW         3786    .bss                servo_control.o
    0x20000248        -       0x00000110   Zero   RW         3904    .bss                uart_dn.o
    0x20000358        -       0x00000060   Zero   RW         4254    .bss                c_w.l(libspace.o)
    0x200003b8        -       0x00000200   Zero   RW            2    HEAP                startup_stm32f103xb.o
    0x200005b8        -       0x00000400   Zero   RW            1    STACK               startup_stm32f103xb.o


==============================================================================

Image component sizes


      Code (inc. data)   RO Data    RW Data    ZI Data      Debug   Object Name

       192         12          0          0         48       3771   battery_control.o
       180         22          0          0          0       1520   battery_diagnostics.o
       686        212        169          0          0       9015   handle_cmd.o
       426         22          0          8          0       8002   ina219.o
       200         36          0          3         24       5510   ina219_manager.o
      2878        270         12         16        408     471578   main.o
       204         38          0          0          0       1224   ntc_sensor.o
       102          0          0          0          0       2632   ringbuffer.o
       378         44          0          4         48       4604   servo_control.o
        64         26        236          0       1536        800   startup_stm32f103xb.o
       164         28          0         12          0       5825   stm32f1xx_hal.o
      1312         54          0          0          0       7139   stm32f1xx_hal_adc.o
       216          6          0          0          0       1414   stm32f1xx_hal_adc_ex.o
       232         14          0          0          0      29533   stm32f1xx_hal_cortex.o
       222          4          0          0          0       1739   stm32f1xx_hal_dma.o
       506         34          0          0          0       3457   stm32f1xx_hal_gpio.o
      2746         66          0          0          0      14298   stm32f1xx_hal_i2c.o
       536         68          0          0          0       4150   stm32f1xx_hal_msp.o
      1240         84         18          0          0       5052   stm32f1xx_hal_rcc.o
       400         28         18          0          0       2441   stm32f1xx_hal_rcc_ex.o
      1338         44          0          0          0      12176   stm32f1xx_hal_tim.o
       104         12          0          0          0       1336   stm32f1xx_hal_tim_ex.o
      1554         10          0          0          0      10812   stm32f1xx_hal_uart.o
        32          6          0          0          0       4206   stm32f1xx_it.o
         2          0         24          4          0       1083   system_stm32f1xx.o
       284         46          0          8        272       3673   uart_dn.o

    ----------------------------------------------------------------------
     16246       1186        512         56       2336     616990   Object Totals
         0          0         32          0          0          0   (incl. Generated)
        48          0          3          1          0          0   (incl. Padding)

    ----------------------------------------------------------------------

      Code (inc. data)   RO Data    RW Data    ZI Data      Debug   Library Member Name

         8          0          0          0          0         68   __main.o
       392          4         17          0          0         92   __printf_flags_ss_wp.o
        14          0          0          0          0         68   __printf_wp.o
         0          0          0          0          0          0   __rtentry.o
        12          0          0          0          0          0   __rtentry2.o
         6          0          0          0          0          0   __rtentry4.o
        52          8          0          0          0          0   __scatter.o
        26          0          0          0          0          0   __scatter_copy.o
        28          0          0          0          0          0   __scatter_zi.o
        28          0          0          0          0         68   _chval.o
         6          0          0          0          0          0   _printf_c.o
        44          0          0          0          0        108   _printf_char.o
        48          6          0          0          0         96   _printf_char_common.o
         6          0          0          0          0          0   _printf_d.o
       120         16          0          0          0         92   _printf_dec.o
         6          0          0          0          0          0   _printf_f.o
      1054          0          0          0          0        216   _printf_fp_dec.o
       128         16          0          0          0         84   _printf_fp_infnan.o
        88          4         40          0          0         88   _printf_hex_int.o
         6          0          0          0          0          0   _printf_i.o
       178          0          0          0          0         88   _printf_intcommon.o
        10          0          0          0          0          0   _printf_l.o
         6          0          0          0          0          0   _printf_lc.o
         6          0          0          0          0          0   _printf_o.o
        80          8          0          0          0         88   _printf_oct_int.o
        78          0          0          0          0        108   _printf_pad.o
         0          0          0          0          0          0   _printf_percent.o
         4          0          0          0          0          0   _printf_percent_end.o
         6          0          0          0          0          0   _printf_s.o
        82          0          0          0          0         80   _printf_str.o
        36          0          0          0          0         84   _printf_truncate.o
         6          0          0          0          0          0   _printf_u.o
        44          0          0          0          0        108   _printf_wchar.o
       188          6          8          0          0         92   _printf_wctomb.o
         6          0          0          0          0          0   _printf_x.o
        22          0          0          0          0        100   _rserrno.o
        10          0          0          0          0         68   _sputc.o
       158          0          0          0          0         92   _strtoul.o
        64          0          0          0          0         92   _wcrtomb.o
        26          0          0          0          0         80   atoi.o
       228          4        148          0          0         96   bigflt0.o
      1936        128          0          0          0        672   btod.o
        18          0          0          0          0         80   exit.o
         6          0          0          0          0        152   heapauxi.o
         0          0          0          0          0          0   indicate_semi.o
        44         10        272          0          0         76   lc_ctype_c.o
        44         10         28          0          0         76   lc_numeric_c.o
         2          0          0          0          0          0   libinit.o
        30          0          0          0          0          0   libinit2.o
         2          0          0          0          0          0   libshutdown.o
         2          0          0          0          0          0   libshutdown2.o
         8          4          0          0         96         68   libspace.o
       138          0          0          0          0         80   lludiv10.o
        40          6          0          0          0         84   noretval__2sprintf.o
        16          4          0          0          0         76   rt_ctype_table.o
         8          4          0          0          0         68   rt_errno_addr_intlibspace.o
         8          4          0          0          0         68   rt_locale_intlibspace.o
        78          0          0          0          0         80   rt_memclr_w.o
       100          0          0          0          0         80   rt_memcpy_w.o
         2          0          0          0          0          0   rtexit.o
        10          0          0          0          0          0   rtexit2.o
       128          0          0          0          0         68   strcmpv7m.o
        72          0          0          0          0         80   strcpy.o
        32          0          0          0          0         80   strcspn.o
        62          0          0          0          0         76   strlen.o
        28          0          0          0          0         80   strspn.o
        68          4          0          0          0         84   strtok_int.o
         4          0          0          0          0         68   strtok_r.o
       112          0          0          0          0         88   strtol.o
        12          4          0          0          0         68   sys_exit.o
        74          0          0          0          0         80   sys_stackheap_outer.o
         2          0          0          0          0         68   use_no_semi.o
        12          0          0          0          0         68   dretinf.o
        86          4          0          0          0         84   f2d.o
       430          8          0          0          0        168   faddsub_clz.o
        12          4          0          0          0         68   fcheck1.o
        24          0          0          0          0         68   fcmpi.o
       388         76          0          0          0         96   fdiv.o
        62          4          0          0          0         84   ffixu.o
        86          0          0          0          0        136   fflt_clz.o
       104          4          0          0          0         84   fleqf.o
       258          4          0          0          0         84   fmul.o
       140          4          0          0          0         84   fnaninf.o
        10          0          0          0          0         68   fretinf.o
        98          0          0          0          0         68   frleqf.o
         4          0          0          0          0         68   printf1.o
       100          0          0          0          0         68   retnan.o
        76          0          0          0          0         68   scalbnf.o
        48          0          0          0          0         68   trapv.o
         0          0          0          0          0          0   usenofp.o
        40          0          0          0          0         68   fpclassify.o
        24          0          0          0          0        204   funder.o
       400         38         64          0          0        132   logf.o

    ----------------------------------------------------------------------
      8826        396        580          0         96       6492   Library Totals
        28          0          3          0          0          0   (incl. Padding)

    ----------------------------------------------------------------------

      Code (inc. data)   RO Data    RW Data    ZI Data      Debug   Library Name

      6396        250        513          0         96       4656   c_w.l
      1938        108          0          0          0       1432   fz_ws.l
       464         38         64          0          0        404   m_ws.l

    ----------------------------------------------------------------------
      8826        396        580          0         96       6492   Library Totals

    ----------------------------------------------------------------------

==============================================================================


      Code (inc. data)   RO Data    RW Data    ZI Data      Debug   

     25072       1582       1092         56       2432     611986   Grand Totals
     25072       1582       1092         56       2432     611986   ELF Image Totals
     25072       1582       1092         56          0          0   ROM Totals

==============================================================================

    Total RO  Size (Code + RO Data)                26164 (  25.55kB)
    Total RW  Size (RW Data + ZI Data)              2488 (   2.43kB)
    Total ROM Size (Code + RO Data + RW Data)      26220 (  25.61kB)

==============================================================================

